Archive member included to satisfy reference by file (symbol)

/usr/lib/gcc/arm-none-eabi/11.3.0/thumb/v6-m/nofp/libgcc.a(_dvmd_tls.o)
                              CMakeFiles/kernel.dir/usr/share/pico-sdk/src/rp2_common/pico_divider/divider.S.obj (__aeabi_idiv0)
/usr/lib/gcc/arm-none-eabi/11.3.0/../../../../arm-none-eabi/lib/thumb/v6-m/nofp/libc.a(lib_a-atexit.o)
                              /usr/lib/gcc/arm-none-eabi/11.3.0/../../../../arm-none-eabi/lib/thumb/v6-m/nofp/crt0.o (atexit)
/usr/lib/gcc/arm-none-eabi/11.3.0/../../../../arm-none-eabi/lib/thumb/v6-m/nofp/libc.a(lib_a-calloc.o)
                              CMakeFiles/kernel.dir/usr/share/pico-sdk/src/rp2_common/pico_malloc/pico_malloc.c.obj (calloc)
/usr/lib/gcc/arm-none-eabi/11.3.0/../../../../arm-none-eabi/lib/thumb/v6-m/nofp/libc.a(lib_a-callocr.o)
                              /usr/lib/gcc/arm-none-eabi/11.3.0/../../../../arm-none-eabi/lib/thumb/v6-m/nofp/libc.a(lib_a-calloc.o) (_calloc_r)
/usr/lib/gcc/arm-none-eabi/11.3.0/../../../../arm-none-eabi/lib/thumb/v6-m/nofp/libc.a(lib_a-errno.o)
                              /usr/lib/gcc/arm-none-eabi/11.3.0/../../../../arm-none-eabi/lib/thumb/v6-m/nofp/libc.a(lib_a-callocr.o) (__errno)
/usr/lib/gcc/arm-none-eabi/11.3.0/../../../../arm-none-eabi/lib/thumb/v6-m/nofp/libc.a(lib_a-fini.o)
                              /usr/lib/gcc/arm-none-eabi/11.3.0/../../../../arm-none-eabi/lib/thumb/v6-m/nofp/crt0.o (__libc_fini_array)
/usr/lib/gcc/arm-none-eabi/11.3.0/../../../../arm-none-eabi/lib/thumb/v6-m/nofp/libc.a(lib_a-impure.o)
                              /usr/lib/gcc/arm-none-eabi/11.3.0/../../../../arm-none-eabi/lib/thumb/v6-m/nofp/libc.a(lib_a-calloc.o) (_impure_ptr)
/usr/lib/gcc/arm-none-eabi/11.3.0/../../../../arm-none-eabi/lib/thumb/v6-m/nofp/libc.a(lib_a-init.o)
                              /usr/lib/gcc/arm-none-eabi/11.3.0/../../../../arm-none-eabi/lib/thumb/v6-m/nofp/crt0.o (__libc_init_array)
/usr/lib/gcc/arm-none-eabi/11.3.0/../../../../arm-none-eabi/lib/thumb/v6-m/nofp/libc.a(lib_a-malloc.o)
                              CMakeFiles/kernel.dir/usr/share/pico-sdk/src/rp2_common/pico_malloc/pico_malloc.c.obj (malloc)
/usr/lib/gcc/arm-none-eabi/11.3.0/../../../../arm-none-eabi/lib/thumb/v6-m/nofp/libc.a(lib_a-mallocr.o)
                              /usr/lib/gcc/arm-none-eabi/11.3.0/../../../../arm-none-eabi/lib/thumb/v6-m/nofp/libc.a(lib_a-callocr.o) (_malloc_r)
/usr/lib/gcc/arm-none-eabi/11.3.0/../../../../arm-none-eabi/lib/thumb/v6-m/nofp/libc.a(lib_a-mlock.o)
                              /usr/lib/gcc/arm-none-eabi/11.3.0/../../../../arm-none-eabi/lib/thumb/v6-m/nofp/libc.a(lib_a-mallocr.o) (__malloc_lock)
/usr/lib/gcc/arm-none-eabi/11.3.0/../../../../arm-none-eabi/lib/thumb/v6-m/nofp/libc.a(lib_a-sbrkr.o)
                              /usr/lib/gcc/arm-none-eabi/11.3.0/../../../../arm-none-eabi/lib/thumb/v6-m/nofp/libc.a(lib_a-mallocr.o) (_sbrk_r)
/usr/lib/gcc/arm-none-eabi/11.3.0/../../../../arm-none-eabi/lib/thumb/v6-m/nofp/libc.a(lib_a-strlen-stub.o)
                              CMakeFiles/kernel.dir/usr/share/pico-sdk/src/rp2_common/pico_stdio/stdio.c.obj (strlen)
/usr/lib/gcc/arm-none-eabi/11.3.0/../../../../arm-none-eabi/lib/thumb/v6-m/nofp/libc.a(lib_a-__atexit.o)
                              /usr/lib/gcc/arm-none-eabi/11.3.0/../../../../arm-none-eabi/lib/thumb/v6-m/nofp/libc.a(lib_a-atexit.o) (__register_exitproc)
/usr/lib/gcc/arm-none-eabi/11.3.0/../../../../arm-none-eabi/lib/thumb/v6-m/nofp/libc.a(lib_a-__call_atexit.o)
                              /usr/lib/gcc/arm-none-eabi/11.3.0/../../../../arm-none-eabi/lib/thumb/v6-m/nofp/libc.a(lib_a-__atexit.o) (__atexit_recursive_mutex)
/usr/lib/gcc/arm-none-eabi/11.3.0/../../../../arm-none-eabi/lib/thumb/v6-m/nofp/libc.a(lib_a-freer.o)
                              /usr/lib/gcc/arm-none-eabi/11.3.0/../../../../arm-none-eabi/lib/thumb/v6-m/nofp/libc.a(lib_a-malloc.o) (_free_r)
/usr/lib/gcc/arm-none-eabi/11.3.0/../../../../arm-none-eabi/lib/thumb/v6-m/nofp/libc.a(lib_a-lock.o)
                              /usr/lib/gcc/arm-none-eabi/11.3.0/../../../../arm-none-eabi/lib/thumb/v6-m/nofp/libc.a(lib_a-mlock.o) (__retarget_lock_acquire_recursive)
/usr/lib/gcc/arm-none-eabi/11.3.0/../../../../arm-none-eabi/lib/thumb/v6-m/nofp/libc.a(lib_a-reent.o)
                              /usr/lib/gcc/arm-none-eabi/11.3.0/../../../../arm-none-eabi/lib/thumb/v6-m/nofp/libc.a(lib_a-sbrkr.o) (errno)

Discarded input sections

 .text          0x0000000000000000        0x0 /usr/lib/gcc/arm-none-eabi/11.3.0/thumb/v6-m/nofp/crti.o
 .data          0x0000000000000000        0x0 /usr/lib/gcc/arm-none-eabi/11.3.0/thumb/v6-m/nofp/crti.o
 .bss           0x0000000000000000        0x0 /usr/lib/gcc/arm-none-eabi/11.3.0/thumb/v6-m/nofp/crti.o
 .text          0x0000000000000000        0x0 /usr/lib/gcc/arm-none-eabi/11.3.0/thumb/v6-m/nofp/crtbegin.o
 .data          0x0000000000000000        0x0 /usr/lib/gcc/arm-none-eabi/11.3.0/thumb/v6-m/nofp/crtbegin.o
[...]
Memory Configuration

Name             Origin             Length             Attributes
FLASH            0x0000000010000000 0x0000000000200000 xr
RAM              0x0000000020000000 0x0000000000040000 xrw
SCRATCH_X        0x0000000020040000 0x0000000000001000 xrw
SCRATCH_Y        0x0000000020041000 0x0000000000001000 xrw
*default*        0x0000000000000000 0xffffffffffffffff

Linker script and memory map

LOAD /usr/lib/gcc/arm-none-eabi/11.3.0/thumb/v6-m/nofp/crti.o
LOAD /usr/lib/gcc/arm-none-eabi/11.3.0/thumb/v6-m/nofp/crtbegin.o
LOAD /usr/lib/gcc/arm-none-eabi/11.3.0/../../../../arm-none-eabi/lib/thumb/v6-m/nofp/crt0.o

.flash_begin    0x0000000010000000        0x0
                0x0000000010000000                __flash_binary_start = .

.boot2          0x0000000010000000      0x100
                0x0000000010000000                __boot2_start__ = .
 *(.boot2)
 .boot2         0x0000000010000000      0x100 /tmp/ccAQ8Rre.o
                0x0000000010000100                __boot2_end__ = .
                0x0000000000000001                ASSERT (((__boot2_end__ - __boot2_start__) == 0x100), ERROR: Pico second stage bootloader must be 256 bytes in size)

.text           0x0000000010000100     0x6c00
                0x0000000010000100                __logical_binary_start = .
 *(.vectors)
 .vectors       0x0000000010000100       0xd4 CMakeFiles/kernel.dir/usr/share/pico-sdk/src/rp2_common/pico_standard_link/crt0.S.obj
                0x0000000010000100                __vectors
                0x0000000010000100                __VECTOR_TABLE
                0x00000000100001c0                isr_invalid
                0x00000000100001c0                __default_isrs_start
                0x00000000100001c2                isr_nmi
                0x00000000100001c4                isr_hardfault
                0x00000000100001c6                isr_svcall
                0x00000000100001c8                isr_pendsv
                0x00000000100001ca                isr_systick
                0x00000000100001cc                isr_irq30
                0x00000000100001cc                __unhandled_user_irq
                0x00000000100001cc                isr_irq13
                0x00000000100001cc                isr_irq27
                0x00000000100001cc                isr_irq31
                0x00000000100001cc                isr_irq5
                0x00000000100001cc                isr_irq11
                0x00000000100001cc                isr_irq23
                0x00000000100001cc                isr_irq18
                0x00000000100001cc                isr_irq28
                0x00000000100001cc                isr_irq19
                0x00000000100001cc                isr_irq0
                0x00000000100001cc                isr_irq6
                0x00000000100001cc                isr_irq22
                0x00000000100001cc                isr_irq17
                0x00000000100001cc                isr_irq14
                0x00000000100001cc                isr_irq2
                0x00000000100001cc                isr_irq10
                0x00000000100001cc                isr_irq8
                0x00000000100001cc                isr_irq24
                0x00000000100001cc                isr_irq1
                0x00000000100001cc                isr_irq7
                0x00000000100001cc                isr_irq21
                0x00000000100001cc                isr_irq20
                0x00000000100001cc                isr_irq15
                0x00000000100001cc                isr_irq25
                0x00000000100001cc                isr_irq4
                0x00000000100001cc                isr_irq16
                0x00000000100001cc                isr_irq29
                0x00000000100001cc                isr_irq26
                0x00000000100001cc                __default_isrs_end
                0x00000000100001cc                isr_irq3
                0x00000000100001cc                isr_irq12
                0x00000000100001cc                isr_irq9
                0x00000000100001d2                unhandled_user_irq_num_in_r0
 *(.binary_info_header)
 .binary_info_header
                0x00000000100001d4       0x14 CMakeFiles/kernel.dir/usr/share/pico-sdk/src/rp2_common/pico_standard_link/crt0.S.obj
                0x00000000100001e8                __binary_info_header_end = .
 *(.reset)
 .reset         0x00000000100001e8       0xa8 CMakeFiles/kernel.dir/usr/share/pico-sdk/src/rp2_common/pico_standard_link/crt0.S.obj
                0x00000000100001e8                _entry_point
                0x0000000010000266                __get_current_exception
 .reset         0x0000000010000290       0x30 CMakeFiles/kernel.dir/usr/share/pico-sdk/src/rp2_common/pico_standard_link/binary_info.c.obj
 *(.init)
 .init          0x00000000100002c0        0x4 /usr/lib/gcc/arm-none-eabi/11.3.0/thumb/v6-m/nofp/crti.o
                0x00000000100002c0                _init
 *(EXCLUDE_FILE(*libm.a: *libc.a:*lib_a-mem*.o *libgcc.a:) .text*)
 .text.frame_dummy
                0x00000000100002c4       0x20 /usr/lib/gcc/arm-none-eabi/11.3.0/thumb/v6-m/nofp/crtbegin.o
 .text.startup.main
                0x00000000100002e4       0x18 CMakeFiles/kernel.dir/kernel.c.obj
                0x00000000100002e4                main
 .text.hw_claim_or_assert
                0x00000000100002fc       0x44 CMakeFiles/kernel.dir/usr/share/pico-sdk/src/rp2_common/hardware_claim/claim.c.obj
                0x00000000100002fc                hw_claim_or_assert
 .text.hw_claim_unused_from_range
                0x0000000010000340       0x9c CMakeFiles/kernel.dir/usr/share/pico-sdk/src/rp2_common/hardware_claim/claim.c.obj
                0x0000000010000340                hw_claim_unused_from_range
 .text.running_on_fpga
                0x00000000100003dc       0x10 CMakeFiles/kernel.dir/usr/share/pico-sdk/src/rp2_common/pico_platform/platform.c.obj
                0x00000000100003dc                running_on_fpga
 .text.spin_locks_reset
                0x00000000100003ec       0x1c CMakeFiles/kernel.dir/usr/share/pico-sdk/src/rp2_common/hardware_sync/sync.c.obj
                0x00000000100003ec                spin_locks_reset
 .text.next_striped_spin_lock_num
                0x0000000010000408       0x18 CMakeFiles/kernel.dir/usr/share/pico-sdk/src/rp2_common/hardware_sync/sync.c.obj
                0x0000000010000408                next_striped_spin_lock_num
 .text.spin_lock_claim_unused
                0x0000000010000420       0x24 CMakeFiles/kernel.dir/usr/share/pico-sdk/src/rp2_common/hardware_sync/sync.c.obj
                0x0000000010000420                spin_lock_claim_unused
 .text.timer_pool_entry_comparator
                0x0000000010000444       0x34 CMakeFiles/kernel.dir/usr/share/pico-sdk/src/common/pico_time/time.c.obj
                0x0000000010000444                timer_pool_entry_comparator
 .text.sleep_until_callback
                0x0000000010000478       0x30 CMakeFiles/kernel.dir/usr/share/pico-sdk/src/common/pico_time/time.c.obj
 .text.add_alarm_under_lock.isra.0
                0x00000000100004a8       0xfc CMakeFiles/kernel.dir/usr/share/pico-sdk/src/common/pico_time/time.c.obj
 .text.alarm_pool_alarm_callback
                0x00000000100005a4      0x1c8 CMakeFiles/kernel.dir/usr/share/pico-sdk/src/common/pico_time/time.c.obj
 .text.alarm_pool_add_alarm_at.constprop.0
                0x000000001000076c      0x114 CMakeFiles/kernel.dir/usr/share/pico-sdk/src/common/pico_time/time.c.obj
 .text.alarm_pool_init_default
                0x0000000010000880       0x64 CMakeFiles/kernel.dir/usr/share/pico-sdk/src/common/pico_time/time.c.obj
                0x0000000010000880                alarm_pool_init_default
 .text.alarm_pool_get_default
                0x00000000100008e4        0x8 CMakeFiles/kernel.dir/usr/share/pico-sdk/src/common/pico_time/time.c.obj
                0x00000000100008e4                alarm_pool_get_default
 .text.alarm_pool_add_alarm_at
                0x00000000100008ec      0x198 CMakeFiles/kernel.dir/usr/share/pico-sdk/src/common/pico_time/time.c.obj
                0x00000000100008ec                alarm_pool_add_alarm_at
 .text.best_effort_wfe_or_timeout
                0x0000000010000a84       0xac CMakeFiles/kernel.dir/usr/share/pico-sdk/src/common/pico_time/time.c.obj
                0x0000000010000a84                best_effort_wfe_or_timeout
 .text.hardware_alarm_irq_handler
                0x0000000010000b30       0xb8 CMakeFiles/kernel.dir/usr/share/pico-sdk/src/rp2_common/hardware_timer/timer.c.obj
 .text.hardware_alarm_claim
                0x0000000010000be8       0x18 CMakeFiles/kernel.dir/usr/share/pico-sdk/src/rp2_common/hardware_timer/timer.c.obj
                0x0000000010000be8                hardware_alarm_claim
 .text.time_us_64
                0x0000000010000c00       0x14 CMakeFiles/kernel.dir/usr/share/pico-sdk/src/rp2_common/hardware_timer/timer.c.obj
                0x0000000010000c00                time_us_64
 .text.hardware_alarm_set_callback
                0x0000000010000c14       0x8c CMakeFiles/kernel.dir/usr/share/pico-sdk/src/rp2_common/hardware_timer/timer.c.obj
                0x0000000010000c14                hardware_alarm_set_callback
 .text.hardware_alarm_set_target
                0x0000000010000ca0       0xe0 CMakeFiles/kernel.dir/usr/share/pico-sdk/src/rp2_common/hardware_timer/timer.c.obj
                0x0000000010000ca0                hardware_alarm_set_target
 .text.hardware_alarm_cancel
                0x0000000010000d80       0x3c CMakeFiles/kernel.dir/usr/share/pico-sdk/src/rp2_common/hardware_timer/timer.c.obj
                0x0000000010000d80                hardware_alarm_cancel
 .text.lock_init
                0x0000000010000dbc       0x10 CMakeFiles/kernel.dir/usr/share/pico-sdk/src/common/pico_sync/lock_core.c.obj
                0x0000000010000dbc                lock_init
 .text.mutex_init
                0x0000000010000dcc       0x1c CMakeFiles/kernel.dir/usr/share/pico-sdk/src/common/pico_sync/mutex.c.obj
                0x0000000010000dcc                mutex_init
 .text.recursive_mutex_init
                0x0000000010000de8       0x1c CMakeFiles/kernel.dir/usr/share/pico-sdk/src/common/pico_sync/mutex.c.obj
                0x0000000010000de8                recursive_mutex_init
 .text.critical_section_init
                0x0000000010000e04       0x20 CMakeFiles/kernel.dir/usr/share/pico-sdk/src/common/pico_sync/critical_section.c.obj
                0x0000000010000e04                critical_section_init
 .text.ph_merge_nodes
                0x0000000010000e24       0x5c CMakeFiles/kernel.dir/usr/share/pico-sdk/src/common/pico_util/pheap.c.obj
 .text.ph_post_alloc_init
                0x0000000010000e80       0x3c CMakeFiles/kernel.dir/usr/share/pico-sdk/src/common/pico_util/pheap.c.obj
                0x0000000010000e80                ph_post_alloc_init
 .text.ph_merge_two_pass
                0x0000000010000ebc       0x90 CMakeFiles/kernel.dir/usr/share/pico-sdk/src/common/pico_util/pheap.c.obj
                0x0000000010000ebc                ph_merge_two_pass
 .text.ph_remove_any_head
                0x0000000010000f4c       0xf8 CMakeFiles/kernel.dir/usr/share/pico-sdk/src/common/pico_util/pheap.c.obj
 .text.ph_remove_head
                0x0000000010001044       0xfc CMakeFiles/kernel.dir/usr/share/pico-sdk/src/common/pico_util/pheap.c.obj
                0x0000000010001044                ph_remove_head
 .text.ph_remove_and_free_node
                0x0000000010001140       0x7c CMakeFiles/kernel.dir/usr/share/pico-sdk/src/common/pico_util/pheap.c.obj
                0x0000000010001140                ph_remove_and_free_node
 .text.runtime_init
                0x00000000100011bc       0xec CMakeFiles/kernel.dir/usr/share/pico-sdk/src/rp2_common/pico_runtime/runtime.c.obj
                0x00000000100011bc                runtime_init
 .text.exit     0x00000000100012a8        0x4 CMakeFiles/kernel.dir/usr/share/pico-sdk/src/rp2_common/pico_runtime/runtime.c.obj
                0x00000000100012a8                exit
 .text.panic    0x00000000100012ac       0x30 CMakeFiles/kernel.dir/usr/share/pico-sdk/src/rp2_common/pico_runtime/runtime.c.obj
                0x00000000100012ac                panic
 .text.hard_assertion_failure
                0x00000000100012dc        0xc CMakeFiles/kernel.dir/usr/share/pico-sdk/src/rp2_common/pico_runtime/runtime.c.obj
                0x00000000100012dc                hard_assertion_failure
 .text.clocks_init
                0x00000000100012e8      0x2b0 CMakeFiles/kernel.dir/usr/share/pico-sdk/src/rp2_common/hardware_clocks/clocks.c.obj
                0x00000000100012e8                clocks_init
 .text.irq_set_enabled
                0x0000000010001598       0x24 CMakeFiles/kernel.dir/usr/share/pico-sdk/src/rp2_common/hardware_irq/irq.c.obj
                0x0000000010001598                irq_set_enabled
 .text.irq_set_pending
                0x00000000100015bc       0x10 CMakeFiles/kernel.dir/usr/share/pico-sdk/src/rp2_common/hardware_irq/irq.c.obj
                0x00000000100015bc                irq_set_pending
 .text.irq_get_vtable_handler
                0x00000000100015cc       0x10 CMakeFiles/kernel.dir/usr/share/pico-sdk/src/rp2_common/hardware_irq/irq.c.obj
                0x00000000100015cc                irq_get_vtable_handler
 .text.irq_set_exclusive_handler
                0x00000000100015dc       0x54 CMakeFiles/kernel.dir/usr/share/pico-sdk/src/rp2_common/hardware_irq/irq.c.obj
                0x00000000100015dc                irq_set_exclusive_handler
 .text.irq_remove_handler
                0x0000000010001630      0x1bc CMakeFiles/kernel.dir/usr/share/pico-sdk/src/rp2_common/hardware_irq/irq.c.obj
                0x0000000010001630                irq_remove_handler
 .text.irq_add_tail_to_free_list
                0x00000000100017ec       0xb4 CMakeFiles/kernel.dir/usr/share/pico-sdk/src/rp2_common/hardware_irq/irq.c.obj
                0x00000000100017ec                irq_add_tail_to_free_list
 .text.irq_init_priorities
                0x00000000100018a0       0x24 CMakeFiles/kernel.dir/usr/share/pico-sdk/src/rp2_common/hardware_irq/irq.c.obj
                0x00000000100018a0                irq_init_priorities
 .text.pll_init
                0x00000000100018c4       0xa0 CMakeFiles/kernel.dir/usr/share/pico-sdk/src/rp2_common/hardware_pll/pll.c.obj
                0x00000000100018c4                pll_init
 .text.watchdog_start_tick
                0x0000000010001964       0x10 CMakeFiles/kernel.dir/usr/share/pico-sdk/src/rp2_common/hardware_watchdog/watchdog.c.obj
                0x0000000010001964                watchdog_start_tick
 .text.watchdog_reboot
                0x0000000010001974       0x9c CMakeFiles/kernel.dir/usr/share/pico-sdk/src/rp2_common/hardware_watchdog/watchdog.c.obj
                0x0000000010001974                watchdog_reboot
 .text.xosc_init
                0x0000000010001a10       0x28 CMakeFiles/kernel.dir/usr/share/pico-sdk/src/rp2_common/hardware_xosc/xosc.c.obj
                0x0000000010001a10                xosc_init
 .text._out_null
                0x0000000010001a38        0x4 CMakeFiles/kernel.dir/usr/share/pico-sdk/src/rp2_common/pico_printf/printf.c.obj
 .text._out_rev
                0x0000000010001a3c       0x90 CMakeFiles/kernel.dir/usr/share/pico-sdk/src/rp2_common/pico_printf/printf.c.obj
 .text._ntoa_format
                0x0000000010001acc      0x1c0 CMakeFiles/kernel.dir/usr/share/pico-sdk/src/rp2_common/pico_printf/printf.c.obj
 .text._out_char
                0x0000000010001c8c       0x10 CMakeFiles/kernel.dir/usr/share/pico-sdk/src/rp2_common/pico_printf/printf.c.obj
 .text._out_fct
                0x0000000010001c9c       0x10 CMakeFiles/kernel.dir/usr/share/pico-sdk/src/rp2_common/pico_printf/printf.c.obj
 .text._etoa    0x0000000010001cac      0x454 CMakeFiles/kernel.dir/usr/share/pico-sdk/src/rp2_common/pico_printf/printf.c.obj
 .text._ftoa    0x0000000010002100      0x3d0 CMakeFiles/kernel.dir/usr/share/pico-sdk/src/rp2_common/pico_printf/printf.c.obj
 .text._vsnprintf
                0x00000000100024d0      0xb70 CMakeFiles/kernel.dir/usr/share/pico-sdk/src/rp2_common/pico_printf/printf.c.obj
 .text.vfctprintf
                0x0000000010003040       0x20 CMakeFiles/kernel.dir/usr/share/pico-sdk/src/rp2_common/pico_printf/printf.c.obj
                0x0000000010003040                vfctprintf
 .text.weak_raw_vprintf
                0x0000000010003060       0x30 CMakeFiles/kernel.dir/usr/share/pico-sdk/src/rp2_common/pico_printf/printf.c.obj
                0x0000000010003060                weak_raw_vprintf
 .text          0x0000000010003090       0x10 CMakeFiles/kernel.dir/usr/share/pico-sdk/src/rp2_common/pico_bit_ops/bit_ops_aeabi.S.obj
 .text.rom_func_lookup
                0x00000000100030a0       0x10 CMakeFiles/kernel.dir/usr/share/pico-sdk/src/rp2_common/pico_bootrom/bootrom.c.obj
                0x00000000100030a0                rom_func_lookup
 .text.rom_data_lookup
                0x00000000100030b0       0x10 CMakeFiles/kernel.dir/usr/share/pico-sdk/src/rp2_common/pico_bootrom/bootrom.c.obj
                0x00000000100030b0                rom_data_lookup
 .text.rom_funcs_lookup
                0x00000000100030c0       0x44 CMakeFiles/kernel.dir/usr/share/pico-sdk/src/rp2_common/pico_bootrom/bootrom.c.obj
                0x00000000100030c0                rom_funcs_lookup
 .text.__wrap___aeabi_idiv
                0x0000000010003104       0x50 CMakeFiles/kernel.dir/usr/share/pico-sdk/src/rp2_common/pico_divider/divider.S.obj
                0x0000000010003104                __wrap___aeabi_idivmod
                0x0000000010003104                divmod_s32s32
                0x0000000010003104                div_s32s32
                0x0000000010003104                __wrap___aeabi_idiv
                0x000000001000310c                divmod_s32s32_unsafe
                0x0000000010003138                divmod_s32s32_savestate
 .text.__wrap___aeabi_uidiv
                0x0000000010003154       0x4c CMakeFiles/kernel.dir/usr/share/pico-sdk/src/rp2_common/pico_divider/divider.S.obj
                0x0000000010003154                __wrap___aeabi_uidiv
                0x0000000010003154                __wrap___aeabi_uidivmod
                0x0000000010003154                div_u32u32
                0x0000000010003154                divmod_u32u32
                0x000000001000315c                divmod_u32u32_unsafe
                0x0000000010003184                divmod_u32u32_savestate
 .text.__wrap___aeabi_ldiv
                0x00000000100031a0      0x434 CMakeFiles/kernel.dir/usr/share/pico-sdk/src/rp2_common/pico_divider/divider.S.obj
                0x00000000100031a0                div_s64s64
                0x00000000100031a0                divmod_s64s64
                0x00000000100031a0                __wrap___aeabi_ldivmod
                0x00000000100031d8                div_u64u64
                0x00000000100031d8                divmod_u64u64
                0x00000000100031d8                __wrap___aeabi_uldivmod
                0x00000000100031e8                divmod_u64u64_savestate
                0x0000000010003210                divmod_s64s64_unsafe
                0x0000000010003298                divmod_u64u64_unsafe
 .text.__wrap___aeabi_darithmetic
                0x00000000100035d4       0x80 CMakeFiles/kernel.dir/usr/share/pico-sdk/src/rp2_common/pico_double/double_aeabi.S.obj
                0x00000000100035d4                __wrap___aeabi_drsub
                0x00000000100035da                __wrap___aeabi_dsub
                0x00000000100035ec                __wrap___aeabi_dadd
                0x00000000100035fe                __wrap___aeabi_ddiv
                0x000000001000363a                __wrap___aeabi_dmul
 .text.__wrap___aeabi_cdcmple
                0x0000000010003654       0x6c CMakeFiles/kernel.dir/usr/share/pico-sdk/src/rp2_common/pico_double/double_aeabi.S.obj
                0x0000000010003654                __wrap___aeabi_cdrcmple
                0x0000000010003664                __wrap___aeabi_cdcmple
                0x0000000010003664                __wrap___aeabi_cdcmpeq
 .text.__wrap___aeabi_dcmplt
                0x00000000100036c0        0xc CMakeFiles/kernel.dir/usr/share/pico-sdk/src/rp2_common/pico_double/double_aeabi.S.obj
                0x00000000100036c0                __wrap___aeabi_dcmplt
 .text.__wrap___aeabi_dcmple
                0x00000000100036cc       0x10 CMakeFiles/kernel.dir/usr/share/pico-sdk/src/rp2_common/pico_double/double_aeabi.S.obj
                0x00000000100036cc                __wrap___aeabi_dcmple
 .text.__wrap___aeabi_dcmpge
                0x00000000100036dc       0x10 CMakeFiles/kernel.dir/usr/share/pico-sdk/src/rp2_common/pico_double/double_aeabi.S.obj
                0x00000000100036dc                __wrap___aeabi_dcmpge
 .text.__wrap___aeabi_dcmpgt
                0x00000000100036ec        0xa CMakeFiles/kernel.dir/usr/share/pico-sdk/src/rp2_common/pico_double/double_aeabi.S.obj
                0x00000000100036ec                __wrap___aeabi_dcmpgt
 .text.__wrap___aeabi_dcmpun
                0x00000000100036f6       0x1c CMakeFiles/kernel.dir/usr/share/pico-sdk/src/rp2_common/pico_double/double_aeabi.S.obj
                0x00000000100036f6                __wrap___aeabi_dcmpun
 *fill*         0x0000000010003712        0x2 
 .text.__wrap___aeabi_i2d
                0x0000000010003714       0x38 CMakeFiles/kernel.dir/usr/share/pico-sdk/src/rp2_common/pico_double/double_aeabi.S.obj
                0x0000000010003714                __wrap___aeabi_ui2d
                0x000000001000371c                __wrap___aeabi_i2d
 .text.__wrap___aeabi_d2iz
                0x000000001000374c       0x48 CMakeFiles/kernel.dir/usr/share/pico-sdk/src/rp2_common/pico_double/double_aeabi.S.obj
                0x000000001000374c                __wrap___aeabi_d2iz
                0x000000001000374c                double2int_z
 .text.__wrap___aeabi_d2uiz
                0x0000000010003794       0x18 CMakeFiles/kernel.dir/usr/share/pico-sdk/src/rp2_common/pico_double/double_aeabi.S.obj
                0x0000000010003794                double2uint
                0x0000000010003794                __wrap___aeabi_d2uiz
 .text.__aeabi_double_init
                0x00000000100037ac       0x94 CMakeFiles/kernel.dir/usr/share/pico-sdk/src/rp2_common/pico_double/double_init_rom.c.obj
                0x00000000100037ac                __aeabi_double_init
 .text.double_table_shim_on_use_helper
                0x0000000010003840       0x2c CMakeFiles/kernel.dir/usr/share/pico-sdk/src/rp2_common/pico_double/double_v1_rom_shim.S.obj
                0x0000000010003840                double_table_shim_on_use_helper
 .text.__wrap___aeabi_dsub
                0x000000001000386c       0x10 CMakeFiles/kernel.dir/usr/share/pico-sdk/src/rp2_common/pico_double/double_v1_rom_shim.S.obj
                0x000000001000386c                drsub_shim
                0x0000000010003872                dsub_shim
 .text.dadd_shim
                0x000000001000387c      0x15c CMakeFiles/kernel.dir/usr/share/pico-sdk/src/rp2_common/pico_double/double_v1_rom_shim.S.obj
                0x000000001000387c                dadd_shim
 .text.dmul_shim
                0x00000000100039d8      0x15c CMakeFiles/kernel.dir/usr/share/pico-sdk/src/rp2_common/pico_double/double_v1_rom_shim.S.obj
                0x00000000100039d8                dmul_shim
 .text.ddiv_shim
                0x0000000010003b34      0x1b0 CMakeFiles/kernel.dir/usr/share/pico-sdk/src/rp2_common/pico_double/double_v1_rom_shim.S.obj
                0x0000000010003b34                ddiv_shim
 .text.double2uint_shim
                0x0000000010003ce4        0xe CMakeFiles/kernel.dir/usr/share/pico-sdk/src/rp2_common/pico_double/double_v1_rom_shim.S.obj
                0x0000000010003ce4                double2uint_shim
                0x0000000010003ce6                double2ufix_shim
 *fill*         0x0000000010003cf2        0x2 
 .text.double2uint64_shim
                0x0000000010003cf4       0x70 CMakeFiles/kernel.dir/usr/share/pico-sdk/src/rp2_common/pico_double/double_v1_rom_shim.S.obj
                0x0000000010003cf4                double2uint64_shim
                0x0000000010003cf6                double2ufix64_shim
                0x0000000010003d16                d2fix_a
 .text.dunpacks
                0x0000000010003d64       0x3c CMakeFiles/kernel.dir/usr/share/pico-sdk/src/rp2_common/pico_double/double_v1_rom_shim.S.obj
                0x0000000010003d64                dunpacks
 .text.__aeabi_lmul
                0x0000000010003da0       0x32 CMakeFiles/kernel.dir/usr/share/pico-sdk/src/rp2_common/pico_int64_ops/pico_int64_ops_aeabi.S.obj
                0x0000000010003da0                __wrap___aeabi_lmul
 *fill*         0x0000000010003dd2        0x2 
 .text.__aeabi_float_init
                0x0000000010003dd4       0x64 CMakeFiles/kernel.dir/usr/share/pico-sdk/src/rp2_common/pico_float/float_init_rom.c.obj
                0x0000000010003dd4                __aeabi_float_init
 .text.float_table_shim_on_use_helper
                0x0000000010003e38       0x2c CMakeFiles/kernel.dir/usr/share/pico-sdk/src/rp2_common/pico_float/float_v1_rom_shim.S.obj
                0x0000000010003e38                float_table_shim_on_use_helper
 .text          0x0000000010003e64       0x10 CMakeFiles/kernel.dir/usr/share/pico-sdk/src/rp2_common/pico_mem_ops/mem_ops_aeabi.S.obj
                0x0000000010003e64                __aeabi_mem_init
 .text.memset   0x0000000010003e74        0xc CMakeFiles/kernel.dir/usr/share/pico-sdk/src/rp2_common/pico_mem_ops/mem_ops_aeabi.S.obj
                0x0000000010003e74                __wrap_memset
 .text.memcpy   0x0000000010003e80        0xc CMakeFiles/kernel.dir/usr/share/pico-sdk/src/rp2_common/pico_mem_ops/mem_ops_aeabi.S.obj
                0x0000000010003e80                __wrap___aeabi_memcpy
                0x0000000010003e80                __wrap_memcpy
 .text.stdio_out_chars_no_crlf
                0x0000000010003e8c       0x10 CMakeFiles/kernel.dir/usr/share/pico-sdk/src/rp2_common/pico_stdio/stdio.c.obj
 .text.stdio_out_chars_crlf
                0x0000000010003e9c       0xa0 CMakeFiles/kernel.dir/usr/share/pico-sdk/src/rp2_common/pico_stdio/stdio.c.obj
 .text.stdio_buffered_printer
                0x0000000010003f3c       0x64 CMakeFiles/kernel.dir/usr/share/pico-sdk/src/rp2_common/pico_stdio/stdio.c.obj
 .text.stdio_put_string.isra.0
                0x0000000010003fa0       0xfc CMakeFiles/kernel.dir/usr/share/pico-sdk/src/rp2_common/pico_stdio/stdio.c.obj
 .text.__wrap_putchar
                0x000000001000409c       0xa0 CMakeFiles/kernel.dir/usr/share/pico-sdk/src/rp2_common/pico_stdio/stdio.c.obj
                0x000000001000409c                __wrap_putchar
 .text.__wrap_puts
                0x000000001000413c       0x3c CMakeFiles/kernel.dir/usr/share/pico-sdk/src/rp2_common/pico_stdio/stdio.c.obj
                0x000000001000413c                __wrap_puts
 .text.stdio_set_driver_enabled
                0x0000000010004178       0x3c CMakeFiles/kernel.dir/usr/share/pico-sdk/src/rp2_common/pico_stdio/stdio.c.obj
                0x0000000010004178                stdio_set_driver_enabled
 .text.__wrap_vprintf
                0x00000000100041b4       0xd4 CMakeFiles/kernel.dir/usr/share/pico-sdk/src/rp2_common/pico_stdio/stdio.c.obj
                0x00000000100041b4                __wrap_vprintf
 .text.__wrap_printf
                0x0000000010004288       0x18 CMakeFiles/kernel.dir/usr/share/pico-sdk/src/rp2_common/pico_stdio/stdio.c.obj
                0x0000000010004288                __wrap_printf
 .text.stdio_init_all
                0x00000000100042a0        0x8 CMakeFiles/kernel.dir/usr/share/pico-sdk/src/rp2_common/pico_stdio/stdio.c.obj
                0x00000000100042a0                stdio_init_all
 .text.resetd_init
                0x00000000100042a8        0x4 CMakeFiles/kernel.dir/usr/share/pico-sdk/src/rp2_common/pico_stdio_usb/reset_interface.c.obj
 .text.resetd_reset
                0x00000000100042ac        0xc CMakeFiles/kernel.dir/usr/share/pico-sdk/src/rp2_common/pico_stdio_usb/reset_interface.c.obj
 .text.resetd_open
                0x00000000100042b8       0x28 CMakeFiles/kernel.dir/usr/share/pico-sdk/src/rp2_common/pico_stdio_usb/reset_interface.c.obj
 .text.resetd_xfer_cb
                0x00000000100042e0        0x4 CMakeFiles/kernel.dir/usr/share/pico-sdk/src/rp2_common/pico_stdio_usb/reset_interface.c.obj
 .text.resetd_control_xfer_cb
                0x00000000100042e4       0x64 CMakeFiles/kernel.dir/usr/share/pico-sdk/src/rp2_common/pico_stdio_usb/reset_interface.c.obj
 .text.usbd_app_driver_get_cb
                0x0000000010004348        0xc CMakeFiles/kernel.dir/usr/share/pico-sdk/src/rp2_common/pico_stdio_usb/reset_interface.c.obj
                0x0000000010004348                usbd_app_driver_get_cb
 .text.tud_cdc_line_coding_cb
                0x0000000010004354       0x34 CMakeFiles/kernel.dir/usr/share/pico-sdk/src/rp2_common/pico_stdio_usb/reset_interface.c.obj
                0x0000000010004354                tud_cdc_line_coding_cb
 .text.stdio_usb_in_chars
                0x0000000010004388       0x68 CMakeFiles/kernel.dir/usr/share/pico-sdk/src/rp2_common/pico_stdio_usb/stdio_usb.c.obj
                0x0000000010004388                stdio_usb_in_chars
 .text.stdio_usb_out_chars
                0x00000000100043f0       0xe8 CMakeFiles/kernel.dir/usr/share/pico-sdk/src/rp2_common/pico_stdio_usb/stdio_usb.c.obj
 .text.timer_task
                0x00000000100044d8       0x10 CMakeFiles/kernel.dir/usr/share/pico-sdk/src/rp2_common/pico_stdio_usb/stdio_usb.c.obj
 .text.low_priority_worker_irq
                0x00000000100044e8       0x24 CMakeFiles/kernel.dir/usr/share/pico-sdk/src/rp2_common/pico_stdio_usb/stdio_usb.c.obj
 .text.stdio_usb_init
                0x000000001000450c       0x90 CMakeFiles/kernel.dir/usr/share/pico-sdk/src/rp2_common/pico_stdio_usb/stdio_usb.c.obj
                0x000000001000450c                stdio_usb_init
 .text.tud_descriptor_device_cb
                0x000000001000459c        0x8 CMakeFiles/kernel.dir/usr/share/pico-sdk/src/rp2_common/pico_stdio_usb/stdio_usb_descriptors.c.obj
                0x000000001000459c                tud_descriptor_device_cb
 .text.tud_descriptor_configuration_cb
                0x00000000100045a4        0x8 CMakeFiles/kernel.dir/usr/share/pico-sdk/src/rp2_common/pico_stdio_usb/stdio_usb_descriptors.c.obj
                0x00000000100045a4                tud_descriptor_configuration_cb
 .text.tud_descriptor_string_cb
                0x00000000100045ac       0x70 CMakeFiles/kernel.dir/usr/share/pico-sdk/src/rp2_common/pico_stdio_usb/stdio_usb_descriptors.c.obj
                0x00000000100045ac                tud_descriptor_string_cb
 .text.dcd_rp2040_irq
                0x000000001000461c      0x1cc CMakeFiles/kernel.dir/usr/share/pico-sdk/lib/tinyusb/src/portable/raspberrypi/rp2040/dcd_rp2040.c.obj
 .text.dcd_int_enable
                0x00000000100047e8        0xc CMakeFiles/kernel.dir/usr/share/pico-sdk/lib/tinyusb/src/portable/raspberrypi/rp2040/dcd_rp2040.c.obj
                0x00000000100047e8                dcd_int_enable
 .text.dcd_set_address
                0x00000000100047f4       0x14 CMakeFiles/kernel.dir/usr/share/pico-sdk/lib/tinyusb/src/portable/raspberrypi/rp2040/dcd_rp2040.c.obj
                0x00000000100047f4                dcd_set_address
 .text.dcd_connect
                0x0000000010004808       0x10 CMakeFiles/kernel.dir/usr/share/pico-sdk/lib/tinyusb/src/portable/raspberrypi/rp2040/dcd_rp2040.c.obj
                0x0000000010004808                dcd_connect
 .text.dcd_init
                0x0000000010004818       0xf0 CMakeFiles/kernel.dir/usr/share/pico-sdk/lib/tinyusb/src/portable/raspberrypi/rp2040/dcd_rp2040.c.obj
                0x0000000010004818                dcd_init
 .text.dcd_edpt0_status_complete
                0x0000000010004908       0x1c CMakeFiles/kernel.dir/usr/share/pico-sdk/lib/tinyusb/src/portable/raspberrypi/rp2040/dcd_rp2040.c.obj
                0x0000000010004908                dcd_edpt0_status_complete
 .text.dcd_edpt_open
                0x0000000010004924       0xf0 CMakeFiles/kernel.dir/usr/share/pico-sdk/lib/tinyusb/src/portable/raspberrypi/rp2040/dcd_rp2040.c.obj
                0x0000000010004924                dcd_edpt_open
 .text.dcd_edpt_close_all
                0x0000000010004a14       0x68 CMakeFiles/kernel.dir/usr/share/pico-sdk/lib/tinyusb/src/portable/raspberrypi/rp2040/dcd_rp2040.c.obj
                0x0000000010004a14                dcd_edpt_close_all
 .text.dcd_edpt_xfer
                0x0000000010004a7c       0x24 CMakeFiles/kernel.dir/usr/share/pico-sdk/lib/tinyusb/src/portable/raspberrypi/rp2040/dcd_rp2040.c.obj
                0x0000000010004a7c                dcd_edpt_xfer
 .text.dcd_edpt_stall
                0x0000000010004aa0       0x34 CMakeFiles/kernel.dir/usr/share/pico-sdk/lib/tinyusb/src/portable/raspberrypi/rp2040/dcd_rp2040.c.obj
                0x0000000010004aa0                dcd_edpt_stall
 .text.dcd_edpt_clear_stall
                0x0000000010004ad4       0x30 CMakeFiles/kernel.dir/usr/share/pico-sdk/lib/tinyusb/src/portable/raspberrypi/rp2040/dcd_rp2040.c.obj
                0x0000000010004ad4                dcd_edpt_clear_stall
 .text._hw_endpoint_buffer_control_update32.part.0.isra.0
                0x0000000010004b04       0x1c CMakeFiles/kernel.dir/usr/share/pico-sdk/lib/tinyusb/src/portable/raspberrypi/rp2040/rp2040_usb.c.obj
 .text.rp2040_usb_init
                0x0000000010004b20       0x4c CMakeFiles/kernel.dir/usr/share/pico-sdk/lib/tinyusb/src/portable/raspberrypi/rp2040/rp2040_usb.c.obj
                0x0000000010004b20                rp2040_usb_init
 .text.hw_endpoint_reset_transfer
                0x0000000010004b6c        0xc CMakeFiles/kernel.dir/usr/share/pico-sdk/lib/tinyusb/src/portable/raspberrypi/rp2040/rp2040_usb.c.obj
                0x0000000010004b6c                hw_endpoint_reset_transfer
 .text._hw_endpoint_buffer_control_update32
                0x0000000010004b78       0x44 CMakeFiles/kernel.dir/usr/share/pico-sdk/lib/tinyusb/src/portable/raspberrypi/rp2040/rp2040_usb.c.obj
                0x0000000010004b78                _hw_endpoint_buffer_control_update32
 .text.hw_endpoint_xfer_start
                0x0000000010004bbc      0x134 CMakeFiles/kernel.dir/usr/share/pico-sdk/lib/tinyusb/src/portable/raspberrypi/rp2040/rp2040_usb.c.obj
                0x0000000010004bbc                hw_endpoint_xfer_start
 .text.hw_endpoint_xfer_continue
                0x0000000010004cf0      0x1dc CMakeFiles/kernel.dir/usr/share/pico-sdk/lib/tinyusb/src/portable/raspberrypi/rp2040/rp2040_usb.c.obj
                0x0000000010004cf0                hw_endpoint_xfer_continue
 .text.tud_mounted
                0x0000000010004ecc       0x10 CMakeFiles/kernel.dir/usr/share/pico-sdk/lib/tinyusb/src/device/usbd.c.obj
                0x0000000010004ecc                tud_mounted
 .text.tud_suspended
                0x0000000010004edc       0x10 CMakeFiles/kernel.dir/usr/share/pico-sdk/lib/tinyusb/src/device/usbd.c.obj
                0x0000000010004edc                tud_suspended
 .text.tud_inited
                0x0000000010004eec        0xc CMakeFiles/kernel.dir/usr/share/pico-sdk/lib/tinyusb/src/device/usbd.c.obj
                0x0000000010004eec                tud_inited
 .text.tud_init
                0x0000000010004ef8       0xd8 CMakeFiles/kernel.dir/usr/share/pico-sdk/lib/tinyusb/src/device/usbd.c.obj
                0x0000000010004ef8                tud_init
 .text.tud_task
                0x0000000010004fd0      0x93c CMakeFiles/kernel.dir/usr/share/pico-sdk/lib/tinyusb/src/device/usbd.c.obj
                0x0000000010004fd0                tud_task
 .text.dcd_event_bus_signal
                0x000000001000590c      0x120 CMakeFiles/kernel.dir/usr/share/pico-sdk/lib/tinyusb/src/device/usbd.c.obj
                0x000000001000590c                dcd_event_bus_signal
 .text.dcd_event_bus_reset
                0x0000000010005a2c       0x54 CMakeFiles/kernel.dir/usr/share/pico-sdk/lib/tinyusb/src/device/usbd.c.obj
                0x0000000010005a2c                dcd_event_bus_reset
 .text.dcd_event_setup_received
                0x0000000010005a80       0x50 CMakeFiles/kernel.dir/usr/share/pico-sdk/lib/tinyusb/src/device/usbd.c.obj
                0x0000000010005a80                dcd_event_setup_received
 .text.dcd_event_xfer_complete
                0x0000000010005ad0       0x68 CMakeFiles/kernel.dir/usr/share/pico-sdk/lib/tinyusb/src/device/usbd.c.obj
                0x0000000010005ad0                dcd_event_xfer_complete
 .text.usbd_open_edpt_pair
                0x0000000010005b38       0x80 CMakeFiles/kernel.dir/usr/share/pico-sdk/lib/tinyusb/src/device/usbd.c.obj
                0x0000000010005b38                usbd_open_edpt_pair
 .text.usbd_edpt_open
                0x0000000010005bb8       0x30 CMakeFiles/kernel.dir/usr/share/pico-sdk/lib/tinyusb/src/device/usbd.c.obj
                0x0000000010005bb8                usbd_edpt_open
 .text.usbd_edpt_claim
                0x0000000010005be8       0x64 CMakeFiles/kernel.dir/usr/share/pico-sdk/lib/tinyusb/src/device/usbd.c.obj
                0x0000000010005be8                usbd_edpt_claim
 .text.usbd_edpt_release
                0x0000000010005c4c       0x4c CMakeFiles/kernel.dir/usr/share/pico-sdk/lib/tinyusb/src/device/usbd.c.obj
                0x0000000010005c4c                usbd_edpt_release
 .text.usbd_edpt_xfer
                0x0000000010005c98       0x48 CMakeFiles/kernel.dir/usr/share/pico-sdk/lib/tinyusb/src/device/usbd.c.obj
                0x0000000010005c98                usbd_edpt_xfer
 .text.tud_control_status
                0x0000000010005ce0       0x2c CMakeFiles/kernel.dir/usr/share/pico-sdk/lib/tinyusb/src/device/usbd_control.c.obj
                0x0000000010005ce0                tud_control_status
 .text.tud_control_xfer
                0x0000000010005d0c       0xac CMakeFiles/kernel.dir/usr/share/pico-sdk/lib/tinyusb/src/device/usbd_control.c.obj
                0x0000000010005d0c                tud_control_xfer
 .text.usbd_control_reset
                0x0000000010005db8       0x14 CMakeFiles/kernel.dir/usr/share/pico-sdk/lib/tinyusb/src/device/usbd_control.c.obj
                0x0000000010005db8                usbd_control_reset
 .text.usbd_control_set_complete_callback
                0x0000000010005dcc        0xc CMakeFiles/kernel.dir/usr/share/pico-sdk/lib/tinyusb/src/device/usbd_control.c.obj
                0x0000000010005dcc                usbd_control_set_complete_callback
 .text.usbd_control_set_request
                0x0000000010005dd8       0x1c CMakeFiles/kernel.dir/usr/share/pico-sdk/lib/tinyusb/src/device/usbd_control.c.obj
                0x0000000010005dd8                usbd_control_set_request
 .text.usbd_control_xfer_cb
                0x0000000010005df4       0xf4 CMakeFiles/kernel.dir/usr/share/pico-sdk/lib/tinyusb/src/device/usbd_control.c.obj
                0x0000000010005df4                usbd_control_xfer_cb
 .text.tud_cdc_n_connected
                0x0000000010005ee8       0x30 CMakeFiles/kernel.dir/usr/share/pico-sdk/lib/tinyusb/src/class/cdc/cdc_device.c.obj
                0x0000000010005ee8                tud_cdc_n_connected
 .text.tud_cdc_n_available
                0x0000000010005f18       0x18 CMakeFiles/kernel.dir/usr/share/pico-sdk/lib/tinyusb/src/class/cdc/cdc_device.c.obj
                0x0000000010005f18                tud_cdc_n_available
 .text.tud_cdc_n_read
                0x0000000010005f30       0x70 CMakeFiles/kernel.dir/usr/share/pico-sdk/lib/tinyusb/src/class/cdc/cdc_device.c.obj
                0x0000000010005f30                tud_cdc_n_read
 .text.tud_cdc_n_write_flush
                0x0000000010005fa0       0x78 CMakeFiles/kernel.dir/usr/share/pico-sdk/lib/tinyusb/src/class/cdc/cdc_device.c.obj
                0x0000000010005fa0                tud_cdc_n_write_flush
 .text.tud_cdc_n_write
                0x0000000010006018       0x34 CMakeFiles/kernel.dir/usr/share/pico-sdk/lib/tinyusb/src/class/cdc/cdc_device.c.obj
                0x0000000010006018                tud_cdc_n_write
 .text.tud_cdc_n_write_available
                0x000000001000604c       0x18 CMakeFiles/kernel.dir/usr/share/pico-sdk/lib/tinyusb/src/class/cdc/cdc_device.c.obj
                0x000000001000604c                tud_cdc_n_write_available
 .text.cdcd_init
                0x0000000010006064       0x7c CMakeFiles/kernel.dir/usr/share/pico-sdk/lib/tinyusb/src/class/cdc/cdc_device.c.obj
                0x0000000010006064                cdcd_init
 .text.cdcd_reset
                0x00000000100060e0       0x2c CMakeFiles/kernel.dir/usr/share/pico-sdk/lib/tinyusb/src/class/cdc/cdc_device.c.obj
                0x00000000100060e0                cdcd_reset
 .text.cdcd_open
                0x000000001000610c       0xe4 CMakeFiles/kernel.dir/usr/share/pico-sdk/lib/tinyusb/src/class/cdc/cdc_device.c.obj
                0x000000001000610c                cdcd_open
 .text.cdcd_control_xfer_cb
                0x00000000100061f0       0xe4 CMakeFiles/kernel.dir/usr/share/pico-sdk/lib/tinyusb/src/class/cdc/cdc_device.c.obj
                0x00000000100061f0                cdcd_control_xfer_cb
 .text.cdcd_xfer_cb
                0x00000000100062d4      0x148 CMakeFiles/kernel.dir/usr/share/pico-sdk/lib/tinyusb/src/class/cdc/cdc_device.c.obj
                0x00000000100062d4                cdcd_xfer_cb
 .text.tusb_init
                0x000000001000641c        0xc CMakeFiles/kernel.dir/usr/share/pico-sdk/lib/tinyusb/src/tusb.c.obj
                0x000000001000641c                tusb_init
 .text.tusb_inited
                0x0000000010006428        0x8 CMakeFiles/kernel.dir/usr/share/pico-sdk/lib/tinyusb/src/tusb.c.obj
                0x0000000010006428                tusb_inited
 .text.tu_edpt_validate
                0x0000000010006430       0x78 CMakeFiles/kernel.dir/usr/share/pico-sdk/lib/tinyusb/src/tusb.c.obj
                0x0000000010006430                tu_edpt_validate
 .text.tu_edpt_bind_driver
                0x00000000100064a8       0x2c CMakeFiles/kernel.dir/usr/share/pico-sdk/lib/tinyusb/src/tusb.c.obj
                0x00000000100064a8                tu_edpt_bind_driver
 .text.tu_fifo_config
                0x00000000100064d4       0x78 CMakeFiles/kernel.dir/usr/share/pico-sdk/lib/tinyusb/src/common/tusb_fifo.c.obj
                0x00000000100064d4                tu_fifo_config
 .text.tu_fifo_count
                0x000000001000654c       0x20 CMakeFiles/kernel.dir/usr/share/pico-sdk/lib/tinyusb/src/common/tusb_fifo.c.obj
                0x000000001000654c                tu_fifo_count
 .text.tu_fifo_empty
                0x000000001000656c       0x10 CMakeFiles/kernel.dir/usr/share/pico-sdk/lib/tinyusb/src/common/tusb_fifo.c.obj
                0x000000001000656c                tu_fifo_empty
 .text.tu_fifo_remaining
                0x000000001000657c       0x1c CMakeFiles/kernel.dir/usr/share/pico-sdk/lib/tinyusb/src/common/tusb_fifo.c.obj
                0x000000001000657c                tu_fifo_remaining
 .text.tu_fifo_read
                0x0000000010006598       0x9c CMakeFiles/kernel.dir/usr/share/pico-sdk/lib/tinyusb/src/common/tusb_fifo.c.obj
                0x0000000010006598                tu_fifo_read
 .text.tu_fifo_read_n
                0x0000000010006634       0xfc CMakeFiles/kernel.dir/usr/share/pico-sdk/lib/tinyusb/src/common/tusb_fifo.c.obj
                0x0000000010006634                tu_fifo_read_n
 .text.tu_fifo_write
                0x0000000010006730       0x7c CMakeFiles/kernel.dir/usr/share/pico-sdk/lib/tinyusb/src/common/tusb_fifo.c.obj
                0x0000000010006730                tu_fifo_write
 .text.tu_fifo_write_n
                0x00000000100067ac       0xfc CMakeFiles/kernel.dir/usr/share/pico-sdk/lib/tinyusb/src/common/tusb_fifo.c.obj
                0x00000000100067ac                tu_fifo_write_n
 .text.tu_fifo_clear
                0x00000000100068a8       0x4c CMakeFiles/kernel.dir/usr/share/pico-sdk/lib/tinyusb/src/common/tusb_fifo.c.obj
                0x00000000100068a8                tu_fifo_clear
 .text.tu_fifo_set_overwritable
                0x00000000100068f4       0x3c CMakeFiles/kernel.dir/usr/share/pico-sdk/lib/tinyusb/src/common/tusb_fifo.c.obj
                0x00000000100068f4                tu_fifo_set_overwritable
 .text.startup._retrieve_unique_id_on_boot
                0x0000000010006930       0x10 CMakeFiles/kernel.dir/usr/share/pico-sdk/src/rp2_common/pico_unique_id/unique_id.c.obj
 .text.pico_get_unique_board_id_string
                0x0000000010006940      0x1a8 CMakeFiles/kernel.dir/usr/share/pico-sdk/src/rp2_common/pico_unique_id/unique_id.c.obj
                0x0000000010006940                pico_get_unique_board_id_string
 .text.flash_get_unique_id
                0x0000000010006ae8       0x40 CMakeFiles/kernel.dir/usr/share/pico-sdk/src/rp2_common/hardware_flash/flash.c.obj
                0x0000000010006ae8                flash_get_unique_id
 .text.atexit   0x0000000010006b28       0x10 /usr/lib/gcc/arm-none-eabi/11.3.0/../../../../arm-none-eabi/lib/thumb/v6-m/nofp/libc.a(lib_a-atexit.o)
                0x0000000010006b28                atexit
 .text.__libc_fini_array
                0x0000000010006b38       0x28 /usr/lib/gcc/arm-none-eabi/11.3.0/../../../../arm-none-eabi/lib/thumb/v6-m/nofp/libc.a(lib_a-fini.o)
                0x0000000010006b38                __libc_fini_array
 .text.strlen   0x0000000010006b60       0x5c /usr/lib/gcc/arm-none-eabi/11.3.0/../../../../arm-none-eabi/lib/thumb/v6-m/nofp/libc.a(lib_a-strlen-stub.o)
                0x0000000010006b60                strlen
 .text.__register_exitproc
                0x0000000010006bbc       0xac /usr/lib/gcc/arm-none-eabi/11.3.0/../../../../arm-none-eabi/lib/thumb/v6-m/nofp/libc.a(lib_a-__atexit.o)
                0x0000000010006bbc                __register_exitproc
 .text.startup.register_fini
                0x0000000010006c68       0x18 /usr/lib/gcc/arm-none-eabi/11.3.0/../../../../arm-none-eabi/lib/thumb/v6-m/nofp/libc.a(lib_a-__call_atexit.o)
 .text.__retarget_lock_acquire_recursive
                0x0000000010006c80        0x4 /usr/lib/gcc/arm-none-eabi/11.3.0/../../../../arm-none-eabi/lib/thumb/v6-m/nofp/libc.a(lib_a-lock.o)
                0x0000000010006c80                __retarget_lock_acquire_recursive
 .text.__retarget_lock_release_recursive
                0x0000000010006c84        0x4 /usr/lib/gcc/arm-none-eabi/11.3.0/../../../../arm-none-eabi/lib/thumb/v6-m/nofp/libc.a(lib_a-lock.o)
                0x0000000010006c84                __retarget_lock_release_recursive
 *(.fini)
 .fini          0x0000000010006c88        0x4 /usr/lib/gcc/arm-none-eabi/11.3.0/thumb/v6-m/nofp/crti.o
                0x0000000010006c88                _fini
 *fill*         0x0000000010006c8c        0x4 
 .fini.__stub   0x0000000010006c90       0x70 linker stubs
 *crtbegin.o(.ctors)
 *crtbegin?.o(.ctors)
 *(EXCLUDE_FILE(*crtend.o *crtend?.o) .ctors)
 *(SORT_BY_NAME(.ctors.*))
 *(.ctors)
 *crtbegin.o(.dtors)
 *crtbegin?.o(.dtors)
 *(EXCLUDE_FILE(*crtend.o *crtend?.o) .dtors)
 *(SORT_BY_NAME(.dtors.*))
 *(.dtors)
 *(.eh_frame*)
 .eh_frame      0x0000000010006d00        0x0 /usr/lib/gcc/arm-none-eabi/11.3.0/thumb/v6-m/nofp/crtbegin.o
                0x0000000010006d00                . = ALIGN (0x4)

.glue_7         0x0000000010006d00        0x0
 .glue_7        0x0000000010006d00        0x0 linker stubs

.glue_7t        0x0000000010006d00        0x0
 .glue_7t       0x0000000010006d00        0x0 linker stubs

.vfp11_veneer   0x0000000010006d00        0x0
 .vfp11_veneer  0x0000000010006d00        0x0 linker stubs

.v4_bx          0x0000000010006d00        0x0
 .v4_bx         0x0000000010006d00        0x0 linker stubs

.iplt           0x0000000010006d00        0x0
 .iplt          0x0000000010006d00        0x0 /usr/lib/gcc/arm-none-eabi/11.3.0/thumb/v6-m/nofp/crtbegin.o

.rodata         0x0000000010006d00      0x4d8
 *(EXCLUDE_FILE(*libm.a: *libc.a:*lib_a-mem*.o *libgcc.a:) .rodata*)
 .rodata.main.str1.4
                0x0000000010006d00       0x15 CMakeFiles/kernel.dir/kernel.c.obj
 *fill*         0x0000000010006d15        0x3 
 .rodata.spin_lock_claim_unused.str1.4
                0x0000000010006d18       0x1b CMakeFiles/kernel.dir/usr/share/pico-sdk/src/rp2_common/hardware_sync/sync.c.obj
 *fill*         0x0000000010006d33        0x1 
 .rodata.hardware_alarm_claim.str1.4
                0x0000000010006d34       0x22 CMakeFiles/kernel.dir/usr/share/pico-sdk/src/rp2_common/hardware_timer/timer.c.obj
 *fill*         0x0000000010006d56        0x2 
 .rodata.panic.str1.4
                0x0000000010006d58       0x12 CMakeFiles/kernel.dir/usr/share/pico-sdk/src/rp2_common/pico_runtime/runtime.c.obj
 *fill*         0x0000000010006d6a        0x2 
 .rodata.hard_assertion_failure.str1.4
                0x0000000010006d6c        0xc CMakeFiles/kernel.dir/usr/share/pico-sdk/src/rp2_common/pico_runtime/runtime.c.obj
 .rodata._ftoa.str1.4
                0x0000000010006d78       0x15 CMakeFiles/kernel.dir/usr/share/pico-sdk/src/rp2_common/pico_printf/printf.c.obj
 *fill*         0x0000000010006d8d        0x3 
 .rodata._vsnprintf
                0x0000000010006d90      0x19c CMakeFiles/kernel.dir/usr/share/pico-sdk/src/rp2_common/pico_printf/printf.c.obj
 *fill*         0x0000000010006f2c        0x4 
 .rodata.pow10.0
                0x0000000010006f30       0x50 CMakeFiles/kernel.dir/usr/share/pico-sdk/src/rp2_common/pico_printf/printf.c.obj
 .rodata.str1.4
                0x0000000010006f80       0x3c CMakeFiles/kernel.dir/usr/share/pico-sdk/src/rp2_common/pico_standard_link/binary_info.c.obj
 .rodata.__bi_44
                0x0000000010006fbc        0xc CMakeFiles/kernel.dir/usr/share/pico-sdk/src/rp2_common/pico_standard_link/binary_info.c.obj
 .rodata.__bi_75
                0x0000000010006fc8        0xc CMakeFiles/kernel.dir/usr/share/pico-sdk/src/rp2_common/pico_standard_link/binary_info.c.obj
 .rodata.__bi_81
                0x0000000010006fd4        0xc CMakeFiles/kernel.dir/usr/share/pico-sdk/src/rp2_common/pico_standard_link/binary_info.c.obj
 .rodata.crlf_str.0
                0x0000000010006fe0        0x2 CMakeFiles/kernel.dir/usr/share/pico-sdk/src/rp2_common/pico_stdio/stdio.c.obj
 *fill*         0x0000000010006fe2        0x2 
 .rodata._resetd_driver
                0x0000000010006fe4       0x18 CMakeFiles/kernel.dir/usr/share/pico-sdk/src/rp2_common/pico_stdio_usb/reset_interface.c.obj
 .rodata.str1.4
                0x0000000010006ffc       0x13 CMakeFiles/kernel.dir/usr/share/pico-sdk/src/rp2_common/pico_stdio_usb/stdio_usb.c.obj
 *fill*         0x000000001000700f        0x1 
 .rodata.__bi_93.0
                0x0000000010007010        0xc CMakeFiles/kernel.dir/usr/share/pico-sdk/src/rp2_common/pico_stdio_usb/stdio_usb.c.obj
 .rodata.str1.4
                0x000000001000701c       0x2a CMakeFiles/kernel.dir/usr/share/pico-sdk/src/rp2_common/pico_stdio_usb/stdio_usb_descriptors.c.obj
 *fill*         0x0000000010007046        0x2 
 .rodata.usbd_desc_cfg
                0x0000000010007048       0x54 CMakeFiles/kernel.dir/usr/share/pico-sdk/src/rp2_common/pico_stdio_usb/stdio_usb_descriptors.c.obj
 .rodata.usbd_desc_device
                0x000000001000709c       0x12 CMakeFiles/kernel.dir/usr/share/pico-sdk/src/rp2_common/pico_stdio_usb/stdio_usb_descriptors.c.obj
 *fill*         0x00000000100070ae        0x2 
 .rodata.usbd_desc_str
                0x00000000100070b0       0x18 CMakeFiles/kernel.dir/usr/share/pico-sdk/src/rp2_common/pico_stdio_usb/stdio_usb_descriptors.c.obj
 .rodata.dcd_rp2040_irq.str1.4
                0x00000000100070c8       0x14 CMakeFiles/kernel.dir/usr/share/pico-sdk/lib/tinyusb/src/portable/raspberrypi/rp2040/dcd_rp2040.c.obj
 .rodata._hw_endpoint_buffer_control_update32.part.0.isra.0.str1.4
                0x00000000100070dc       0x1f CMakeFiles/kernel.dir/usr/share/pico-sdk/lib/tinyusb/src/portable/raspberrypi/rp2040/rp2040_usb.c.obj
 *fill*         0x00000000100070fb        0x1 
 .rodata.hw_endpoint_xfer_continue.str1.4
                0x00000000100070fc       0x29 CMakeFiles/kernel.dir/usr/share/pico-sdk/lib/tinyusb/src/portable/raspberrypi/rp2040/rp2040_usb.c.obj
 *fill*         0x0000000010007125        0x3 
 .rodata.str1.4
                0x0000000010007128        0x7 CMakeFiles/kernel.dir/usr/share/pico-sdk/lib/tinyusb/src/portable/raspberrypi/rp2040/rp2040_usb.c.obj
 *fill*         0x000000001000712f        0x1 
 .rodata.tud_task
                0x0000000010007130       0x8c CMakeFiles/kernel.dir/usr/share/pico-sdk/lib/tinyusb/src/device/usbd.c.obj
 .rodata._usbd_driver
                0x00000000100071bc       0x18 CMakeFiles/kernel.dir/usr/share/pico-sdk/lib/tinyusb/src/device/usbd.c.obj
 .rodata._global_impure_ptr
                0x00000000100071d4        0x4 /usr/lib/gcc/arm-none-eabi/11.3.0/../../../../arm-none-eabi/lib/thumb/v6-m/nofp/libc.a(lib_a-impure.o)
                0x00000000100071d4                _global_impure_ptr
                0x00000000100071d8                . = ALIGN (0x4)
 *(SORT_BY_ALIGNMENT(SORT_BY_NAME(.flashdata*)))
                0x00000000100071d8                . = ALIGN (0x4)

.rel.dyn        0x00000000100071d8        0x0
 .rel.iplt      0x00000000100071d8        0x0 /usr/lib/gcc/arm-none-eabi/11.3.0/thumb/v6-m/nofp/crtbegin.o

.ARM.extab
 *(.ARM.extab* .gnu.linkonce.armextab.*)
                0x00000000100071d8                __exidx_start = .

.ARM.exidx
 *(.ARM.exidx* .gnu.linkonce.armexidx.*)
                0x00000000100071d8                __exidx_end = .
                0x00000000100071d8                . = ALIGN (0x4)
                0x00000000100071d8                __binary_info_start = .

.binary_info    0x00000000100071d8       0x20
 *(.binary_info.keep.*)
 .binary_info.keep.__bi_ptr22
                0x00000000100071d8        0x4 CMakeFiles/kernel.dir/usr/share/pico-sdk/src/rp2_common/pico_standard_link/binary_info.c.obj
 .binary_info.keep.__bi_ptr30
                0x00000000100071dc        0x4 CMakeFiles/kernel.dir/usr/share/pico-sdk/src/rp2_common/pico_standard_link/binary_info.c.obj
 .binary_info.keep.__bi_ptr38
                0x00000000100071e0        0x4 CMakeFiles/kernel.dir/usr/share/pico-sdk/src/rp2_common/pico_standard_link/binary_info.c.obj
 .binary_info.keep.__bi_ptr44
                0x00000000100071e4        0x4 CMakeFiles/kernel.dir/usr/share/pico-sdk/src/rp2_common/pico_standard_link/binary_info.c.obj
 .binary_info.keep.__bi_ptr50
                0x00000000100071e8        0x4 CMakeFiles/kernel.dir/usr/share/pico-sdk/src/rp2_common/pico_standard_link/binary_info.c.obj
 .binary_info.keep.__bi_ptr75
                0x00000000100071ec        0x4 CMakeFiles/kernel.dir/usr/share/pico-sdk/src/rp2_common/pico_standard_link/binary_info.c.obj
 .binary_info.keep.__bi_ptr81
                0x00000000100071f0        0x4 CMakeFiles/kernel.dir/usr/share/pico-sdk/src/rp2_common/pico_standard_link/binary_info.c.obj
 *(.binary_info.*)
 .binary_info.__bi_ptr93
                0x00000000100071f4        0x4 CMakeFiles/kernel.dir/usr/share/pico-sdk/src/rp2_common/pico_stdio_usb/stdio_usb.c.obj
                0x00000000100071f8                __binary_info_end = .
                0x00000000100071f8                . = ALIGN (0x4)
                0x00000000100071f8                __etext = .

.ram_vector_table
                0x0000000020000000       0xc0
 *(.ram_vector_table)
 .ram_vector_table
                0x0000000020000000       0xc0 CMakeFiles/kernel.dir/usr/share/pico-sdk/src/rp2_common/pico_runtime/runtime.c.obj
                0x0000000020000000                ram_vector_table

.data           0x00000000200000c0      0x7f0 load address 0x00000000100071f8
                0x00000000200000c0                __data_start__ = .
 *(vtable)
 *(.time_critical*)
 .time_critical.mutex_enter_blocking
                0x00000000200000c0       0x48 CMakeFiles/kernel.dir/usr/share/pico-sdk/src/common/pico_sync/mutex.c.obj
                0x00000000200000c0                mutex_enter_blocking
 .time_critical.mutex_try_enter
                0x0000000020000108       0x44 CMakeFiles/kernel.dir/usr/share/pico-sdk/src/common/pico_sync/mutex.c.obj
                0x0000000020000108                mutex_try_enter
 .time_critical.mutex_enter_timeout_ms
                0x000000002000014c       0xa0 CMakeFiles/kernel.dir/usr/share/pico-sdk/src/common/pico_sync/mutex.c.obj
                0x000000002000014c                mutex_enter_timeout_ms
 .time_critical.mutex_exit
                0x00000000200001ec       0x28 CMakeFiles/kernel.dir/usr/share/pico-sdk/src/common/pico_sync/mutex.c.obj
                0x00000000200001ec                mutex_exit
 .time_critical.flash_init_boot2_copyout
                0x0000000020000214       0x30 CMakeFiles/kernel.dir/usr/share/pico-sdk/src/rp2_common/hardware_flash/flash.c.obj
 .time_critical.flash_enable_xip_via_boot2
                0x0000000020000244       0x10 CMakeFiles/kernel.dir/usr/share/pico-sdk/src/rp2_common/hardware_flash/flash.c.obj
 .time_critical.flash_cs_force
                0x0000000020000254       0x38 CMakeFiles/kernel.dir/usr/share/pico-sdk/src/rp2_common/hardware_flash/flash.c.obj
 .time_critical.flash_do_cmd
                0x000000002000028c       0xc4 CMakeFiles/kernel.dir/usr/share/pico-sdk/src/rp2_common/hardware_flash/flash.c.obj
                0x000000002000028c                flash_do_cmd
 *(.text*)
 .text          0x0000000020000350        0x4 /usr/lib/gcc/arm-none-eabi/11.3.0/thumb/v6-m/nofp/libgcc.a(_dvmd_tls.o)
                0x0000000020000350                __aeabi_ldiv0
                0x0000000020000350                __aeabi_idiv0
 *fill*         0x0000000020000354        0x4 
 .text.__stub   0x0000000020000358       0x30 linker stubs
                0x0000000020000388                . = ALIGN (0x4)
 *(.rodata*)
                0x0000000020000388                . = ALIGN (0x4)
 *(.data*)
 .data.striped_spin_lock_num
                0x0000000020000388        0x1 CMakeFiles/kernel.dir/usr/share/pico-sdk/src/rp2_common/hardware_sync/sync.c.obj
 *fill*         0x0000000020000389        0x3 
 .data.default_alarm_pool
                0x000000002000038c       0x18 CMakeFiles/kernel.dir/usr/share/pico-sdk/src/common/pico_time/time.c.obj
 .data.default_alarm_pool_heap
                0x00000000200003a4       0x10 CMakeFiles/kernel.dir/usr/share/pico-sdk/src/common/pico_time/time.c.obj
 .data          0x00000000200003b4       0x48 CMakeFiles/kernel.dir/usr/share/pico-sdk/src/rp2_common/hardware_irq/irq_handler_chain.S.obj
                0x00000000200003b4                irq_handler_chain_slots
                0x00000000200003e4                irq_handler_chain_first_slot
                0x00000000200003ee                irq_handler_chain_remove_tail
 *fill*         0x00000000200003fc        0x4 
 .data.aeabi_bits_funcs
                0x0000000020000400       0x10 CMakeFiles/kernel.dir/usr/share/pico-sdk/src/rp2_common/pico_bit_ops/bit_ops_aeabi.S.obj
                0x0000000020000400                aeabi_bits_funcs
                0x0000000020000410                aeabi_bits_funcs_end
 .data.aeabi_mem_funcs
                0x0000000020000410       0x10 CMakeFiles/kernel.dir/usr/share/pico-sdk/src/rp2_common/pico_mem_ops/mem_ops_aeabi.S.obj
                0x0000000020000410                aeabi_mem_funcs
                0x0000000020000420                aeabi_mem_funcs_end
 .data.stdio_usb
                0x0000000020000420       0x14 CMakeFiles/kernel.dir/usr/share/pico-sdk/src/rp2_common/pico_stdio_usb/stdio_usb.c.obj
                0x0000000020000420                stdio_usb
 .data.ep_dir_string
                0x0000000020000434        0x8 CMakeFiles/kernel.dir/usr/share/pico-sdk/lib/tinyusb/src/portable/raspberrypi/rp2040/rp2040_usb.c.obj
                0x0000000020000434                ep_dir_string
 .data._usbd_qdef
                0x000000002000043c       0x24 CMakeFiles/kernel.dir/usr/share/pico-sdk/lib/tinyusb/src/device/usbd.c.obj
                0x000000002000043c                _usbd_qdef
 .data.impure_data
                0x0000000020000460      0x428 /usr/lib/gcc/arm-none-eabi/11.3.0/../../../../arm-none-eabi/lib/thumb/v6-m/nofp/libc.a(lib_a-impure.o)
 .data.__atexit_recursive_mutex
                0x0000000020000888        0x4 /usr/lib/gcc/arm-none-eabi/11.3.0/../../../../arm-none-eabi/lib/thumb/v6-m/nofp/libc.a(lib_a-__call_atexit.o)
                0x0000000020000888                __atexit_recursive_mutex
                0x000000002000088c                . = ALIGN (0x4)
 *(.after_data.*)
                0x000000002000088c                . = ALIGN (0x4)
                0x000000002000088c                PROVIDE (__mutex_array_start = .)
 *(SORT_BY_NAME(.mutex_array.*))
 *(.mutex_array)
 .mutex_array   0x000000002000088c        0x8 CMakeFiles/kernel.dir/usr/share/pico-sdk/src/rp2_common/pico_stdio/stdio.c.obj
                0x0000000020000894                PROVIDE (__mutex_array_end = .)
                0x0000000020000894                . = ALIGN (0x4)
                0x0000000020000894                PROVIDE (__preinit_array_start = .)
 *(SORT_BY_NAME(.preinit_array.*))
 .preinit_array.00001
                0x0000000020000894        0x4 CMakeFiles/kernel.dir/usr/share/pico-sdk/src/rp2_common/pico_mem_ops/mem_ops_aeabi.S.obj
 .preinit_array.00010
                0x0000000020000898        0x4 CMakeFiles/kernel.dir/usr/share/pico-sdk/src/rp2_common/pico_bit_ops/bit_ops_aeabi.S.obj
 .preinit_array.00020
                0x000000002000089c        0x4 CMakeFiles/kernel.dir/usr/share/pico-sdk/src/rp2_common/pico_double/double_aeabi.S.obj
 .preinit_array.00020
                0x00000000200008a0        0x4 CMakeFiles/kernel.dir/usr/share/pico-sdk/src/rp2_common/pico_float/float_aeabi.S.obj
 *(.preinit_array)
                0x00000000200008a4                PROVIDE (__preinit_array_end = .)
                0x00000000200008a4                . = ALIGN (0x4)
                0x00000000200008a4                PROVIDE (__init_array_start = .)
 *(SORT_BY_NAME(.init_array.*))
 .init_array.00000
                0x00000000200008a4        0x4 /usr/lib/gcc/arm-none-eabi/11.3.0/../../../../arm-none-eabi/lib/thumb/v6-m/nofp/libc.a(lib_a-__call_atexit.o)
 *(.init_array)
 .init_array    0x00000000200008a8        0x4 /usr/lib/gcc/arm-none-eabi/11.3.0/thumb/v6-m/nofp/crtbegin.o
 .init_array    0x00000000200008ac        0x4 CMakeFiles/kernel.dir/usr/share/pico-sdk/src/rp2_common/pico_unique_id/unique_id.c.obj
                0x00000000200008b0                PROVIDE (__init_array_end = .)
                0x00000000200008b0                . = ALIGN (0x4)
                0x00000000200008b0                PROVIDE (__fini_array_start = .)
 *(SORT_BY_NAME(.fini_array.*))
 *(.fini_array)
                0x00000000200008b0                PROVIDE (__fini_array_end = .)
 *(.jcr)
                0x00000000200008b0                . = ALIGN (0x4)
                0x00000000200008b0                __data_end__ = .

.igot.plt       0x00000000200008b0        0x0 load address 0x00000000100079e8
 .igot.plt      0x00000000200008b0        0x0 /usr/lib/gcc/arm-none-eabi/11.3.0/thumb/v6-m/nofp/crtbegin.o

.uninitialized_data
                0x00000000200008b0        0x0 load address 0x00000000100079e8
                0x00000000200008b0                . = ALIGN (0x4)
 *(.uninitialized_data*)

.scratch_x      0x0000000020040000        0x0 load address 0x00000000100079e8
                0x0000000020040000                __scratch_x_start__ = .
 *(.scratch_x.*)
                0x0000000020040000                . = ALIGN (0x4)
                0x0000000020040000                __scratch_x_end__ = .
                0x00000000100079e8                __scratch_x_source__ = LOADADDR (.scratch_x)

.scratch_y      0x0000000020041000        0x0 load address 0x00000000100079e8
                0x0000000020041000                __scratch_y_start__ = .
 *(.scratch_y.*)
                0x0000000020041000                . = ALIGN (0x4)
                0x0000000020041000                __scratch_y_end__ = .
                0x00000000100079e8                __scratch_y_source__ = LOADADDR (.scratch_y)

.bss            0x00000000200008b0      0xd80
                0x00000000200008b0                . = ALIGN (0x4)
                0x00000000200008b0                __bss_start__ = .
 *(SORT_BY_ALIGNMENT(SORT_BY_NAME(.bss*)))
 .bss.default_alarm_pool_entries
                0x00000000200008b0      0x100 CMakeFiles/kernel.dir/usr/share/pico-sdk/src/common/pico_time/time.c.obj
 .bss.last_avail_time.1
                0x00000000200009b0        0x8 CMakeFiles/kernel.dir/usr/share/pico-sdk/src/rp2_common/pico_stdio_usb/stdio_usb.c.obj
 .bss.sd_table  0x00000000200009b8      0x100 CMakeFiles/kernel.dir/usr/share/pico-sdk/src/rp2_common/pico_double/double_init_rom.c.obj
                0x00000000200009b8                sd_table
 .bss.sf_table  0x0000000020000ab8      0x100 CMakeFiles/kernel.dir/usr/share/pico-sdk/src/rp2_common/pico_float/float_init_rom.c.obj
                0x0000000020000ab8                sf_table
 .bss.__lock___atexit_recursive_mutex
                0x0000000020000bb8        0x1 /usr/lib/gcc/arm-none-eabi/11.3.0/../../../../arm-none-eabi/lib/thumb/v6-m/nofp/libc.a(lib_a-lock.o)
                0x0000000020000bb8                __lock___atexit_recursive_mutex
 *fill*         0x0000000020000bb9        0x3 
 .bss._app_driver
                0x0000000020000bbc        0x4 CMakeFiles/kernel.dir/usr/share/pico-sdk/lib/tinyusb/src/device/usbd.c.obj
 .bss._cdcd_itf
                0x0000000020000bc0      0x2d8 CMakeFiles/kernel.dir/usr/share/pico-sdk/lib/tinyusb/src/class/cdc/cdc_device.c.obj
 .bss._ctrl_xfer
                0x0000000020000e98       0x14 CMakeFiles/kernel.dir/usr/share/pico-sdk/lib/tinyusb/src/device/usbd_control.c.obj
 .bss._ubsd_mutexdef
                0x0000000020000eac        0x8 CMakeFiles/kernel.dir/usr/share/pico-sdk/lib/tinyusb/src/device/usbd.c.obj
 .bss._usbd_ctrl_buf
                0x0000000020000eb4       0x40 CMakeFiles/kernel.dir/usr/share/pico-sdk/lib/tinyusb/src/device/usbd_control.c.obj
 .bss._usbd_dev
                0x0000000020000ef4       0x53 CMakeFiles/kernel.dir/usr/share/pico-sdk/lib/tinyusb/src/device/usbd.c.obj
 *fill*         0x0000000020000f47        0x1 
 .bss._usbd_mutex
                0x0000000020000f48        0x4 CMakeFiles/kernel.dir/usr/share/pico-sdk/lib/tinyusb/src/device/usbd.c.obj
 .bss._usbd_q   0x0000000020000f4c        0x4 CMakeFiles/kernel.dir/usr/share/pico-sdk/lib/tinyusb/src/device/usbd.c.obj
 .bss._usbd_qdef_buf
                0x0000000020000f50       0xc0 CMakeFiles/kernel.dir/usr/share/pico-sdk/lib/tinyusb/src/device/usbd.c.obj
                0x0000000020000f50                _usbd_qdef_buf
 .bss.alarm_callbacks
                0x0000000020001010       0x10 CMakeFiles/kernel.dir/usr/share/pico-sdk/src/rp2_common/hardware_timer/timer.c.obj
 .bss.boot2_copyout
                0x0000000020001020      0x100 CMakeFiles/kernel.dir/usr/share/pico-sdk/src/rp2_common/hardware_flash/flash.c.obj
 .bss.claimed   0x0000000020001120        0x4 CMakeFiles/kernel.dir/usr/share/pico-sdk/src/rp2_common/hardware_sync/sync.c.obj
 .bss.configured_freq
                0x0000000020001124       0x28 CMakeFiles/kernel.dir/usr/share/pico-sdk/src/rp2_common/hardware_clocks/clocks.c.obj
 .bss.default_alarm_pool_entry_ids_high
                0x000000002000114c       0x10 CMakeFiles/kernel.dir/usr/share/pico-sdk/src/common/pico_time/time.c.obj
 .bss.default_alarm_pool_heap_nodes
                0x000000002000115c       0x30 CMakeFiles/kernel.dir/usr/share/pico-sdk/src/common/pico_time/time.c.obj
 .bss.desc_str.0
                0x000000002000118c       0x28 CMakeFiles/kernel.dir/usr/share/pico-sdk/src/rp2_common/pico_stdio_usb/stdio_usb_descriptors.c.obj
 .bss.drivers   0x00000000200011b4        0x4 CMakeFiles/kernel.dir/usr/share/pico-sdk/src/rp2_common/pico_stdio/stdio.c.obj
 .bss.filter    0x00000000200011b8        0x4 CMakeFiles/kernel.dir/usr/share/pico-sdk/src/rp2_common/pico_stdio/stdio.c.obj
 .bss.hw_endpoints
                0x00000000200011bc      0x400 CMakeFiles/kernel.dir/usr/share/pico-sdk/lib/tinyusb/src/portable/raspberrypi/rp2040/dcd_rp2040.c.obj
 .bss.lazy_vsnprintf
                0x00000000200015bc        0x4 CMakeFiles/kernel.dir/usr/share/pico-sdk/src/rp2_common/pico_printf/printf.c.obj
 .bss.load_value
                0x00000000200015c0        0x4 CMakeFiles/kernel.dir/usr/share/pico-sdk/src/rp2_common/hardware_watchdog/watchdog.c.obj
 .bss.next_buffer_ptr
                0x00000000200015c4        0x4 CMakeFiles/kernel.dir/usr/share/pico-sdk/lib/tinyusb/src/portable/raspberrypi/rp2040/dcd_rp2040.c.obj
 .bss.object.0  0x00000000200015c8       0x18 /usr/lib/gcc/arm-none-eabi/11.3.0/thumb/v6-m/nofp/crtbegin.o
 .bss.pools     0x00000000200015e0       0x10 CMakeFiles/kernel.dir/usr/share/pico-sdk/src/common/pico_time/time.c.obj
 .bss.retrieved_id
                0x00000000200015f0        0x8 CMakeFiles/kernel.dir/usr/share/pico-sdk/src/rp2_common/pico_unique_id/unique_id.c.obj
 .bss.sf_clz_func
                0x00000000200015f8        0x4 CMakeFiles/kernel.dir/usr/share/pico-sdk/src/rp2_common/pico_double/double_init_rom.c.obj
                0x00000000200015f8                sf_clz_func
 .bss.sleep_notifier
                0x00000000200015fc        0x4 CMakeFiles/kernel.dir/usr/share/pico-sdk/src/common/pico_time/time.c.obj
 .bss.stdio_usb_mutex
                0x0000000020001600        0x8 CMakeFiles/kernel.dir/usr/share/pico-sdk/src/rp2_common/pico_stdio_usb/stdio_usb.c.obj
 .bss.target_hi
                0x0000000020001608       0x10 CMakeFiles/kernel.dir/usr/share/pico-sdk/src/rp2_common/hardware_timer/timer.c.obj
 .bss.usbd_serial_str
                0x0000000020001618       0x11 CMakeFiles/kernel.dir/usr/share/pico-sdk/src/rp2_common/pico_stdio_usb/stdio_usb_descriptors.c.obj
 .bss._app_driver_count
                0x0000000020001629        0x1 CMakeFiles/kernel.dir/usr/share/pico-sdk/lib/tinyusb/src/device/usbd.c.obj
 .bss._usbd_initialized
                0x000000002000162a        0x1 CMakeFiles/kernel.dir/usr/share/pico-sdk/lib/tinyusb/src/device/usbd.c.obj
 .bss.boot2_copyout_valid
                0x000000002000162b        0x1 CMakeFiles/kernel.dir/usr/share/pico-sdk/src/rp2_common/hardware_flash/flash.c.obj
 .bss.claimed   0x000000002000162c        0x1 CMakeFiles/kernel.dir/usr/share/pico-sdk/src/rp2_common/hardware_timer/timer.c.obj
 .bss.irq_hander_chain_free_slot_head
                0x000000002000162d        0x1 CMakeFiles/kernel.dir/usr/share/pico-sdk/src/rp2_common/hardware_irq/irq.c.obj
 .bss.itf_num   0x000000002000162e        0x1 CMakeFiles/kernel.dir/usr/share/pico-sdk/src/rp2_common/pico_stdio_usb/reset_interface.c.obj
 .bss.timer_callbacks_pending
                0x000000002000162f        0x1 CMakeFiles/kernel.dir/usr/share/pico-sdk/src/rp2_common/hardware_timer/timer.c.obj
 *(COMMON)
                0x0000000020001630                . = ALIGN (0x4)
                0x0000000020001630                __bss_end__ = .

.heap           0x0000000020001630      0x800
                0x0000000020001630                __end__ = .
                0x0000000020001630                end = __end__
 *(.heap*)
 .heap          0x0000000020001630      0x800 CMakeFiles/kernel.dir/usr/share/pico-sdk/src/rp2_common/pico_standard_link/crt0.S.obj
                0x0000000020001e30                __HeapLimit = .

.stack1_dummy   0x0000000020040000        0x0
 *(.stack1*)

.stack_dummy    0x0000000020041000      0x800
 *(.stack*)
 .stack         0x0000000020041000      0x800 CMakeFiles/kernel.dir/usr/share/pico-sdk/src/rp2_common/pico_standard_link/crt0.S.obj

.flash_end      0x00000000100079e8        0x0
                0x00000000100079e8                __flash_binary_end = .
                0x0000000020040000                __StackLimit = (ORIGIN (RAM) + LENGTH (RAM))
                0x0000000020041000                __StackOneTop = (ORIGIN (SCRATCH_X) + LENGTH (SCRATCH_X))
                0x0000000020042000                __StackTop = (ORIGIN (SCRATCH_Y) + LENGTH (SCRATCH_Y))
                0x0000000020041000                __StackOneBottom = (__StackOneTop - SIZEOF (.stack1_dummy))
                0x0000000020041800                __StackBottom = (__StackTop - SIZEOF (.stack_dummy))
                0x0000000020042000                PROVIDE (__stack = __StackTop)
                0x0000000000000001                ASSERT ((__StackLimit >= __HeapLimit), region RAM overflowed)
                0x0000000000000001                ASSERT (((__binary_info_header_end - __logical_binary_start) <= 0x100), Binary info must be in first 256 bytes of the binary)
LOAD CMakeFiles/kernel.dir/kernel.c.obj
LOAD CMakeFiles/kernel.dir/usr/share/pico-sdk/src/rp2_common/pico_stdlib/stdlib.c.obj
LOAD CMakeFiles/kernel.dir/usr/share/pico-sdk/src/rp2_common/hardware_gpio/gpio.c.obj
LOAD CMakeFiles/kernel.dir/usr/share/pico-sdk/src/rp2_common/hardware_claim/claim.c.obj
LOAD CMakeFiles/kernel.dir/usr/share/pico-sdk/src/rp2_common/pico_platform/platform.c.obj
LOAD CMakeFiles/kernel.dir/usr/share/pico-sdk/src/rp2_common/hardware_sync/sync.c.obj
LOAD CMakeFiles/kernel.dir/usr/share/pico-sdk/src/rp2_common/hardware_uart/uart.c.obj
LOAD CMakeFiles/kernel.dir/usr/share/pico-sdk/src/rp2_common/hardware_divider/divider.S.obj
LOAD CMakeFiles/kernel.dir/usr/share/pico-sdk/src/common/pico_time/time.c.obj
LOAD CMakeFiles/kernel.dir/usr/share/pico-sdk/src/common/pico_time/timeout_helper.c.obj
LOAD CMakeFiles/kernel.dir/usr/share/pico-sdk/src/rp2_common/hardware_timer/timer.c.obj
LOAD CMakeFiles/kernel.dir/usr/share/pico-sdk/src/common/pico_sync/sem.c.obj
LOAD CMakeFiles/kernel.dir/usr/share/pico-sdk/src/common/pico_sync/lock_core.c.obj
LOAD CMakeFiles/kernel.dir/usr/share/pico-sdk/src/common/pico_sync/mutex.c.obj
LOAD CMakeFiles/kernel.dir/usr/share/pico-sdk/src/common/pico_sync/critical_section.c.obj
LOAD CMakeFiles/kernel.dir/usr/share/pico-sdk/src/common/pico_util/datetime.c.obj
LOAD CMakeFiles/kernel.dir/usr/share/pico-sdk/src/common/pico_util/pheap.c.obj
LOAD CMakeFiles/kernel.dir/usr/share/pico-sdk/src/common/pico_util/queue.c.obj
LOAD CMakeFiles/kernel.dir/usr/share/pico-sdk/src/rp2_common/pico_runtime/runtime.c.obj
LOAD CMakeFiles/kernel.dir/usr/share/pico-sdk/src/rp2_common/hardware_clocks/clocks.c.obj
LOAD CMakeFiles/kernel.dir/usr/share/pico-sdk/src/rp2_common/hardware_irq/irq.c.obj
LOAD CMakeFiles/kernel.dir/usr/share/pico-sdk/src/rp2_common/hardware_irq/irq_handler_chain.S.obj
LOAD CMakeFiles/kernel.dir/usr/share/pico-sdk/src/rp2_common/hardware_pll/pll.c.obj
LOAD CMakeFiles/kernel.dir/usr/share/pico-sdk/src/rp2_common/hardware_vreg/vreg.c.obj
LOAD CMakeFiles/kernel.dir/usr/share/pico-sdk/src/rp2_common/hardware_watchdog/watchdog.c.obj
LOAD CMakeFiles/kernel.dir/usr/share/pico-sdk/src/rp2_common/hardware_xosc/xosc.c.obj
LOAD CMakeFiles/kernel.dir/usr/share/pico-sdk/src/rp2_common/pico_printf/printf.c.obj
LOAD CMakeFiles/kernel.dir/usr/share/pico-sdk/src/rp2_common/pico_bit_ops/bit_ops_aeabi.S.obj
LOAD CMakeFiles/kernel.dir/usr/share/pico-sdk/src/rp2_common/pico_bootrom/bootrom.c.obj
LOAD CMakeFiles/kernel.dir/usr/share/pico-sdk/src/rp2_common/pico_divider/divider.S.obj
LOAD CMakeFiles/kernel.dir/usr/share/pico-sdk/src/rp2_common/pico_double/double_aeabi.S.obj
LOAD CMakeFiles/kernel.dir/usr/share/pico-sdk/src/rp2_common/pico_double/double_init_rom.c.obj
LOAD CMakeFiles/kernel.dir/usr/share/pico-sdk/src/rp2_common/pico_double/double_math.c.obj
LOAD CMakeFiles/kernel.dir/usr/share/pico-sdk/src/rp2_common/pico_double/double_v1_rom_shim.S.obj
LOAD CMakeFiles/kernel.dir/usr/share/pico-sdk/src/rp2_common/pico_int64_ops/pico_int64_ops_aeabi.S.obj
LOAD CMakeFiles/kernel.dir/usr/share/pico-sdk/src/rp2_common/pico_float/float_aeabi.S.obj
LOAD CMakeFiles/kernel.dir/usr/share/pico-sdk/src/rp2_common/pico_float/float_init_rom.c.obj
LOAD CMakeFiles/kernel.dir/usr/share/pico-sdk/src/rp2_common/pico_float/float_math.c.obj
LOAD CMakeFiles/kernel.dir/usr/share/pico-sdk/src/rp2_common/pico_float/float_v1_rom_shim.S.obj
LOAD CMakeFiles/kernel.dir/usr/share/pico-sdk/src/rp2_common/pico_malloc/pico_malloc.c.obj
LOAD CMakeFiles/kernel.dir/usr/share/pico-sdk/src/rp2_common/pico_mem_ops/mem_ops_aeabi.S.obj
LOAD CMakeFiles/kernel.dir/usr/share/pico-sdk/src/rp2_common/pico_standard_link/crt0.S.obj
LOAD CMakeFiles/kernel.dir/usr/share/pico-sdk/src/rp2_common/pico_standard_link/new_delete.cpp.obj
LOAD CMakeFiles/kernel.dir/usr/share/pico-sdk/src/rp2_common/pico_standard_link/binary_info.c.obj
LOAD CMakeFiles/kernel.dir/usr/share/pico-sdk/src/rp2_common/pico_stdio/stdio.c.obj
LOAD CMakeFiles/kernel.dir/usr/share/pico-sdk/src/rp2_common/pico_stdio_usb/reset_interface.c.obj
LOAD CMakeFiles/kernel.dir/usr/share/pico-sdk/src/rp2_common/pico_stdio_usb/stdio_usb.c.obj
LOAD CMakeFiles/kernel.dir/usr/share/pico-sdk/src/rp2_common/pico_stdio_usb/stdio_usb_descriptors.c.obj
LOAD CMakeFiles/kernel.dir/usr/share/pico-sdk/lib/tinyusb/src/portable/raspberrypi/rp2040/dcd_rp2040.c.obj
LOAD CMakeFiles/kernel.dir/usr/share/pico-sdk/lib/tinyusb/src/portable/raspberrypi/rp2040/rp2040_usb.c.obj
LOAD CMakeFiles/kernel.dir/usr/share/pico-sdk/lib/tinyusb/src/device/usbd.c.obj
LOAD CMakeFiles/kernel.dir/usr/share/pico-sdk/lib/tinyusb/src/device/usbd_control.c.obj
LOAD CMakeFiles/kernel.dir/usr/share/pico-sdk/lib/tinyusb/src/class/audio/audio_device.c.obj
LOAD CMakeFiles/kernel.dir/usr/share/pico-sdk/lib/tinyusb/src/class/cdc/cdc_device.c.obj
LOAD CMakeFiles/kernel.dir/usr/share/pico-sdk/lib/tinyusb/src/class/dfu/dfu_device.c.obj
LOAD CMakeFiles/kernel.dir/usr/share/pico-sdk/lib/tinyusb/src/class/dfu/dfu_rt_device.c.obj
LOAD CMakeFiles/kernel.dir/usr/share/pico-sdk/lib/tinyusb/src/class/hid/hid_device.c.obj
LOAD CMakeFiles/kernel.dir/usr/share/pico-sdk/lib/tinyusb/src/class/midi/midi_device.c.obj
LOAD CMakeFiles/kernel.dir/usr/share/pico-sdk/lib/tinyusb/src/class/msc/msc_device.c.obj
LOAD CMakeFiles/kernel.dir/usr/share/pico-sdk/lib/tinyusb/src/class/net/ecm_rndis_device.c.obj
LOAD CMakeFiles/kernel.dir/usr/share/pico-sdk/lib/tinyusb/src/class/net/ncm_device.c.obj
LOAD CMakeFiles/kernel.dir/usr/share/pico-sdk/lib/tinyusb/src/class/usbtmc/usbtmc_device.c.obj
LOAD CMakeFiles/kernel.dir/usr/share/pico-sdk/lib/tinyusb/src/class/vendor/vendor_device.c.obj
LOAD CMakeFiles/kernel.dir/usr/share/pico-sdk/lib/tinyusb/src/class/video/video_device.c.obj
LOAD CMakeFiles/kernel.dir/usr/share/pico-sdk/lib/tinyusb/src/tusb.c.obj
LOAD CMakeFiles/kernel.dir/usr/share/pico-sdk/lib/tinyusb/src/common/tusb_fifo.c.obj
LOAD CMakeFiles/kernel.dir/usr/share/pico-sdk/src/rp2_common/pico_fix/rp2040_usb_device_enumeration/rp2040_usb_device_enumeration.c.obj
LOAD CMakeFiles/kernel.dir/usr/share/pico-sdk/src/rp2_common/pico_unique_id/unique_id.c.obj
LOAD CMakeFiles/kernel.dir/usr/share/pico-sdk/src/rp2_common/hardware_flash/flash.c.obj
LOAD /tmp/ccAQ8Rre.o
LOAD /usr/lib/gcc/arm-none-eabi/11.3.0/../../../../arm-none-eabi/lib/thumb/v6-m/nofp/libstdc++.a
LOAD /usr/lib/gcc/arm-none-eabi/11.3.0/../../../../arm-none-eabi/lib/thumb/v6-m/nofp/libm.a
START GROUP
LOAD /usr/lib/gcc/arm-none-eabi/11.3.0/thumb/v6-m/nofp/libgcc.a
LOAD /usr/lib/gcc/arm-none-eabi/11.3.0/../../../../arm-none-eabi/lib/thumb/v6-m/nofp/libc.a
END GROUP
START GROUP
LOAD /usr/lib/gcc/arm-none-eabi/11.3.0/thumb/v6-m/nofp/libgcc.a
LOAD /usr/lib/gcc/arm-none-eabi/11.3.0/../../../../arm-none-eabi/lib/thumb/v6-m/nofp/libc.a
LOAD /usr/lib/gcc/arm-none-eabi/11.3.0/../../../../arm-none-eabi/lib/thumb/v6-m/nofp/libnosys.a
END GROUP
LOAD /usr/lib/gcc/arm-none-eabi/11.3.0/thumb/v6-m/nofp/crtend.o
LOAD /usr/lib/gcc/arm-none-eabi/11.3.0/thumb/v6-m/nofp/crtn.o
OUTPUT(kernel.elf elf32-littlearm)
LOAD linker stubs

.ARM.attributes
                0x0000000000000000       0x28
 .ARM.attributes
                0x0000000000000000       0x1e /usr/lib/gcc/arm-none-eabi/11.3.0/thumb/v6-m/nofp/crti.o
 .ARM.attributes
                0x000000000000001e       0x2c /usr/lib/gcc/arm-none-eabi/11.3.0/thumb/v6-m/nofp/crtbegin.o
 .ARM.attributes
                0x000000000000004a       0x2c CMakeFiles/kernel.dir/kernel.c.obj
 .ARM.attributes
                0x0000000000000076       0x2c CMakeFiles/kernel.dir/usr/share/pico-sdk/src/rp2_common/hardware_claim/claim.c.obj
 .ARM.attributes
                0x00000000000000a2       0x2c CMakeFiles/kernel.dir/usr/share/pico-sdk/src/rp2_common/pico_platform/platform.c.obj
 .ARM.attributes
                0x00000000000000ce       0x2c CMakeFiles/kernel.dir/usr/share/pico-sdk/src/rp2_common/hardware_sync/sync.c.obj
 .ARM.attributes
                0x00000000000000fa       0x2c CMakeFiles/kernel.dir/usr/share/pico-sdk/src/common/pico_time/time.c.obj
 .ARM.attributes
                0x0000000000000126       0x2c CMakeFiles/kernel.dir/usr/share/pico-sdk/src/rp2_common/hardware_timer/timer.c.obj
 .ARM.attributes
                0x0000000000000152       0x2c CMakeFiles/kernel.dir/usr/share/pico-sdk/src/common/pico_sync/lock_core.c.obj
 .ARM.attributes
                0x000000000000017e       0x2c CMakeFiles/kernel.dir/usr/share/pico-sdk/src/common/pico_sync/mutex.c.obj
 .ARM.attributes
                0x00000000000001aa       0x2c CMakeFiles/kernel.dir/usr/share/pico-sdk/src/common/pico_sync/critical_section.c.obj
 .ARM.attributes
                0x00000000000001d6       0x2c CMakeFiles/kernel.dir/usr/share/pico-sdk/src/common/pico_util/pheap.c.obj
 .ARM.attributes
                0x0000000000000202       0x2c CMakeFiles/kernel.dir/usr/share/pico-sdk/src/rp2_common/pico_runtime/runtime.c.obj
 .ARM.attributes
                0x000000000000022e       0x2c CMakeFiles/kernel.dir/usr/share/pico-sdk/src/rp2_common/hardware_clocks/clocks.c.obj
 .ARM.attributes
                0x000000000000025a       0x2c CMakeFiles/kernel.dir/usr/share/pico-sdk/src/rp2_common/hardware_irq/irq.c.obj
 .ARM.attributes
                0x0000000000000286       0x22 CMakeFiles/kernel.dir/usr/share/pico-sdk/src/rp2_common/hardware_irq/irq_handler_chain.S.obj
 .ARM.attributes
                0x00000000000002a8       0x2c CMakeFiles/kernel.dir/usr/share/pico-sdk/src/rp2_common/hardware_pll/pll.c.obj
 .ARM.attributes
                0x00000000000002d4       0x2c CMakeFiles/kernel.dir/usr/share/pico-sdk/src/rp2_common/hardware_watchdog/watchdog.c.obj
 .ARM.attributes
                0x0000000000000300       0x2c CMakeFiles/kernel.dir/usr/share/pico-sdk/src/rp2_common/hardware_xosc/xosc.c.obj
 .ARM.attributes
                0x000000000000032c       0x2c CMakeFiles/kernel.dir/usr/share/pico-sdk/src/rp2_common/pico_printf/printf.c.obj
 .ARM.attributes
                0x0000000000000358       0x22 CMakeFiles/kernel.dir/usr/share/pico-sdk/src/rp2_common/pico_bit_ops/bit_ops_aeabi.S.obj
 .ARM.attributes
                0x000000000000037a       0x2c CMakeFiles/kernel.dir/usr/share/pico-sdk/src/rp2_common/pico_bootrom/bootrom.c.obj
 .ARM.attributes
                0x00000000000003a6       0x22 CMakeFiles/kernel.dir/usr/share/pico-sdk/src/rp2_common/pico_divider/divider.S.obj
 .ARM.attributes
                0x00000000000003c8       0x22 CMakeFiles/kernel.dir/usr/share/pico-sdk/src/rp2_common/pico_double/double_aeabi.S.obj
 .ARM.attributes
                0x00000000000003ea       0x2c CMakeFiles/kernel.dir/usr/share/pico-sdk/src/rp2_common/pico_double/double_init_rom.c.obj
 .ARM.attributes
                0x0000000000000416       0x22 CMakeFiles/kernel.dir/usr/share/pico-sdk/src/rp2_common/pico_double/double_v1_rom_shim.S.obj
 .ARM.attributes
                0x0000000000000438       0x22 CMakeFiles/kernel.dir/usr/share/pico-sdk/src/rp2_common/pico_int64_ops/pico_int64_ops_aeabi.S.obj
 .ARM.attributes
                0x000000000000045a       0x22 CMakeFiles/kernel.dir/usr/share/pico-sdk/src/rp2_common/pico_float/float_aeabi.S.obj
 .ARM.attributes
                0x000000000000047c       0x2c CMakeFiles/kernel.dir/usr/share/pico-sdk/src/rp2_common/pico_float/float_init_rom.c.obj
 .ARM.attributes
                0x00000000000004a8       0x22 CMakeFiles/kernel.dir/usr/share/pico-sdk/src/rp2_common/pico_float/float_v1_rom_shim.S.obj
 .ARM.attributes
                0x00000000000004ca       0x22 CMakeFiles/kernel.dir/usr/share/pico-sdk/src/rp2_common/pico_mem_ops/mem_ops_aeabi.S.obj
 .ARM.attributes
                0x00000000000004ec       0x22 CMakeFiles/kernel.dir/usr/share/pico-sdk/src/rp2_common/pico_standard_link/crt0.S.obj
 .ARM.attributes
                0x000000000000050e       0x2c CMakeFiles/kernel.dir/usr/share/pico-sdk/src/rp2_common/pico_standard_link/binary_info.c.obj
 .ARM.attributes
                0x000000000000053a       0x2c CMakeFiles/kernel.dir/usr/share/pico-sdk/src/rp2_common/pico_stdio/stdio.c.obj
 .ARM.attributes
                0x0000000000000566       0x2c CMakeFiles/kernel.dir/usr/share/pico-sdk/src/rp2_common/pico_stdio_usb/reset_interface.c.obj
 .ARM.attributes
                0x0000000000000592       0x2c CMakeFiles/kernel.dir/usr/share/pico-sdk/src/rp2_common/pico_stdio_usb/stdio_usb.c.obj
 .ARM.attributes
                0x00000000000005be       0x2c CMakeFiles/kernel.dir/usr/share/pico-sdk/src/rp2_common/pico_stdio_usb/stdio_usb_descriptors.c.obj
 .ARM.attributes
                0x00000000000005ea       0x2c CMakeFiles/kernel.dir/usr/share/pico-sdk/lib/tinyusb/src/portable/raspberrypi/rp2040/dcd_rp2040.c.obj
 .ARM.attributes
                0x0000000000000616       0x2c CMakeFiles/kernel.dir/usr/share/pico-sdk/lib/tinyusb/src/portable/raspberrypi/rp2040/rp2040_usb.c.obj
 .ARM.attributes
                0x0000000000000642       0x2c CMakeFiles/kernel.dir/usr/share/pico-sdk/lib/tinyusb/src/device/usbd.c.obj
 .ARM.attributes
                0x000000000000066e       0x2c CMakeFiles/kernel.dir/usr/share/pico-sdk/lib/tinyusb/src/device/usbd_control.c.obj
 .ARM.attributes
                0x000000000000069a       0x2c CMakeFiles/kernel.dir/usr/share/pico-sdk/lib/tinyusb/src/class/cdc/cdc_device.c.obj
 .ARM.attributes
                0x00000000000006c6       0x2c CMakeFiles/kernel.dir/usr/share/pico-sdk/lib/tinyusb/src/tusb.c.obj
 .ARM.attributes
                0x00000000000006f2       0x2c CMakeFiles/kernel.dir/usr/share/pico-sdk/lib/tinyusb/src/common/tusb_fifo.c.obj
 .ARM.attributes
                0x000000000000071e       0x2c CMakeFiles/kernel.dir/usr/share/pico-sdk/src/rp2_common/pico_unique_id/unique_id.c.obj
 .ARM.attributes
                0x000000000000074a       0x2c CMakeFiles/kernel.dir/usr/share/pico-sdk/src/rp2_common/hardware_flash/flash.c.obj
 .ARM.attributes
                0x0000000000000776       0x22 /tmp/ccAQ8Rre.o
 .ARM.attributes
                0x0000000000000798       0x1e /usr/lib/gcc/arm-none-eabi/11.3.0/thumb/v6-m/nofp/libgcc.a(_dvmd_tls.o)
 .ARM.attributes
                0x00000000000007b6       0x2c /usr/lib/gcc/arm-none-eabi/11.3.0/../../../../arm-none-eabi/lib/thumb/v6-m/nofp/libc.a(lib_a-atexit.o)
 .ARM.attributes
                0x00000000000007e2       0x2c /usr/lib/gcc/arm-none-eabi/11.3.0/../../../../arm-none-eabi/lib/thumb/v6-m/nofp/libc.a(lib_a-fini.o)
 .ARM.attributes
                0x000000000000080e       0x2c /usr/lib/gcc/arm-none-eabi/11.3.0/../../../../arm-none-eabi/lib/thumb/v6-m/nofp/libc.a(lib_a-impure.o)
 .ARM.attributes
                0x000000000000083a       0x2c /usr/lib/gcc/arm-none-eabi/11.3.0/../../../../arm-none-eabi/lib/thumb/v6-m/nofp/libc.a(lib_a-strlen-stub.o)
 .ARM.attributes
                0x0000000000000866       0x2c /usr/lib/gcc/arm-none-eabi/11.3.0/../../../../arm-none-eabi/lib/thumb/v6-m/nofp/libc.a(lib_a-__atexit.o)
 .ARM.attributes
                0x0000000000000892       0x2c /usr/lib/gcc/arm-none-eabi/11.3.0/../../../../arm-none-eabi/lib/thumb/v6-m/nofp/libc.a(lib_a-__call_atexit.o)
 .ARM.attributes
                0x00000000000008be       0x2c /usr/lib/gcc/arm-none-eabi/11.3.0/../../../../arm-none-eabi/lib/thumb/v6-m/nofp/libc.a(lib_a-lock.o)

.comment        0x0000000000000000       0x3c
 .comment       0x0000000000000000       0x1e CMakeFiles/kernel.dir/kernel.c.obj
                                         0x1f (size before relaxing)
 .comment       0x000000000000001e       0x1f CMakeFiles/kernel.dir/usr/share/pico-sdk/src/rp2_common/hardware_claim/claim.c.obj
 .comment       0x000000000000001e       0x1f CMakeFiles/kernel.dir/usr/share/pico-sdk/src/rp2_common/pico_platform/platform.c.obj
 .comment       0x000000000000001e       0x1f CMakeFiles/kernel.dir/usr/share/pico-sdk/src/rp2_common/hardware_sync/sync.c.obj
 .comment       0x000000000000001e       0x1f CMakeFiles/kernel.dir/usr/share/pico-sdk/src/common/pico_time/time.c.obj
 .comment       0x000000000000001e       0x1f CMakeFiles/kernel.dir/usr/share/pico-sdk/src/rp2_common/hardware_timer/timer.c.obj
 .comment       0x000000000000001e       0x1f CMakeFiles/kernel.dir/usr/share/pico-sdk/src/common/pico_sync/lock_core.c.obj
 .comment       0x000000000000001e       0x1f CMakeFiles/kernel.dir/usr/share/pico-sdk/src/common/pico_sync/mutex.c.obj
 .comment       0x000000000000001e       0x1f CMakeFiles/kernel.dir/usr/share/pico-sdk/src/common/pico_sync/critical_section.c.obj
 .comment       0x000000000000001e       0x1f CMakeFiles/kernel.dir/usr/share/pico-sdk/src/common/pico_util/pheap.c.obj
 .comment       0x000000000000001e       0x1f CMakeFiles/kernel.dir/usr/share/pico-sdk/src/rp2_common/pico_runtime/runtime.c.obj
 .comment       0x000000000000001e       0x1f CMakeFiles/kernel.dir/usr/share/pico-sdk/src/rp2_common/hardware_clocks/clocks.c.obj
 .comment       0x000000000000001e       0x1f CMakeFiles/kernel.dir/usr/share/pico-sdk/src/rp2_common/hardware_irq/irq.c.obj
 .comment       0x000000000000001e       0x1f CMakeFiles/kernel.dir/usr/share/pico-sdk/src/rp2_common/hardware_pll/pll.c.obj
 .comment       0x000000000000001e       0x1f CMakeFiles/kernel.dir/usr/share/pico-sdk/src/rp2_common/hardware_watchdog/watchdog.c.obj
 .comment       0x000000000000001e       0x1f CMakeFiles/kernel.dir/usr/share/pico-sdk/src/rp2_common/hardware_xosc/xosc.c.obj
 .comment       0x000000000000001e       0x1f CMakeFiles/kernel.dir/usr/share/pico-sdk/src/rp2_common/pico_printf/printf.c.obj
 .comment       0x000000000000001e       0x1f CMakeFiles/kernel.dir/usr/share/pico-sdk/src/rp2_common/pico_bootrom/bootrom.c.obj
 .comment       0x000000000000001e       0x1f CMakeFiles/kernel.dir/usr/share/pico-sdk/src/rp2_common/pico_double/double_init_rom.c.obj
 .comment       0x000000000000001e       0x1f CMakeFiles/kernel.dir/usr/share/pico-sdk/src/rp2_common/pico_float/float_init_rom.c.obj
 .comment       0x000000000000001e       0x1f CMakeFiles/kernel.dir/usr/share/pico-sdk/src/rp2_common/pico_standard_link/binary_info.c.obj
 .comment       0x000000000000001e       0x1f CMakeFiles/kernel.dir/usr/share/pico-sdk/src/rp2_common/pico_stdio/stdio.c.obj
 .comment       0x000000000000001e       0x1f CMakeFiles/kernel.dir/usr/share/pico-sdk/src/rp2_common/pico_stdio_usb/reset_interface.c.obj
 .comment       0x000000000000001e       0x1f CMakeFiles/kernel.dir/usr/share/pico-sdk/src/rp2_common/pico_stdio_usb/stdio_usb.c.obj
 .comment       0x000000000000001e       0x1f CMakeFiles/kernel.dir/usr/share/pico-sdk/src/rp2_common/pico_stdio_usb/stdio_usb_descriptors.c.obj
 .comment       0x000000000000001e       0x1f CMakeFiles/kernel.dir/usr/share/pico-sdk/lib/tinyusb/src/portable/raspberrypi/rp2040/dcd_rp2040.c.obj
 .comment       0x000000000000001e       0x1f CMakeFiles/kernel.dir/usr/share/pico-sdk/lib/tinyusb/src/portable/raspberrypi/rp2040/rp2040_usb.c.obj
 .comment       0x000000000000001e       0x1f CMakeFiles/kernel.dir/usr/share/pico-sdk/lib/tinyusb/src/device/usbd.c.obj
 .comment       0x000000000000001e       0x1f CMakeFiles/kernel.dir/usr/share/pico-sdk/lib/tinyusb/src/device/usbd_control.c.obj
 .comment       0x000000000000001e       0x1f CMakeFiles/kernel.dir/usr/share/pico-sdk/lib/tinyusb/src/class/cdc/cdc_device.c.obj
 .comment       0x000000000000001e       0x1f CMakeFiles/kernel.dir/usr/share/pico-sdk/lib/tinyusb/src/tusb.c.obj
 .comment       0x000000000000001e       0x1f CMakeFiles/kernel.dir/usr/share/pico-sdk/lib/tinyusb/src/common/tusb_fifo.c.obj
 .comment       0x000000000000001e       0x1f CMakeFiles/kernel.dir/usr/share/pico-sdk/src/rp2_common/pico_unique_id/unique_id.c.obj
 .comment       0x000000000000001e       0x1f CMakeFiles/kernel.dir/usr/share/pico-sdk/src/rp2_common/hardware_flash/flash.c.obj
 .comment       0x000000000000001e       0x1e /usr/lib/gcc/arm-none-eabi/11.3.0/../../../../arm-none-eabi/lib/thumb/v6-m/nofp/libc.a(lib_a-atexit.o)
                                         0x1f (size before relaxing)
 .comment       0x000000000000003c       0x1f /usr/lib/gcc/arm-none-eabi/11.3.0/../../../../arm-none-eabi/lib/thumb/v6-m/nofp/libc.a(lib_a-fini.o)
 .comment       0x000000000000003c       0x1f /usr/lib/gcc/arm-none-eabi/11.3.0/../../../../arm-none-eabi/lib/thumb/v6-m/nofp/libc.a(lib_a-impure.o)
 .comment       0x000000000000003c       0x1f /usr/lib/gcc/arm-none-eabi/11.3.0/../../../../arm-none-eabi/lib/thumb/v6-m/nofp/libc.a(lib_a-strlen-stub.o)
 .comment       0x000000000000003c       0x1f /usr/lib/gcc/arm-none-eabi/11.3.0/../../../../arm-none-eabi/lib/thumb/v6-m/nofp/libc.a(lib_a-__atexit.o)
 .comment       0x000000000000003c       0x1f /usr/lib/gcc/arm-none-eabi/11.3.0/../../../../arm-none-eabi/lib/thumb/v6-m/nofp/libc.a(lib_a-__call_atexit.o)
 .comment       0x000000000000003c       0x1f /usr/lib/gcc/arm-none-eabi/11.3.0/../../../../arm-none-eabi/lib/thumb/v6-m/nofp/libc.a(lib_a-lock.o)

.debug_line     0x0000000000000000      0xa8c
 .debug_line    0x0000000000000000       0x4a /usr/lib/gcc/arm-none-eabi/11.3.0/thumb/v6-m/nofp/libgcc.a(_dvmd_tls.o)
 .debug_line    0x000000000000004a       0xed /usr/lib/gcc/arm-none-eabi/11.3.0/../../../../arm-none-eabi/lib/thumb/v6-m/nofp/libc.a(lib_a-atexit.o)
 .debug_line    0x0000000000000137       0xf9 /usr/lib/gcc/arm-none-eabi/11.3.0/../../../../arm-none-eabi/lib/thumb/v6-m/nofp/libc.a(lib_a-fini.o)
 .debug_line    0x0000000000000230      0x10e /usr/lib/gcc/arm-none-eabi/11.3.0/../../../../arm-none-eabi/lib/thumb/v6-m/nofp/libc.a(lib_a-impure.o)
 .debug_line    0x000000000000033e      0x197 /usr/lib/gcc/arm-none-eabi/11.3.0/../../../../arm-none-eabi/lib/thumb/v6-m/nofp/libc.a(lib_a-strlen-stub.o)