Archive member included to satisfy reference by file (symbol)

/usr/lib/gcc/arm-none-eabi/11.3.0/thumb/v6-m/nofp/libgcc.a(_dvmd_tls.o)
                              CMakeFiles/blink.dir/usr/share/pico-sdk/src/rp2_common/pico_divider/divider.S.obj (__aeabi_idiv0)
/usr/lib/gcc/arm-none-eabi/11.3.0/../../../../arm-none-eabi/lib/thumb/v6-m/nofp/libc.a(lib_a-atexit.o)
                              /usr/lib/gcc/arm-none-eabi/11.3.0/../../../../arm-none-eabi/lib/thumb/v6-m/nofp/crt0.o (atexit)
/usr/lib/gcc/arm-none-eabi/11.3.0/../../../../arm-none-eabi/lib/thumb/v6-m/nofp/libc.a(lib_a-calloc.o)
                              CMakeFiles/blink.dir/usr/share/pico-sdk/src/rp2_common/pico_malloc/pico_malloc.c.obj (calloc)
/usr/lib/gcc/arm-none-eabi/11.3.0/../../../../arm-none-eabi/lib/thumb/v6-m/nofp/libc.a(lib_a-callocr.o)
                              /usr/lib/gcc/arm-none-eabi/11.3.0/../../../../arm-none-eabi/lib/thumb/v6-m/nofp/libc.a(lib_a-calloc.o) (_calloc_r)
/usr/lib/gcc/arm-none-eabi/11.3.0/../../../../arm-none-eabi/lib/thumb/v6-m/nofp/libc.a(lib_a-errno.o)
                              /usr/lib/gcc/arm-none-eabi/11.3.0/../../../../arm-none-eabi/lib/thumb/v6-m/nofp/libc.a(lib_a-callocr.o) (__errno)
/usr/lib/gcc/arm-none-eabi/11.3.0/../../../../arm-none-eabi/lib/thumb/v6-m/nofp/libc.a(lib_a-fini.o)
                              /usr/lib/gcc/arm-none-eabi/11.3.0/../../../../arm-none-eabi/lib/thumb/v6-m/nofp/crt0.o (__libc_fini_array)
/usr/lib/gcc/arm-none-eabi/11.3.0/../../../../arm-none-eabi/lib/thumb/v6-m/nofp/libc.a(lib_a-impure.o)
                              /usr/lib/gcc/arm-none-eabi/11.3.0/../../../../arm-none-eabi/lib/thumb/v6-m/nofp/libc.a(lib_a-calloc.o) (_impure_ptr)
/usr/lib/gcc/arm-none-eabi/11.3.0/../../../../arm-none-eabi/lib/thumb/v6-m/nofp/libc.a(lib_a-init.o)
                              /usr/lib/gcc/arm-none-eabi/11.3.0/../../../../arm-none-eabi/lib/thumb/v6-m/nofp/crt0.o (__libc_init_array)
/usr/lib/gcc/arm-none-eabi/11.3.0/../../../../arm-none-eabi/lib/thumb/v6-m/nofp/libc.a(lib_a-malloc.o)
                              CMakeFiles/blink.dir/usr/share/pico-sdk/src/rp2_common/pico_malloc/pico_malloc.c.obj (malloc)
/usr/lib/gcc/arm-none-eabi/11.3.0/../../../../arm-none-eabi/lib/thumb/v6-m/nofp/libc.a(lib_a-mallocr.o)
                              /usr/lib/gcc/arm-none-eabi/11.3.0/../../../../arm-none-eabi/lib/thumb/v6-m/nofp/libc.a(lib_a-callocr.o) (_malloc_r)
/usr/lib/gcc/arm-none-eabi/11.3.0/../../../../arm-none-eabi/lib/thumb/v6-m/nofp/libc.a(lib_a-mlock.o)
                              /usr/lib/gcc/arm-none-eabi/11.3.0/../../../../arm-none-eabi/lib/thumb/v6-m/nofp/libc.a(lib_a-mallocr.o) (__malloc_lock)
/usr/lib/gcc/arm-none-eabi/11.3.0/../../../../arm-none-eabi/lib/thumb/v6-m/nofp/libc.a(lib_a-sbrkr.o)
                              /usr/lib/gcc/arm-none-eabi/11.3.0/../../../../arm-none-eabi/lib/thumb/v6-m/nofp/libc.a(lib_a-mallocr.o) (_sbrk_r)
/usr/lib/gcc/arm-none-eabi/11.3.0/../../../../arm-none-eabi/lib/thumb/v6-m/nofp/libc.a(lib_a-strlen-stub.o)
                              CMakeFiles/blink.dir/usr/share/pico-sdk/src/rp2_common/pico_stdio/stdio.c.obj (strlen)
/usr/lib/gcc/arm-none-eabi/11.3.0/../../../../arm-none-eabi/lib/thumb/v6-m/nofp/libc.a(lib_a-__atexit.o)
                              /usr/lib/gcc/arm-none-eabi/11.3.0/../../../../arm-none-eabi/lib/thumb/v6-m/nofp/libc.a(lib_a-atexit.o) (__register_exitproc)
/usr/lib/gcc/arm-none-eabi/11.3.0/../../../../arm-none-eabi/lib/thumb/v6-m/nofp/libc.a(lib_a-__call_atexit.o)
                              /usr/lib/gcc/arm-none-eabi/11.3.0/../../../../arm-none-eabi/lib/thumb/v6-m/nofp/libc.a(lib_a-__atexit.o) (__atexit_recursive_mutex)
/usr/lib/gcc/arm-none-eabi/11.3.0/../../../../arm-none-eabi/lib/thumb/v6-m/nofp/libc.a(lib_a-freer.o)
                              /usr/lib/gcc/arm-none-eabi/11.3.0/../../../../arm-none-eabi/lib/thumb/v6-m/nofp/libc.a(lib_a-malloc.o) (_free_r)
/usr/lib/gcc/arm-none-eabi/11.3.0/../../../../arm-none-eabi/lib/thumb/v6-m/nofp/libc.a(lib_a-lock.o)
                              /usr/lib/gcc/arm-none-eabi/11.3.0/../../../../arm-none-eabi/lib/thumb/v6-m/nofp/libc.a(lib_a-mlock.o) (__retarget_lock_acquire_recursive)
/usr/lib/gcc/arm-none-eabi/11.3.0/../../../../arm-none-eabi/lib/thumb/v6-m/nofp/libc.a(lib_a-reent.o)
                              /usr/lib/gcc/arm-none-eabi/11.3.0/../../../../arm-none-eabi/lib/thumb/v6-m/nofp/libc.a(lib_a-sbrkr.o) (errno)

Discarded input sections

 .text          0x0000000000000000        0x0 /usr/lib/gcc/arm-none-eabi/11.3.0/thumb/v6-m/nofp/crti.o
 .data          0x0000000000000000        0x0 /usr/lib/gcc/arm-none-eabi/11.3.0/thumb/v6-m/nofp/crti.o
 .bss           0x0000000000000000        0x0 /usr/lib/gcc/arm-none-eabi/11.3.0/thumb/v6-m/nofp/crti.o
 .text          0x0000000000000000        0x0 /usr/lib/gcc/arm-none-eabi/11.3.0/thumb/v6-m/nofp/crtbegin.o
 .data          0x0000000000000000        0x0 /usr/lib/gcc/arm-none-eabi/11.3.0/thumb/v6-m/nofp/crtbegin.o
[...]
Memory Configuration

Name             Origin             Length             Attributes
FLASH            0x0000000010000000 0x0000000000200000 xr
RAM              0x0000000020000000 0x0000000000040000 xrw
SCRATCH_X        0x0000000020040000 0x0000000000001000 xrw
SCRATCH_Y        0x0000000020041000 0x0000000000001000 xrw
*default*        0x0000000000000000 0xffffffffffffffff

Linker script and memory map

LOAD /usr/lib/gcc/arm-none-eabi/11.3.0/thumb/v6-m/nofp/crti.o
LOAD /usr/lib/gcc/arm-none-eabi/11.3.0/thumb/v6-m/nofp/crtbegin.o
LOAD /usr/lib/gcc/arm-none-eabi/11.3.0/../../../../arm-none-eabi/lib/thumb/v6-m/nofp/crt0.o

.flash_begin    0x0000000010000000        0x0
                0x0000000010000000                __flash_binary_start = .

.boot2          0x0000000010000000      0x100
                0x0000000010000000                __boot2_start__ = .
 *(.boot2)
 .boot2         0x0000000010000000      0x100 /tmp/ccTYDHgH.o
                0x0000000010000100                __boot2_end__ = .
                0x0000000000000001                ASSERT (((__boot2_end__ - __boot2_start__) == 0x100), ERROR: Pico second stage bootloader must be 256 bytes in size)

.text           0x0000000010000100     0x3db8
                0x0000000010000100                __logical_binary_start = .
 *(.vectors)
 .vectors       0x0000000010000100       0xd4 CMakeFiles/blink.dir/usr/share/pico-sdk/src/rp2_common/pico_standard_link/crt0.S.obj
                0x0000000010000100                __vectors
                0x0000000010000100                __VECTOR_TABLE
                0x00000000100001c0                isr_invalid
                0x00000000100001c0                __default_isrs_start
                0x00000000100001c2                isr_nmi
                0x00000000100001c4                isr_hardfault
                0x00000000100001c6                isr_svcall
                0x00000000100001c8                isr_pendsv
                0x00000000100001ca                isr_systick
                0x00000000100001cc                isr_irq30
                0x00000000100001cc                __unhandled_user_irq
                0x00000000100001cc                isr_irq13
                0x00000000100001cc                isr_irq27
                0x00000000100001cc                isr_irq31
                0x00000000100001cc                isr_irq5
                0x00000000100001cc                isr_irq11
                0x00000000100001cc                isr_irq23
                0x00000000100001cc                isr_irq18
                0x00000000100001cc                isr_irq28
                0x00000000100001cc                isr_irq19
                0x00000000100001cc                isr_irq0
                0x00000000100001cc                isr_irq6
                0x00000000100001cc                isr_irq22
                0x00000000100001cc                isr_irq17
                0x00000000100001cc                isr_irq14
                0x00000000100001cc                isr_irq2
                0x00000000100001cc                isr_irq10
                0x00000000100001cc                isr_irq8
                0x00000000100001cc                isr_irq24
                0x00000000100001cc                isr_irq1
                0x00000000100001cc                isr_irq7
                0x00000000100001cc                isr_irq21
                0x00000000100001cc                isr_irq20
                0x00000000100001cc                isr_irq15
                0x00000000100001cc                isr_irq25
                0x00000000100001cc                isr_irq4
                0x00000000100001cc                isr_irq16
                0x00000000100001cc                isr_irq29
                0x00000000100001cc                isr_irq26
                0x00000000100001cc                __default_isrs_end
                0x00000000100001cc                isr_irq3
                0x00000000100001cc                isr_irq12
                0x00000000100001cc                isr_irq9
                0x00000000100001d2                unhandled_user_irq_num_in_r0
 *(.binary_info_header)
 .binary_info_header
                0x00000000100001d4       0x14 CMakeFiles/blink.dir/usr/share/pico-sdk/src/rp2_common/pico_standard_link/crt0.S.obj
                0x00000000100001e8                __binary_info_header_end = .
 *(.reset)
 .reset         0x00000000100001e8       0xa8 CMakeFiles/blink.dir/usr/share/pico-sdk/src/rp2_common/pico_standard_link/crt0.S.obj
                0x00000000100001e8                _entry_point
                0x0000000010000266                __get_current_exception
 .reset         0x0000000010000290       0x24 CMakeFiles/blink.dir/usr/share/pico-sdk/src/rp2_common/pico_standard_link/binary_info.c.obj
 *(.init)
 .init          0x00000000100002b4        0x4 /usr/lib/gcc/arm-none-eabi/11.3.0/thumb/v6-m/nofp/crti.o
                0x00000000100002b4                _init
 *(EXCLUDE_FILE(*libm.a: *libc.a:*lib_a-mem*.o *libgcc.a:) .text*)
 .text.frame_dummy
                0x00000000100002b8       0x20 /usr/lib/gcc/arm-none-eabi/11.3.0/thumb/v6-m/nofp/crtbegin.o
 .text.startup.main
                0x00000000100002d8       0x10 CMakeFiles/blink.dir/kernel.c.obj
                0x00000000100002d8                main
 .text.hw_claim_or_assert
                0x00000000100002e8       0x44 CMakeFiles/blink.dir/usr/share/pico-sdk/src/rp2_common/hardware_claim/claim.c.obj
                0x00000000100002e8                hw_claim_or_assert
 .text.running_on_fpga
                0x000000001000032c       0x10 CMakeFiles/blink.dir/usr/share/pico-sdk/src/rp2_common/pico_platform/platform.c.obj
                0x000000001000032c                running_on_fpga
 .text.spin_locks_reset
                0x000000001000033c       0x1c CMakeFiles/blink.dir/usr/share/pico-sdk/src/rp2_common/hardware_sync/sync.c.obj
                0x000000001000033c                spin_locks_reset
 .text.next_striped_spin_lock_num
                0x0000000010000358       0x18 CMakeFiles/blink.dir/usr/share/pico-sdk/src/rp2_common/hardware_sync/sync.c.obj
                0x0000000010000358                next_striped_spin_lock_num
 .text.timer_pool_entry_comparator
                0x0000000010000370       0x34 CMakeFiles/blink.dir/usr/share/pico-sdk/src/common/pico_time/time.c.obj
                0x0000000010000370                timer_pool_entry_comparator
 .text.add_alarm_under_lock.isra.0
                0x00000000100003a4       0xfc CMakeFiles/blink.dir/usr/share/pico-sdk/src/common/pico_time/time.c.obj
 .text.alarm_pool_alarm_callback
                0x00000000100004a0      0x1c8 CMakeFiles/blink.dir/usr/share/pico-sdk/src/common/pico_time/time.c.obj
 .text.alarm_pool_init_default
                0x0000000010000668       0x64 CMakeFiles/blink.dir/usr/share/pico-sdk/src/common/pico_time/time.c.obj
                0x0000000010000668                alarm_pool_init_default
 .text.hardware_alarm_irq_handler
                0x00000000100006cc       0xb8 CMakeFiles/blink.dir/usr/share/pico-sdk/src/rp2_common/hardware_timer/timer.c.obj
 .text.hardware_alarm_claim
                0x0000000010000784       0x18 CMakeFiles/blink.dir/usr/share/pico-sdk/src/rp2_common/hardware_timer/timer.c.obj
                0x0000000010000784                hardware_alarm_claim
 .text.time_us_64
                0x000000001000079c       0x14 CMakeFiles/blink.dir/usr/share/pico-sdk/src/rp2_common/hardware_timer/timer.c.obj
                0x000000001000079c                time_us_64
 .text.hardware_alarm_set_callback
                0x00000000100007b0       0x8c CMakeFiles/blink.dir/usr/share/pico-sdk/src/rp2_common/hardware_timer/timer.c.obj
                0x00000000100007b0                hardware_alarm_set_callback
 .text.hardware_alarm_set_target
                0x000000001000083c       0xe0 CMakeFiles/blink.dir/usr/share/pico-sdk/src/rp2_common/hardware_timer/timer.c.obj
                0x000000001000083c                hardware_alarm_set_target
 .text.hardware_alarm_cancel
                0x000000001000091c       0x3c CMakeFiles/blink.dir/usr/share/pico-sdk/src/rp2_common/hardware_timer/timer.c.obj
                0x000000001000091c                hardware_alarm_cancel
 .text.lock_init
                0x0000000010000958       0x10 CMakeFiles/blink.dir/usr/share/pico-sdk/src/common/pico_sync/lock_core.c.obj
                0x0000000010000958                lock_init
 .text.mutex_init
                0x0000000010000968       0x1c CMakeFiles/blink.dir/usr/share/pico-sdk/src/common/pico_sync/mutex.c.obj
                0x0000000010000968                mutex_init
 .text.recursive_mutex_init
                0x0000000010000984       0x1c CMakeFiles/blink.dir/usr/share/pico-sdk/src/common/pico_sync/mutex.c.obj
                0x0000000010000984                recursive_mutex_init
 .text.ph_merge_nodes
                0x00000000100009a0       0x5c CMakeFiles/blink.dir/usr/share/pico-sdk/src/common/pico_util/pheap.c.obj
 .text.ph_post_alloc_init
                0x00000000100009fc       0x3c CMakeFiles/blink.dir/usr/share/pico-sdk/src/common/pico_util/pheap.c.obj
                0x00000000100009fc                ph_post_alloc_init
 .text.ph_merge_two_pass
                0x0000000010000a38       0x90 CMakeFiles/blink.dir/usr/share/pico-sdk/src/common/pico_util/pheap.c.obj
                0x0000000010000a38                ph_merge_two_pass
 .text.ph_remove_any_head
                0x0000000010000ac8       0xf8 CMakeFiles/blink.dir/usr/share/pico-sdk/src/common/pico_util/pheap.c.obj
 .text.ph_remove_head
                0x0000000010000bc0       0xfc CMakeFiles/blink.dir/usr/share/pico-sdk/src/common/pico_util/pheap.c.obj
                0x0000000010000bc0                ph_remove_head
 .text.ph_remove_and_free_node
                0x0000000010000cbc       0x7c CMakeFiles/blink.dir/usr/share/pico-sdk/src/common/pico_util/pheap.c.obj
                0x0000000010000cbc                ph_remove_and_free_node
 .text.runtime_init
                0x0000000010000d38       0xec CMakeFiles/blink.dir/usr/share/pico-sdk/src/rp2_common/pico_runtime/runtime.c.obj
                0x0000000010000d38                runtime_init
 .text.exit     0x0000000010000e24        0x4 CMakeFiles/blink.dir/usr/share/pico-sdk/src/rp2_common/pico_runtime/runtime.c.obj
                0x0000000010000e24                exit
 .text.panic    0x0000000010000e28       0x30 CMakeFiles/blink.dir/usr/share/pico-sdk/src/rp2_common/pico_runtime/runtime.c.obj
                0x0000000010000e28                panic
 .text.hard_assertion_failure
                0x0000000010000e58        0xc CMakeFiles/blink.dir/usr/share/pico-sdk/src/rp2_common/pico_runtime/runtime.c.obj
                0x0000000010000e58                hard_assertion_failure
 .text.clocks_init
                0x0000000010000e64      0x2b0 CMakeFiles/blink.dir/usr/share/pico-sdk/src/rp2_common/hardware_clocks/clocks.c.obj
                0x0000000010000e64                clocks_init
 .text.irq_set_enabled
                0x0000000010001114       0x24 CMakeFiles/blink.dir/usr/share/pico-sdk/src/rp2_common/hardware_irq/irq.c.obj
                0x0000000010001114                irq_set_enabled
 .text.irq_get_vtable_handler
                0x0000000010001138       0x10 CMakeFiles/blink.dir/usr/share/pico-sdk/src/rp2_common/hardware_irq/irq.c.obj
                0x0000000010001138                irq_get_vtable_handler
 .text.irq_set_exclusive_handler
                0x0000000010001148       0x54 CMakeFiles/blink.dir/usr/share/pico-sdk/src/rp2_common/hardware_irq/irq.c.obj
                0x0000000010001148                irq_set_exclusive_handler
 .text.irq_remove_handler
                0x000000001000119c      0x1bc CMakeFiles/blink.dir/usr/share/pico-sdk/src/rp2_common/hardware_irq/irq.c.obj
                0x000000001000119c                irq_remove_handler
 .text.irq_add_tail_to_free_list
                0x0000000010001358       0xb4 CMakeFiles/blink.dir/usr/share/pico-sdk/src/rp2_common/hardware_irq/irq.c.obj
                0x0000000010001358                irq_add_tail_to_free_list
 .text.irq_init_priorities
                0x000000001000140c       0x24 CMakeFiles/blink.dir/usr/share/pico-sdk/src/rp2_common/hardware_irq/irq.c.obj
                0x000000001000140c                irq_init_priorities
 .text.pll_init
                0x0000000010001430       0xa0 CMakeFiles/blink.dir/usr/share/pico-sdk/src/rp2_common/hardware_pll/pll.c.obj
                0x0000000010001430                pll_init
 .text.watchdog_start_tick
                0x00000000100014d0       0x10 CMakeFiles/blink.dir/usr/share/pico-sdk/src/rp2_common/hardware_watchdog/watchdog.c.obj
                0x00000000100014d0                watchdog_start_tick
 .text.xosc_init
                0x00000000100014e0       0x28 CMakeFiles/blink.dir/usr/share/pico-sdk/src/rp2_common/hardware_xosc/xosc.c.obj
                0x00000000100014e0                xosc_init
 .text._out_null
                0x0000000010001508        0x4 CMakeFiles/blink.dir/usr/share/pico-sdk/src/rp2_common/pico_printf/printf.c.obj
 .text._out_rev
                0x000000001000150c       0x90 CMakeFiles/blink.dir/usr/share/pico-sdk/src/rp2_common/pico_printf/printf.c.obj
 .text._ntoa_format
                0x000000001000159c      0x1c0 CMakeFiles/blink.dir/usr/share/pico-sdk/src/rp2_common/pico_printf/printf.c.obj
 .text._out_char
                0x000000001000175c       0x10 CMakeFiles/blink.dir/usr/share/pico-sdk/src/rp2_common/pico_printf/printf.c.obj
 .text._out_fct
                0x000000001000176c       0x10 CMakeFiles/blink.dir/usr/share/pico-sdk/src/rp2_common/pico_printf/printf.c.obj
 .text._etoa    0x000000001000177c      0x454 CMakeFiles/blink.dir/usr/share/pico-sdk/src/rp2_common/pico_printf/printf.c.obj
 .text._ftoa    0x0000000010001bd0      0x3d0 CMakeFiles/blink.dir/usr/share/pico-sdk/src/rp2_common/pico_printf/printf.c.obj
 .text._vsnprintf
                0x0000000010001fa0      0xb70 CMakeFiles/blink.dir/usr/share/pico-sdk/src/rp2_common/pico_printf/printf.c.obj
 .text.vfctprintf
                0x0000000010002b10       0x20 CMakeFiles/blink.dir/usr/share/pico-sdk/src/rp2_common/pico_printf/printf.c.obj
                0x0000000010002b10                vfctprintf
 .text.weak_raw_vprintf
                0x0000000010002b30       0x30 CMakeFiles/blink.dir/usr/share/pico-sdk/src/rp2_common/pico_printf/printf.c.obj
                0x0000000010002b30                weak_raw_vprintf
 .text          0x0000000010002b60       0x10 CMakeFiles/blink.dir/usr/share/pico-sdk/src/rp2_common/pico_bit_ops/bit_ops_aeabi.S.obj
 .text.rom_func_lookup
                0x0000000010002b70       0x10 CMakeFiles/blink.dir/usr/share/pico-sdk/src/rp2_common/pico_bootrom/bootrom.c.obj
                0x0000000010002b70                rom_func_lookup
 .text.rom_data_lookup
                0x0000000010002b80       0x10 CMakeFiles/blink.dir/usr/share/pico-sdk/src/rp2_common/pico_bootrom/bootrom.c.obj
                0x0000000010002b80                rom_data_lookup
 .text.rom_funcs_lookup
                0x0000000010002b90       0x44 CMakeFiles/blink.dir/usr/share/pico-sdk/src/rp2_common/pico_bootrom/bootrom.c.obj
                0x0000000010002b90                rom_funcs_lookup
 .text.__wrap___aeabi_idiv
                0x0000000010002bd4       0x50 CMakeFiles/blink.dir/usr/share/pico-sdk/src/rp2_common/pico_divider/divider.S.obj
                0x0000000010002bd4                __wrap___aeabi_idivmod
                0x0000000010002bd4                divmod_s32s32
                0x0000000010002bd4                div_s32s32
                0x0000000010002bd4                __wrap___aeabi_idiv
                0x0000000010002bdc                divmod_s32s32_unsafe
                0x0000000010002c08                divmod_s32s32_savestate
 .text.__wrap___aeabi_uidiv
                0x0000000010002c24       0x4c CMakeFiles/blink.dir/usr/share/pico-sdk/src/rp2_common/pico_divider/divider.S.obj
                0x0000000010002c24                __wrap___aeabi_uidiv
                0x0000000010002c24                __wrap___aeabi_uidivmod
                0x0000000010002c24                div_u32u32
                0x0000000010002c24                divmod_u32u32
                0x0000000010002c2c                divmod_u32u32_unsafe
                0x0000000010002c54                divmod_u32u32_savestate
 .text.__wrap___aeabi_ldiv
                0x0000000010002c70      0x434 CMakeFiles/blink.dir/usr/share/pico-sdk/src/rp2_common/pico_divider/divider.S.obj
                0x0000000010002c70                div_s64s64
                0x0000000010002c70                divmod_s64s64
                0x0000000010002c70                __wrap___aeabi_ldivmod
                0x0000000010002ca8                div_u64u64
                0x0000000010002ca8                divmod_u64u64
                0x0000000010002ca8                __wrap___aeabi_uldivmod
                0x0000000010002cb8                divmod_u64u64_savestate
                0x0000000010002ce0                divmod_s64s64_unsafe
                0x0000000010002d68                divmod_u64u64_unsafe
 .text.__wrap___aeabi_darithmetic
                0x00000000100030a4       0x80 CMakeFiles/blink.dir/usr/share/pico-sdk/src/rp2_common/pico_double/double_aeabi.S.obj
                0x00000000100030a4                __wrap___aeabi_drsub
                0x00000000100030aa                __wrap___aeabi_dsub
                0x00000000100030bc                __wrap___aeabi_dadd
                0x00000000100030ce                __wrap___aeabi_ddiv
                0x000000001000310a                __wrap___aeabi_dmul
 .text.__wrap___aeabi_cdcmple
                0x0000000010003124       0x6c CMakeFiles/blink.dir/usr/share/pico-sdk/src/rp2_common/pico_double/double_aeabi.S.obj
                0x0000000010003124                __wrap___aeabi_cdrcmple
                0x0000000010003134                __wrap___aeabi_cdcmple
                0x0000000010003134                __wrap___aeabi_cdcmpeq
 .text.__wrap___aeabi_dcmplt
                0x0000000010003190        0xc CMakeFiles/blink.dir/usr/share/pico-sdk/src/rp2_common/pico_double/double_aeabi.S.obj
                0x0000000010003190                __wrap___aeabi_dcmplt
 .text.__wrap___aeabi_dcmple
                0x000000001000319c       0x10 CMakeFiles/blink.dir/usr/share/pico-sdk/src/rp2_common/pico_double/double_aeabi.S.obj
                0x000000001000319c                __wrap___aeabi_dcmple
 .text.__wrap___aeabi_dcmpge
                0x00000000100031ac       0x10 CMakeFiles/blink.dir/usr/share/pico-sdk/src/rp2_common/pico_double/double_aeabi.S.obj
                0x00000000100031ac                __wrap___aeabi_dcmpge
 .text.__wrap___aeabi_dcmpgt
                0x00000000100031bc        0xa CMakeFiles/blink.dir/usr/share/pico-sdk/src/rp2_common/pico_double/double_aeabi.S.obj
                0x00000000100031bc                __wrap___aeabi_dcmpgt
 .text.__wrap___aeabi_dcmpun
                0x00000000100031c6       0x1c CMakeFiles/blink.dir/usr/share/pico-sdk/src/rp2_common/pico_double/double_aeabi.S.obj
                0x00000000100031c6                __wrap___aeabi_dcmpun
 *fill*         0x00000000100031e2        0x2 
 .text.__wrap___aeabi_i2d
                0x00000000100031e4       0x38 CMakeFiles/blink.dir/usr/share/pico-sdk/src/rp2_common/pico_double/double_aeabi.S.obj
                0x00000000100031e4                __wrap___aeabi_ui2d
                0x00000000100031ec                __wrap___aeabi_i2d
 .text.__wrap___aeabi_d2iz
                0x000000001000321c       0x48 CMakeFiles/blink.dir/usr/share/pico-sdk/src/rp2_common/pico_double/double_aeabi.S.obj
                0x000000001000321c                __wrap___aeabi_d2iz
                0x000000001000321c                double2int_z
 .text.__wrap___aeabi_d2uiz
                0x0000000010003264       0x18 CMakeFiles/blink.dir/usr/share/pico-sdk/src/rp2_common/pico_double/double_aeabi.S.obj
                0x0000000010003264                double2uint
                0x0000000010003264                __wrap___aeabi_d2uiz
 .text.__aeabi_double_init
                0x000000001000327c       0x94 CMakeFiles/blink.dir/usr/share/pico-sdk/src/rp2_common/pico_double/double_init_rom.c.obj
                0x000000001000327c                __aeabi_double_init
 .text.double_table_shim_on_use_helper
                0x0000000010003310       0x2c CMakeFiles/blink.dir/usr/share/pico-sdk/src/rp2_common/pico_double/double_v1_rom_shim.S.obj
                0x0000000010003310                double_table_shim_on_use_helper
 .text.__wrap___aeabi_dsub
                0x000000001000333c       0x10 CMakeFiles/blink.dir/usr/share/pico-sdk/src/rp2_common/pico_double/double_v1_rom_shim.S.obj
                0x000000001000333c                drsub_shim
                0x0000000010003342                dsub_shim
 .text.dadd_shim
                0x000000001000334c      0x15c CMakeFiles/blink.dir/usr/share/pico-sdk/src/rp2_common/pico_double/double_v1_rom_shim.S.obj
                0x000000001000334c                dadd_shim
 .text.dmul_shim
                0x00000000100034a8      0x15c CMakeFiles/blink.dir/usr/share/pico-sdk/src/rp2_common/pico_double/double_v1_rom_shim.S.obj
                0x00000000100034a8                dmul_shim
 .text.ddiv_shim
                0x0000000010003604      0x1b0 CMakeFiles/blink.dir/usr/share/pico-sdk/src/rp2_common/pico_double/double_v1_rom_shim.S.obj
                0x0000000010003604                ddiv_shim
 .text.double2uint_shim
                0x00000000100037b4        0xe CMakeFiles/blink.dir/usr/share/pico-sdk/src/rp2_common/pico_double/double_v1_rom_shim.S.obj
                0x00000000100037b4                double2uint_shim
                0x00000000100037b6                double2ufix_shim
 *fill*         0x00000000100037c2        0x2 
 .text.double2uint64_shim
                0x00000000100037c4       0x70 CMakeFiles/blink.dir/usr/share/pico-sdk/src/rp2_common/pico_double/double_v1_rom_shim.S.obj
                0x00000000100037c4                double2uint64_shim
                0x00000000100037c6                double2ufix64_shim
                0x00000000100037e6                d2fix_a
 .text.dunpacks
                0x0000000010003834       0x3c CMakeFiles/blink.dir/usr/share/pico-sdk/src/rp2_common/pico_double/double_v1_rom_shim.S.obj
                0x0000000010003834                dunpacks
 .text.__aeabi_float_init
                0x0000000010003870       0x64 CMakeFiles/blink.dir/usr/share/pico-sdk/src/rp2_common/pico_float/float_init_rom.c.obj
                0x0000000010003870                __aeabi_float_init
 .text.float_table_shim_on_use_helper
                0x00000000100038d4       0x2c CMakeFiles/blink.dir/usr/share/pico-sdk/src/rp2_common/pico_float/float_v1_rom_shim.S.obj
                0x00000000100038d4                float_table_shim_on_use_helper
 .text          0x0000000010003900       0x10 CMakeFiles/blink.dir/usr/share/pico-sdk/src/rp2_common/pico_mem_ops/mem_ops_aeabi.S.obj
                0x0000000010003900                __aeabi_mem_init
 .text.memset   0x0000000010003910        0xc CMakeFiles/blink.dir/usr/share/pico-sdk/src/rp2_common/pico_mem_ops/mem_ops_aeabi.S.obj
                0x0000000010003910                __wrap_memset
 .text.memcpy   0x000000001000391c        0xc CMakeFiles/blink.dir/usr/share/pico-sdk/src/rp2_common/pico_mem_ops/mem_ops_aeabi.S.obj
                0x000000001000391c                __wrap___aeabi_memcpy
                0x000000001000391c                __wrap_memcpy
 .text.stdio_out_chars_no_crlf
                0x0000000010003928       0x10 CMakeFiles/blink.dir/usr/share/pico-sdk/src/rp2_common/pico_stdio/stdio.c.obj
 .text.stdio_out_chars_crlf
                0x0000000010003938       0xa0 CMakeFiles/blink.dir/usr/share/pico-sdk/src/rp2_common/pico_stdio/stdio.c.obj
 .text.stdio_buffered_printer
                0x00000000100039d8       0x64 CMakeFiles/blink.dir/usr/share/pico-sdk/src/rp2_common/pico_stdio/stdio.c.obj
 .text.stdio_put_string.isra.0
                0x0000000010003a3c       0xfc CMakeFiles/blink.dir/usr/share/pico-sdk/src/rp2_common/pico_stdio/stdio.c.obj
 .text.__wrap_putchar
                0x0000000010003b38       0xa0 CMakeFiles/blink.dir/usr/share/pico-sdk/src/rp2_common/pico_stdio/stdio.c.obj
                0x0000000010003b38                __wrap_putchar
 .text.__wrap_puts
                0x0000000010003bd8       0x3c CMakeFiles/blink.dir/usr/share/pico-sdk/src/rp2_common/pico_stdio/stdio.c.obj
                0x0000000010003bd8                __wrap_puts
 .text.__wrap_vprintf
                0x0000000010003c14       0xd4 CMakeFiles/blink.dir/usr/share/pico-sdk/src/rp2_common/pico_stdio/stdio.c.obj
                0x0000000010003c14                __wrap_vprintf
 .text.__wrap_printf
                0x0000000010003ce8       0x18 CMakeFiles/blink.dir/usr/share/pico-sdk/src/rp2_common/pico_stdio/stdio.c.obj
                0x0000000010003ce8                __wrap_printf
 .text.atexit   0x0000000010003d00       0x10 /usr/lib/gcc/arm-none-eabi/11.3.0/../../../../arm-none-eabi/lib/thumb/v6-m/nofp/libc.a(lib_a-atexit.o)
                0x0000000010003d00                atexit
 .text.__libc_fini_array
                0x0000000010003d10       0x28 /usr/lib/gcc/arm-none-eabi/11.3.0/../../../../arm-none-eabi/lib/thumb/v6-m/nofp/libc.a(lib_a-fini.o)
                0x0000000010003d10                __libc_fini_array
 .text.strlen   0x0000000010003d38       0x5c /usr/lib/gcc/arm-none-eabi/11.3.0/../../../../arm-none-eabi/lib/thumb/v6-m/nofp/libc.a(lib_a-strlen-stub.o)
                0x0000000010003d38                strlen
 .text.__register_exitproc
                0x0000000010003d94       0xac /usr/lib/gcc/arm-none-eabi/11.3.0/../../../../arm-none-eabi/lib/thumb/v6-m/nofp/libc.a(lib_a-__atexit.o)
                0x0000000010003d94                __register_exitproc
 .text.startup.register_fini
                0x0000000010003e40       0x18 /usr/lib/gcc/arm-none-eabi/11.3.0/../../../../arm-none-eabi/lib/thumb/v6-m/nofp/libc.a(lib_a-__call_atexit.o)
 .text.__retarget_lock_acquire_recursive
                0x0000000010003e58        0x4 /usr/lib/gcc/arm-none-eabi/11.3.0/../../../../arm-none-eabi/lib/thumb/v6-m/nofp/libc.a(lib_a-lock.o)
                0x0000000010003e58                __retarget_lock_acquire_recursive
 .text.__retarget_lock_release_recursive
                0x0000000010003e5c        0x4 /usr/lib/gcc/arm-none-eabi/11.3.0/../../../../arm-none-eabi/lib/thumb/v6-m/nofp/libc.a(lib_a-lock.o)
                0x0000000010003e5c                __retarget_lock_release_recursive
 *(.fini)
 .fini          0x0000000010003e60        0x4 /usr/lib/gcc/arm-none-eabi/11.3.0/thumb/v6-m/nofp/crti.o
                0x0000000010003e60                _fini
 *fill*         0x0000000010003e64        0x4 
 .fini.__stub   0x0000000010003e68       0x50 linker stubs
 *crtbegin.o(.ctors)
 *crtbegin?.o(.ctors)
 *(EXCLUDE_FILE(*crtend.o *crtend?.o) .ctors)
 *(SORT_BY_NAME(.ctors.*))
 *(.ctors)
 *crtbegin.o(.dtors)
 *crtbegin?.o(.dtors)
 *(EXCLUDE_FILE(*crtend.o *crtend?.o) .dtors)
 *(SORT_BY_NAME(.dtors.*))
 *(.dtors)
 *(.eh_frame*)
 .eh_frame      0x0000000010003eb8        0x0 /usr/lib/gcc/arm-none-eabi/11.3.0/thumb/v6-m/nofp/crtbegin.o
                0x0000000010003eb8                . = ALIGN (0x4)

.glue_7         0x0000000010003eb8        0x0
 .glue_7        0x0000000010003eb8        0x0 linker stubs

.glue_7t        0x0000000010003eb8        0x0
 .glue_7t       0x0000000010003eb8        0x0 linker stubs

.vfp11_veneer   0x0000000010003eb8        0x0
 .vfp11_veneer  0x0000000010003eb8        0x0 linker stubs

.v4_bx          0x0000000010003eb8        0x0
 .v4_bx         0x0000000010003eb8        0x0 linker stubs

.iplt           0x0000000010003eb8        0x0
 .iplt          0x0000000010003eb8        0x0 /usr/lib/gcc/arm-none-eabi/11.3.0/thumb/v6-m/nofp/crtbegin.o

.rodata         0x0000000010003eb8      0x2b0
 *(EXCLUDE_FILE(*libm.a: *libc.a:*lib_a-mem*.o *libgcc.a:) .rodata*)
 .rodata.main.str1.4
                0x0000000010003eb8        0x6 CMakeFiles/blink.dir/kernel.c.obj
 *fill*         0x0000000010003ebe        0x2 
 .rodata.hardware_alarm_claim.str1.4
                0x0000000010003ec0       0x22 CMakeFiles/blink.dir/usr/share/pico-sdk/src/rp2_common/hardware_timer/timer.c.obj
 *fill*         0x0000000010003ee2        0x2 
 .rodata.panic.str1.4
                0x0000000010003ee4       0x12 CMakeFiles/blink.dir/usr/share/pico-sdk/src/rp2_common/pico_runtime/runtime.c.obj
 *fill*         0x0000000010003ef6        0x2 
 .rodata.hard_assertion_failure.str1.4
                0x0000000010003ef8        0xc CMakeFiles/blink.dir/usr/share/pico-sdk/src/rp2_common/pico_runtime/runtime.c.obj
 .rodata._ftoa.str1.4
                0x0000000010003f04       0x15 CMakeFiles/blink.dir/usr/share/pico-sdk/src/rp2_common/pico_printf/printf.c.obj
 *fill*         0x0000000010003f19        0x3 
 .rodata._vsnprintf
                0x0000000010003f1c      0x19c CMakeFiles/blink.dir/usr/share/pico-sdk/src/rp2_common/pico_printf/printf.c.obj
 .rodata.pow10.0
                0x00000000100040b8       0x50 CMakeFiles/blink.dir/usr/share/pico-sdk/src/rp2_common/pico_printf/printf.c.obj
 .rodata.str1.4
                0x0000000010004108       0x34 CMakeFiles/blink.dir/usr/share/pico-sdk/src/rp2_common/pico_standard_link/binary_info.c.obj
 .rodata.__bi_44
                0x000000001000413c        0xc CMakeFiles/blink.dir/usr/share/pico-sdk/src/rp2_common/pico_standard_link/binary_info.c.obj
 .rodata.__bi_75
                0x0000000010004148        0xc CMakeFiles/blink.dir/usr/share/pico-sdk/src/rp2_common/pico_standard_link/binary_info.c.obj
 .rodata.__bi_81
                0x0000000010004154        0xc CMakeFiles/blink.dir/usr/share/pico-sdk/src/rp2_common/pico_standard_link/binary_info.c.obj
 .rodata.crlf_str.0
                0x0000000010004160        0x2 CMakeFiles/blink.dir/usr/share/pico-sdk/src/rp2_common/pico_stdio/stdio.c.obj
 *fill*         0x0000000010004162        0x2 
 .rodata._global_impure_ptr
                0x0000000010004164        0x4 /usr/lib/gcc/arm-none-eabi/11.3.0/../../../../arm-none-eabi/lib/thumb/v6-m/nofp/libc.a(lib_a-impure.o)
                0x0000000010004164                _global_impure_ptr
                0x0000000010004168                . = ALIGN (0x4)
 *(SORT_BY_ALIGNMENT(SORT_BY_NAME(.flashdata*)))
                0x0000000010004168                . = ALIGN (0x4)

.rel.dyn        0x0000000010004168        0x0
 .rel.iplt      0x0000000010004168        0x0 /usr/lib/gcc/arm-none-eabi/11.3.0/thumb/v6-m/nofp/crtbegin.o

.ARM.extab
 *(.ARM.extab* .gnu.linkonce.armextab.*)
                0x0000000010004168                __exidx_start = .

.ARM.exidx
 *(.ARM.exidx* .gnu.linkonce.armexidx.*)
                0x0000000010004168                __exidx_end = .
                0x0000000010004168                . = ALIGN (0x4)
                0x0000000010004168                __binary_info_start = .

.binary_info    0x0000000010004168       0x18
 *(.binary_info.keep.*)
 .binary_info.keep.__bi_ptr22
                0x0000000010004168        0x4 CMakeFiles/blink.dir/usr/share/pico-sdk/src/rp2_common/pico_standard_link/binary_info.c.obj
 .binary_info.keep.__bi_ptr30
                0x000000001000416c        0x4 CMakeFiles/blink.dir/usr/share/pico-sdk/src/rp2_common/pico_standard_link/binary_info.c.obj
 .binary_info.keep.__bi_ptr44
                0x0000000010004170        0x4 CMakeFiles/blink.dir/usr/share/pico-sdk/src/rp2_common/pico_standard_link/binary_info.c.obj
 .binary_info.keep.__bi_ptr50
                0x0000000010004174        0x4 CMakeFiles/blink.dir/usr/share/pico-sdk/src/rp2_common/pico_standard_link/binary_info.c.obj
 .binary_info.keep.__bi_ptr75
                0x0000000010004178        0x4 CMakeFiles/blink.dir/usr/share/pico-sdk/src/rp2_common/pico_standard_link/binary_info.c.obj
 .binary_info.keep.__bi_ptr81
                0x000000001000417c        0x4 CMakeFiles/blink.dir/usr/share/pico-sdk/src/rp2_common/pico_standard_link/binary_info.c.obj
 *(.binary_info.*)
                0x0000000010004180                __binary_info_end = .
                0x0000000010004180                . = ALIGN (0x4)
                0x0000000010004180                __etext = .

.ram_vector_table
                0x0000000020000000       0xc0
 *(.ram_vector_table)
 .ram_vector_table
                0x0000000020000000       0xc0 CMakeFiles/blink.dir/usr/share/pico-sdk/src/rp2_common/pico_runtime/runtime.c.obj
                0x0000000020000000                ram_vector_table

.data           0x00000000200000c0      0x59c load address 0x0000000010004180
                0x00000000200000c0                __data_start__ = .
 *(vtable)
 *(.time_critical*)
 .time_critical.mutex_enter_blocking
                0x00000000200000c0       0x48 CMakeFiles/blink.dir/usr/share/pico-sdk/src/common/pico_sync/mutex.c.obj
                0x00000000200000c0                mutex_enter_blocking
 .time_critical.mutex_try_enter
                0x0000000020000108       0x44 CMakeFiles/blink.dir/usr/share/pico-sdk/src/common/pico_sync/mutex.c.obj
                0x0000000020000108                mutex_try_enter
 .time_critical.mutex_exit
                0x000000002000014c       0x28 CMakeFiles/blink.dir/usr/share/pico-sdk/src/common/pico_sync/mutex.c.obj
                0x000000002000014c                mutex_exit
 *(.text*)
 .text          0x0000000020000174        0x4 /usr/lib/gcc/arm-none-eabi/11.3.0/thumb/v6-m/nofp/libgcc.a(_dvmd_tls.o)
                0x0000000020000174                __aeabi_ldiv0
                0x0000000020000174                __aeabi_idiv0
                0x0000000020000178                . = ALIGN (0x4)
 *(.rodata*)
                0x0000000020000178                . = ALIGN (0x4)
 *(.data*)
 .data.striped_spin_lock_num
                0x0000000020000178        0x1 CMakeFiles/blink.dir/usr/share/pico-sdk/src/rp2_common/hardware_sync/sync.c.obj
 *fill*         0x0000000020000179        0x3 
 .data.default_alarm_pool
                0x000000002000017c       0x18 CMakeFiles/blink.dir/usr/share/pico-sdk/src/common/pico_time/time.c.obj
 .data.default_alarm_pool_heap
                0x0000000020000194       0x10 CMakeFiles/blink.dir/usr/share/pico-sdk/src/common/pico_time/time.c.obj
 .data          0x00000000200001a4       0x48 CMakeFiles/blink.dir/usr/share/pico-sdk/src/rp2_common/hardware_irq/irq_handler_chain.S.obj
                0x00000000200001a4                irq_handler_chain_slots
                0x00000000200001d4                irq_handler_chain_first_slot
                0x00000000200001de                irq_handler_chain_remove_tail
 *fill*         0x00000000200001ec        0x4 
 .data.aeabi_bits_funcs
                0x00000000200001f0       0x10 CMakeFiles/blink.dir/usr/share/pico-sdk/src/rp2_common/pico_bit_ops/bit_ops_aeabi.S.obj
                0x00000000200001f0                aeabi_bits_funcs
                0x0000000020000200                aeabi_bits_funcs_end
 .data.aeabi_mem_funcs
                0x0000000020000200       0x10 CMakeFiles/blink.dir/usr/share/pico-sdk/src/rp2_common/pico_mem_ops/mem_ops_aeabi.S.obj
                0x0000000020000200                aeabi_mem_funcs
                0x0000000020000210                aeabi_mem_funcs_end
 .data.impure_data
                0x0000000020000210      0x428 /usr/lib/gcc/arm-none-eabi/11.3.0/../../../../arm-none-eabi/lib/thumb/v6-m/nofp/libc.a(lib_a-impure.o)
 .data.__atexit_recursive_mutex
                0x0000000020000638        0x4 /usr/lib/gcc/arm-none-eabi/11.3.0/../../../../arm-none-eabi/lib/thumb/v6-m/nofp/libc.a(lib_a-__call_atexit.o)
                0x0000000020000638                __atexit_recursive_mutex
                0x000000002000063c                . = ALIGN (0x4)
 *(.after_data.*)
                0x000000002000063c                . = ALIGN (0x4)
                0x000000002000063c                PROVIDE (__mutex_array_start = .)
 *(SORT_BY_NAME(.mutex_array.*))
 *(.mutex_array)
 .mutex_array   0x000000002000063c        0x8 CMakeFiles/blink.dir/usr/share/pico-sdk/src/rp2_common/pico_stdio/stdio.c.obj
                0x0000000020000644                PROVIDE (__mutex_array_end = .)
                0x0000000020000644                . = ALIGN (0x4)
                0x0000000020000644                PROVIDE (__preinit_array_start = .)
 *(SORT_BY_NAME(.preinit_array.*))
 .preinit_array.00001
                0x0000000020000644        0x4 CMakeFiles/blink.dir/usr/share/pico-sdk/src/rp2_common/pico_mem_ops/mem_ops_aeabi.S.obj
 .preinit_array.00010
                0x0000000020000648        0x4 CMakeFiles/blink.dir/usr/share/pico-sdk/src/rp2_common/pico_bit_ops/bit_ops_aeabi.S.obj
 .preinit_array.00020
                0x000000002000064c        0x4 CMakeFiles/blink.dir/usr/share/pico-sdk/src/rp2_common/pico_double/double_aeabi.S.obj
 .preinit_array.00020
                0x0000000020000650        0x4 CMakeFiles/blink.dir/usr/share/pico-sdk/src/rp2_common/pico_float/float_aeabi.S.obj
 *(.preinit_array)
                0x0000000020000654                PROVIDE (__preinit_array_end = .)
                0x0000000020000654                . = ALIGN (0x4)
                0x0000000020000654                PROVIDE (__init_array_start = .)
 *(SORT_BY_NAME(.init_array.*))
 .init_array.00000
                0x0000000020000654        0x4 /usr/lib/gcc/arm-none-eabi/11.3.0/../../../../arm-none-eabi/lib/thumb/v6-m/nofp/libc.a(lib_a-__call_atexit.o)
 *(.init_array)
 .init_array    0x0000000020000658        0x4 /usr/lib/gcc/arm-none-eabi/11.3.0/thumb/v6-m/nofp/crtbegin.o
                0x000000002000065c                PROVIDE (__init_array_end = .)
                0x000000002000065c                . = ALIGN (0x4)
                0x000000002000065c                PROVIDE (__fini_array_start = .)
 *(SORT_BY_NAME(.fini_array.*))
 *(.fini_array)
                0x000000002000065c                PROVIDE (__fini_array_end = .)
 *(.jcr)
                0x000000002000065c                . = ALIGN (0x4)
                0x000000002000065c                __data_end__ = .

.igot.plt       0x000000002000065c        0x0 load address 0x000000001000471c
 .igot.plt      0x000000002000065c        0x0 /usr/lib/gcc/arm-none-eabi/11.3.0/thumb/v6-m/nofp/crtbegin.o

.uninitialized_data
                0x000000002000065c        0x0 load address 0x000000001000471c
                0x000000002000065c                . = ALIGN (0x4)
 *(.uninitialized_data*)

.scratch_x      0x0000000020040000        0x0 load address 0x000000001000471c
                0x0000000020040000                __scratch_x_start__ = .
 *(.scratch_x.*)
                0x0000000020040000                . = ALIGN (0x4)
                0x0000000020040000                __scratch_x_end__ = .
                0x000000001000471c                __scratch_x_source__ = LOADADDR (.scratch_x)

.scratch_y      0x0000000020041000        0x0 load address 0x000000001000471c
                0x0000000020041000                __scratch_y_start__ = .
 *(.scratch_y.*)
                0x0000000020041000                . = ALIGN (0x4)
                0x0000000020041000                __scratch_y_end__ = .
                0x000000001000471c                __scratch_y_source__ = LOADADDR (.scratch_y)

.bss            0x0000000020000660      0x3cc
                0x0000000020000660                . = ALIGN (0x4)
                0x0000000020000660                __bss_start__ = .
 *(SORT_BY_ALIGNMENT(SORT_BY_NAME(.bss*)))
 .bss.default_alarm_pool_entries
                0x0000000020000660      0x100 CMakeFiles/blink.dir/usr/share/pico-sdk/src/common/pico_time/time.c.obj
 .bss.sd_table  0x0000000020000760      0x100 CMakeFiles/blink.dir/usr/share/pico-sdk/src/rp2_common/pico_double/double_init_rom.c.obj
                0x0000000020000760                sd_table
 .bss.sf_table  0x0000000020000860      0x100 CMakeFiles/blink.dir/usr/share/pico-sdk/src/rp2_common/pico_float/float_init_rom.c.obj
                0x0000000020000860                sf_table
 .bss.__lock___atexit_recursive_mutex
                0x0000000020000960        0x1 /usr/lib/gcc/arm-none-eabi/11.3.0/../../../../arm-none-eabi/lib/thumb/v6-m/nofp/libc.a(lib_a-lock.o)
                0x0000000020000960                __lock___atexit_recursive_mutex
 *fill*         0x0000000020000961        0x3 
 .bss.alarm_callbacks
                0x0000000020000964       0x10 CMakeFiles/blink.dir/usr/share/pico-sdk/src/rp2_common/hardware_timer/timer.c.obj
 .bss.configured_freq
                0x0000000020000974       0x28 CMakeFiles/blink.dir/usr/share/pico-sdk/src/rp2_common/hardware_clocks/clocks.c.obj
 .bss.default_alarm_pool_entry_ids_high
                0x000000002000099c       0x10 CMakeFiles/blink.dir/usr/share/pico-sdk/src/common/pico_time/time.c.obj
 .bss.default_alarm_pool_heap_nodes
                0x00000000200009ac       0x30 CMakeFiles/blink.dir/usr/share/pico-sdk/src/common/pico_time/time.c.obj
 .bss.drivers   0x00000000200009dc        0x4 CMakeFiles/blink.dir/usr/share/pico-sdk/src/rp2_common/pico_stdio/stdio.c.obj
 .bss.filter    0x00000000200009e0        0x4 CMakeFiles/blink.dir/usr/share/pico-sdk/src/rp2_common/pico_stdio/stdio.c.obj
 .bss.lazy_vsnprintf
                0x00000000200009e4        0x4 CMakeFiles/blink.dir/usr/share/pico-sdk/src/rp2_common/pico_printf/printf.c.obj
 .bss.object.0  0x00000000200009e8       0x18 /usr/lib/gcc/arm-none-eabi/11.3.0/thumb/v6-m/nofp/crtbegin.o
 .bss.pools     0x0000000020000a00       0x10 CMakeFiles/blink.dir/usr/share/pico-sdk/src/common/pico_time/time.c.obj
 .bss.sf_clz_func
                0x0000000020000a10        0x4 CMakeFiles/blink.dir/usr/share/pico-sdk/src/rp2_common/pico_double/double_init_rom.c.obj
                0x0000000020000a10                sf_clz_func
 .bss.sleep_notifier
                0x0000000020000a14        0x4 CMakeFiles/blink.dir/usr/share/pico-sdk/src/common/pico_time/time.c.obj
 .bss.target_hi
                0x0000000020000a18       0x10 CMakeFiles/blink.dir/usr/share/pico-sdk/src/rp2_common/hardware_timer/timer.c.obj
 .bss.claimed   0x0000000020000a28        0x1 CMakeFiles/blink.dir/usr/share/pico-sdk/src/rp2_common/hardware_timer/timer.c.obj
 .bss.irq_hander_chain_free_slot_head
                0x0000000020000a29        0x1 CMakeFiles/blink.dir/usr/share/pico-sdk/src/rp2_common/hardware_irq/irq.c.obj
 .bss.timer_callbacks_pending
                0x0000000020000a2a        0x1 CMakeFiles/blink.dir/usr/share/pico-sdk/src/rp2_common/hardware_timer/timer.c.obj
 *(COMMON)
                0x0000000020000a2c                . = ALIGN (0x4)
 *fill*         0x0000000020000a2b        0x1 
                0x0000000020000a2c                __bss_end__ = .

.heap           0x0000000020000a2c      0x800
                0x0000000020000a2c                __end__ = .
                0x0000000020000a2c                end = __end__
 *(.heap*)
 .heap          0x0000000020000a2c      0x800 CMakeFiles/blink.dir/usr/share/pico-sdk/src/rp2_common/pico_standard_link/crt0.S.obj
                0x000000002000122c                __HeapLimit = .

.stack1_dummy   0x0000000020040000        0x0
 *(.stack1*)

.stack_dummy    0x0000000020041000      0x800
 *(.stack*)
 .stack         0x0000000020041000      0x800 CMakeFiles/blink.dir/usr/share/pico-sdk/src/rp2_common/pico_standard_link/crt0.S.obj

.flash_end      0x000000001000471c        0x0
                0x000000001000471c                __flash_binary_end = .
                0x0000000020040000                __StackLimit = (ORIGIN (RAM) + LENGTH (RAM))
                0x0000000020041000                __StackOneTop = (ORIGIN (SCRATCH_X) + LENGTH (SCRATCH_X))
                0x0000000020042000                __StackTop = (ORIGIN (SCRATCH_Y) + LENGTH (SCRATCH_Y))
                0x0000000020041000                __StackOneBottom = (__StackOneTop - SIZEOF (.stack1_dummy))
                0x0000000020041800                __StackBottom = (__StackTop - SIZEOF (.stack_dummy))
                0x0000000020042000                PROVIDE (__stack = __StackTop)
                0x0000000000000001                ASSERT ((__StackLimit >= __HeapLimit), region RAM overflowed)
                0x0000000000000001                ASSERT (((__binary_info_header_end - __logical_binary_start) <= 0x100), Binary info must be in first 256 bytes of the binary)
LOAD CMakeFiles/blink.dir/kernel.c.obj
LOAD CMakeFiles/blink.dir/usr/share/pico-sdk/src/rp2_common/pico_stdlib/stdlib.c.obj
LOAD CMakeFiles/blink.dir/usr/share/pico-sdk/src/rp2_common/hardware_gpio/gpio.c.obj
LOAD CMakeFiles/blink.dir/usr/share/pico-sdk/src/rp2_common/hardware_claim/claim.c.obj
LOAD CMakeFiles/blink.dir/usr/share/pico-sdk/src/rp2_common/pico_platform/platform.c.obj
LOAD CMakeFiles/blink.dir/usr/share/pico-sdk/src/rp2_common/hardware_sync/sync.c.obj
LOAD CMakeFiles/blink.dir/usr/share/pico-sdk/src/rp2_common/hardware_uart/uart.c.obj
LOAD CMakeFiles/blink.dir/usr/share/pico-sdk/src/rp2_common/hardware_divider/divider.S.obj
LOAD CMakeFiles/blink.dir/usr/share/pico-sdk/src/common/pico_time/time.c.obj
LOAD CMakeFiles/blink.dir/usr/share/pico-sdk/src/common/pico_time/timeout_helper.c.obj
LOAD CMakeFiles/blink.dir/usr/share/pico-sdk/src/rp2_common/hardware_timer/timer.c.obj
LOAD CMakeFiles/blink.dir/usr/share/pico-sdk/src/common/pico_sync/sem.c.obj
LOAD CMakeFiles/blink.dir/usr/share/pico-sdk/src/common/pico_sync/lock_core.c.obj
LOAD CMakeFiles/blink.dir/usr/share/pico-sdk/src/common/pico_sync/mutex.c.obj
LOAD CMakeFiles/blink.dir/usr/share/pico-sdk/src/common/pico_sync/critical_section.c.obj
LOAD CMakeFiles/blink.dir/usr/share/pico-sdk/src/common/pico_util/datetime.c.obj
LOAD CMakeFiles/blink.dir/usr/share/pico-sdk/src/common/pico_util/pheap.c.obj
LOAD CMakeFiles/blink.dir/usr/share/pico-sdk/src/common/pico_util/queue.c.obj
LOAD CMakeFiles/blink.dir/usr/share/pico-sdk/src/rp2_common/pico_runtime/runtime.c.obj
LOAD CMakeFiles/blink.dir/usr/share/pico-sdk/src/rp2_common/hardware_clocks/clocks.c.obj
LOAD CMakeFiles/blink.dir/usr/share/pico-sdk/src/rp2_common/hardware_irq/irq.c.obj
LOAD CMakeFiles/blink.dir/usr/share/pico-sdk/src/rp2_common/hardware_irq/irq_handler_chain.S.obj
LOAD CMakeFiles/blink.dir/usr/share/pico-sdk/src/rp2_common/hardware_pll/pll.c.obj
LOAD CMakeFiles/blink.dir/usr/share/pico-sdk/src/rp2_common/hardware_vreg/vreg.c.obj
LOAD CMakeFiles/blink.dir/usr/share/pico-sdk/src/rp2_common/hardware_watchdog/watchdog.c.obj
LOAD CMakeFiles/blink.dir/usr/share/pico-sdk/src/rp2_common/hardware_xosc/xosc.c.obj
LOAD CMakeFiles/blink.dir/usr/share/pico-sdk/src/rp2_common/pico_printf/printf.c.obj
LOAD CMakeFiles/blink.dir/usr/share/pico-sdk/src/rp2_common/pico_bit_ops/bit_ops_aeabi.S.obj
LOAD CMakeFiles/blink.dir/usr/share/pico-sdk/src/rp2_common/pico_bootrom/bootrom.c.obj
LOAD CMakeFiles/blink.dir/usr/share/pico-sdk/src/rp2_common/pico_divider/divider.S.obj
LOAD CMakeFiles/blink.dir/usr/share/pico-sdk/src/rp2_common/pico_double/double_aeabi.S.obj
LOAD CMakeFiles/blink.dir/usr/share/pico-sdk/src/rp2_common/pico_double/double_init_rom.c.obj
LOAD CMakeFiles/blink.dir/usr/share/pico-sdk/src/rp2_common/pico_double/double_math.c.obj
LOAD CMakeFiles/blink.dir/usr/share/pico-sdk/src/rp2_common/pico_double/double_v1_rom_shim.S.obj
LOAD CMakeFiles/blink.dir/usr/share/pico-sdk/src/rp2_common/pico_int64_ops/pico_int64_ops_aeabi.S.obj
LOAD CMakeFiles/blink.dir/usr/share/pico-sdk/src/rp2_common/pico_float/float_aeabi.S.obj
LOAD CMakeFiles/blink.dir/usr/share/pico-sdk/src/rp2_common/pico_float/float_init_rom.c.obj
LOAD CMakeFiles/blink.dir/usr/share/pico-sdk/src/rp2_common/pico_float/float_math.c.obj
LOAD CMakeFiles/blink.dir/usr/share/pico-sdk/src/rp2_common/pico_float/float_v1_rom_shim.S.obj
LOAD CMakeFiles/blink.dir/usr/share/pico-sdk/src/rp2_common/pico_malloc/pico_malloc.c.obj
LOAD CMakeFiles/blink.dir/usr/share/pico-sdk/src/rp2_common/pico_mem_ops/mem_ops_aeabi.S.obj
LOAD CMakeFiles/blink.dir/usr/share/pico-sdk/src/rp2_common/pico_standard_link/crt0.S.obj
LOAD CMakeFiles/blink.dir/usr/share/pico-sdk/src/rp2_common/pico_standard_link/new_delete.cpp.obj
LOAD CMakeFiles/blink.dir/usr/share/pico-sdk/src/rp2_common/pico_standard_link/binary_info.c.obj
LOAD CMakeFiles/blink.dir/usr/share/pico-sdk/src/rp2_common/pico_stdio/stdio.c.obj
LOAD CMakeFiles/blink.dir/usr/share/pico-sdk/src/rp2_common/pico_stdio_uart/stdio_uart.c.obj
LOAD /tmp/ccTYDHgH.o
LOAD /usr/lib/gcc/arm-none-eabi/11.3.0/../../../../arm-none-eabi/lib/thumb/v6-m/nofp/libstdc++.a
LOAD /usr/lib/gcc/arm-none-eabi/11.3.0/../../../../arm-none-eabi/lib/thumb/v6-m/nofp/libm.a
START GROUP
LOAD /usr/lib/gcc/arm-none-eabi/11.3.0/thumb/v6-m/nofp/libgcc.a
LOAD /usr/lib/gcc/arm-none-eabi/11.3.0/../../../../arm-none-eabi/lib/thumb/v6-m/nofp/libc.a
END GROUP
START GROUP
LOAD /usr/lib/gcc/arm-none-eabi/11.3.0/thumb/v6-m/nofp/libgcc.a
LOAD /usr/lib/gcc/arm-none-eabi/11.3.0/../../../../arm-none-eabi/lib/thumb/v6-m/nofp/libc.a
LOAD /usr/lib/gcc/arm-none-eabi/11.3.0/../../../../arm-none-eabi/lib/thumb/v6-m/nofp/libnosys.a
END GROUP
LOAD /usr/lib/gcc/arm-none-eabi/11.3.0/thumb/v6-m/nofp/crtend.o
LOAD /usr/lib/gcc/arm-none-eabi/11.3.0/thumb/v6-m/nofp/crtn.o
OUTPUT(blink.elf elf32-littlearm)
LOAD linker stubs

.ARM.attributes
                0x0000000000000000       0x28
 .ARM.attributes
                0x0000000000000000       0x1e /usr/lib/gcc/arm-none-eabi/11.3.0/thumb/v6-m/nofp/crti.o
 .ARM.attributes
                0x000000000000001e       0x2c /usr/lib/gcc/arm-none-eabi/11.3.0/thumb/v6-m/nofp/crtbegin.o
 .ARM.attributes
                0x000000000000004a       0x2c CMakeFiles/blink.dir/kernel.c.obj
 .ARM.attributes
                0x0000000000000076       0x2c CMakeFiles/blink.dir/usr/share/pico-sdk/src/rp2_common/hardware_claim/claim.c.obj
 .ARM.attributes
                0x00000000000000a2       0x2c CMakeFiles/blink.dir/usr/share/pico-sdk/src/rp2_common/pico_platform/platform.c.obj
 .ARM.attributes
                0x00000000000000ce       0x2c CMakeFiles/blink.dir/usr/share/pico-sdk/src/rp2_common/hardware_sync/sync.c.obj
 .ARM.attributes
                0x00000000000000fa       0x2c CMakeFiles/blink.dir/usr/share/pico-sdk/src/common/pico_time/time.c.obj
 .ARM.attributes
                0x0000000000000126       0x2c CMakeFiles/blink.dir/usr/share/pico-sdk/src/rp2_common/hardware_timer/timer.c.obj
 .ARM.attributes
                0x0000000000000152       0x2c CMakeFiles/blink.dir/usr/share/pico-sdk/src/common/pico_sync/lock_core.c.obj
 .ARM.attributes
                0x000000000000017e       0x2c CMakeFiles/blink.dir/usr/share/pico-sdk/src/common/pico_sync/mutex.c.obj
 .ARM.attributes
                0x00000000000001aa       0x2c CMakeFiles/blink.dir/usr/share/pico-sdk/src/common/pico_util/pheap.c.obj
 .ARM.attributes
                0x00000000000001d6       0x2c CMakeFiles/blink.dir/usr/share/pico-sdk/src/rp2_common/pico_runtime/runtime.c.obj
 .ARM.attributes
                0x0000000000000202       0x2c CMakeFiles/blink.dir/usr/share/pico-sdk/src/rp2_common/hardware_clocks/clocks.c.obj
 .ARM.attributes
                0x000000000000022e       0x2c CMakeFiles/blink.dir/usr/share/pico-sdk/src/rp2_common/hardware_irq/irq.c.obj
 .ARM.attributes
                0x000000000000025a       0x22 CMakeFiles/blink.dir/usr/share/pico-sdk/src/rp2_common/hardware_irq/irq_handler_chain.S.obj
 .ARM.attributes
                0x000000000000027c       0x2c CMakeFiles/blink.dir/usr/share/pico-sdk/src/rp2_common/hardware_pll/pll.c.obj
 .ARM.attributes
                0x00000000000002a8       0x2c CMakeFiles/blink.dir/usr/share/pico-sdk/src/rp2_common/hardware_watchdog/watchdog.c.obj
 .ARM.attributes
                0x00000000000002d4       0x2c CMakeFiles/blink.dir/usr/share/pico-sdk/src/rp2_common/hardware_xosc/xosc.c.obj
 .ARM.attributes
                0x0000000000000300       0x2c CMakeFiles/blink.dir/usr/share/pico-sdk/src/rp2_common/pico_printf/printf.c.obj
 .ARM.attributes
                0x000000000000032c       0x22 CMakeFiles/blink.dir/usr/share/pico-sdk/src/rp2_common/pico_bit_ops/bit_ops_aeabi.S.obj
 .ARM.attributes
                0x000000000000034e       0x2c CMakeFiles/blink.dir/usr/share/pico-sdk/src/rp2_common/pico_bootrom/bootrom.c.obj
 .ARM.attributes
                0x000000000000037a       0x22 CMakeFiles/blink.dir/usr/share/pico-sdk/src/rp2_common/pico_divider/divider.S.obj
 .ARM.attributes
                0x000000000000039c       0x22 CMakeFiles/blink.dir/usr/share/pico-sdk/src/rp2_common/pico_double/double_aeabi.S.obj
 .ARM.attributes
                0x00000000000003be       0x2c CMakeFiles/blink.dir/usr/share/pico-sdk/src/rp2_common/pico_double/double_init_rom.c.obj
 .ARM.attributes
                0x00000000000003ea       0x22 CMakeFiles/blink.dir/usr/share/pico-sdk/src/rp2_common/pico_double/double_v1_rom_shim.S.obj
 .ARM.attributes
                0x000000000000040c       0x22 CMakeFiles/blink.dir/usr/share/pico-sdk/src/rp2_common/pico_float/float_aeabi.S.obj
 .ARM.attributes
                0x000000000000042e       0x2c CMakeFiles/blink.dir/usr/share/pico-sdk/src/rp2_common/pico_float/float_init_rom.c.obj
 .ARM.attributes
                0x000000000000045a       0x22 CMakeFiles/blink.dir/usr/share/pico-sdk/src/rp2_common/pico_float/float_v1_rom_shim.S.obj
 .ARM.attributes
                0x000000000000047c       0x22 CMakeFiles/blink.dir/usr/share/pico-sdk/src/rp2_common/pico_mem_ops/mem_ops_aeabi.S.obj
 .ARM.attributes
                0x000000000000049e       0x22 CMakeFiles/blink.dir/usr/share/pico-sdk/src/rp2_common/pico_standard_link/crt0.S.obj
 .ARM.attributes
                0x00000000000004c0       0x2c CMakeFiles/blink.dir/usr/share/pico-sdk/src/rp2_common/pico_standard_link/binary_info.c.obj
 .ARM.attributes
                0x00000000000004ec       0x2c CMakeFiles/blink.dir/usr/share/pico-sdk/src/rp2_common/pico_stdio/stdio.c.obj
 .ARM.attributes
                0x0000000000000518       0x22 /tmp/ccTYDHgH.o
 .ARM.attributes
                0x000000000000053a       0x1e /usr/lib/gcc/arm-none-eabi/11.3.0/thumb/v6-m/nofp/libgcc.a(_dvmd_tls.o)
 .ARM.attributes
                0x0000000000000558       0x2c /usr/lib/gcc/arm-none-eabi/11.3.0/../../../../arm-none-eabi/lib/thumb/v6-m/nofp/libc.a(lib_a-atexit.o)
 .ARM.attributes
                0x0000000000000584       0x2c /usr/lib/gcc/arm-none-eabi/11.3.0/../../../../arm-none-eabi/lib/thumb/v6-m/nofp/libc.a(lib_a-fini.o)
 .ARM.attributes
                0x00000000000005b0       0x2c /usr/lib/gcc/arm-none-eabi/11.3.0/../../../../arm-none-eabi/lib/thumb/v6-m/nofp/libc.a(lib_a-impure.o)
 .ARM.attributes
                0x00000000000005dc       0x2c /usr/lib/gcc/arm-none-eabi/11.3.0/../../../../arm-none-eabi/lib/thumb/v6-m/nofp/libc.a(lib_a-strlen-stub.o)
 .ARM.attributes
                0x0000000000000608       0x2c /usr/lib/gcc/arm-none-eabi/11.3.0/../../../../arm-none-eabi/lib/thumb/v6-m/nofp/libc.a(lib_a-__atexit.o)
 .ARM.attributes
                0x0000000000000634       0x2c /usr/lib/gcc/arm-none-eabi/11.3.0/../../../../arm-none-eabi/lib/thumb/v6-m/nofp/libc.a(lib_a-__call_atexit.o)
 .ARM.attributes
                0x0000000000000660       0x2c /usr/lib/gcc/arm-none-eabi/11.3.0/../../../../arm-none-eabi/lib/thumb/v6-m/nofp/libc.a(lib_a-lock.o)

.comment        0x0000000000000000       0x3c
 .comment       0x0000000000000000       0x1e CMakeFiles/blink.dir/kernel.c.obj
                                         0x1f (size before relaxing)
 .comment       0x000000000000001e       0x1f CMakeFiles/blink.dir/usr/share/pico-sdk/src/rp2_common/hardware_claim/claim.c.obj
 .comment       0x000000000000001e       0x1f CMakeFiles/blink.dir/usr/share/pico-sdk/src/rp2_common/pico_platform/platform.c.obj
 .comment       0x000000000000001e       0x1f CMakeFiles/blink.dir/usr/share/pico-sdk/src/rp2_common/hardware_sync/sync.c.obj
 .comment       0x000000000000001e       0x1f CMakeFiles/blink.dir/usr/share/pico-sdk/src/common/pico_time/time.c.obj
 .comment       0x000000000000001e       0x1f CMakeFiles/blink.dir/usr/share/pico-sdk/src/rp2_common/hardware_timer/timer.c.obj
 .comment       0x000000000000001e       0x1f CMakeFiles/blink.dir/usr/share/pico-sdk/src/common/pico_sync/lock_core.c.obj
 .comment       0x000000000000001e       0x1f CMakeFiles/blink.dir/usr/share/pico-sdk/src/common/pico_sync/mutex.c.obj
 .comment       0x000000000000001e       0x1f CMakeFiles/blink.dir/usr/share/pico-sdk/src/common/pico_util/pheap.c.obj
 .comment       0x000000000000001e       0x1f CMakeFiles/blink.dir/usr/share/pico-sdk/src/rp2_common/pico_runtime/runtime.c.obj
 .comment       0x000000000000001e       0x1f CMakeFiles/blink.dir/usr/share/pico-sdk/src/rp2_common/hardware_clocks/clocks.c.obj
 .comment       0x000000000000001e       0x1f CMakeFiles/blink.dir/usr/share/pico-sdk/src/rp2_common/hardware_irq/irq.c.obj
 .comment       0x000000000000001e       0x1f CMakeFiles/blink.dir/usr/share/pico-sdk/src/rp2_common/hardware_pll/pll.c.obj
 .comment       0x000000000000001e       0x1f CMakeFiles/blink.dir/usr/share/pico-sdk/src/rp2_common/hardware_watchdog/watchdog.c.obj
 .comment       0x000000000000001e       0x1f CMakeFiles/blink.dir/usr/share/pico-sdk/src/rp2_common/hardware_xosc/xosc.c.obj
 .comment       0x000000000000001e       0x1f CMakeFiles/blink.dir/usr/share/pico-sdk/src/rp2_common/pico_printf/printf.c.obj
 .comment       0x000000000000001e       0x1f CMakeFiles/blink.dir/usr/share/pico-sdk/src/rp2_common/pico_bootrom/bootrom.c.obj
 .comment       0x000000000000001e       0x1f CMakeFiles/blink.dir/usr/share/pico-sdk/src/rp2_common/pico_double/double_init_rom.c.obj
 .comment       0x000000000000001e       0x1f CMakeFiles/blink.dir/usr/share/pico-sdk/src/rp2_common/pico_float/float_init_rom.c.obj
 .comment       0x000000000000001e       0x1f CMakeFiles/blink.dir/usr/share/pico-sdk/src/rp2_common/pico_standard_link/binary_info.c.obj
 .comment       0x000000000000001e       0x1f CMakeFiles/blink.dir/usr/share/pico-sdk/src/rp2_common/pico_stdio/stdio.c.obj
 .comment       0x000000000000001e       0x1e /usr/lib/gcc/arm-none-eabi/11.3.0/../../../../arm-none-eabi/lib/thumb/v6-m/nofp/libc.a(lib_a-atexit.o)
                                         0x1f (size before relaxing)
 .comment       0x000000000000003c       0x1f /usr/lib/gcc/arm-none-eabi/11.3.0/../../../../arm-none-eabi/lib/thumb/v6-m/nofp/libc.a(lib_a-fini.o)
 .comment       0x000000000000003c       0x1f /usr/lib/gcc/arm-none-eabi/11.3.0/../../../../arm-none-eabi/lib/thumb/v6-m/nofp/libc.a(lib_a-impure.o)
 .comment       0x000000000000003c       0x1f /usr/lib/gcc/arm-none-eabi/11.3.0/../../../../arm-none-eabi/lib/thumb/v6-m/nofp/libc.a(lib_a-strlen-stub.o)
 .comment       0x000000000000003c       0x1f /usr/lib/gcc/arm-none-eabi/11.3.0/../../../../arm-none-eabi/lib/thumb/v6-m/nofp/libc.a(lib_a-__atexit.o)
 .comment       0x000000000000003c       0x1f /usr/lib/gcc/arm-none-eabi/11.3.0/../../../../arm-none-eabi/lib/thumb/v6-m/nofp/libc.a(lib_a-__call_atexit.o)
 .comment       0x000000000000003c       0x1f /usr/lib/gcc/arm-none-eabi/11.3.0/../../../../arm-none-eabi/lib/thumb/v6-m/nofp/libc.a(lib_a-lock.o)

.debug_line     0x0000000000000000      0xa8c
 .debug_line    0x0000000000000000       0x4a /usr/lib/gcc/arm-none-eabi/11.3.0/thumb/v6-m/nofp/libgcc.a(_dvmd_tls.o)
 .debug_line    0x000000000000004a       0xed /usr/lib/gcc/arm-none-eabi/11.3.0/../../../../arm-none-eabi/lib/thumb/v6-m/nofp/libc.a(lib_a-atexit.o)
 .debug_line    0x0000000000000137       0xf9 /usr/lib/gcc/arm-none-eabi/11.3.0/../../../../arm-none-eabi/lib/thumb/v6-m/nofp/libc.a(lib_a-fini.o)
 .debug_line    0x0000000000000230      0x10e /usr/lib/gcc/arm-none-eabi/11.3.0/../../../../arm-none-eabi/lib/thumb/v6-m/nofp/libc.a(lib_a-impure.o)
 .debug_line    0x000000000000033e      0x197 /usr/lib/gcc/arm-none-eabi/11.3.0/../../../../arm-none-eabi/lib/thumb/v6-m/nofp/libc.a(lib_a-strlen-stub.o)
 .debug_line    0x00000000000004d5      0x1f7 /usr/lib/gcc/arm-none-eabi/11.3.0/../../../../arm-none-eabi/lib/thumb/v6-m/nofp/libc.a(lib_a-__atexit.o)
 .debug_line    0x00000000000006cc      0x2d5 /usr/lib/gcc/arm-none-eabi/11.3.0/../../../../arm-none-eabi/lib/thumb/v6-m/nofp/libc.a(lib_a-__call_atexit.o)
 .debug_line    0x00000000000009a1       0xeb /usr/lib/gcc/arm-none-eabi/11.3.0/../../../../arm-none-eabi/lib/thumb/v6-m/nofp/libc.a(lib_a-lock.o)

.debug_line_str
                0x0000000000000000       0x46
 .debug_line_str
                0x0000000000000000       0x46 /usr/lib/gcc/arm-none-eabi/11.3.0/thumb/v6-m/nofp/libgcc.a(_dvmd_tls.o)
                                         0x8c (size before relaxing)

.debug_info     0x0000000000000000     0x21ba
 .debug_info    0x0000000000000000       0x24 /usr/lib/gcc/arm-none-eabi/11.3.0/thumb/v6-m/nofp/libgcc.a(_dvmd_tls.o)
 .debug_info    0x0000000000000024      0x118 /usr/lib/gcc/arm-none-eabi/11.3.0/../../../../arm-none-eabi/lib/thumb/v6-m/nofp/libc.a(lib_a-atexit.o)
 .debug_info    0x000000000000013c       0xf7 /usr/lib/gcc/arm-none-eabi/11.3.0/../../../../arm-none-eabi/lib/thumb/v6-m/nofp/libc.a(lib_a-fini.o)
 .debug_info    0x0000000000000233      0x8c8 /usr/lib/gcc/arm-none-eabi/11.3.0/../../../../arm-none-eabi/lib/thumb/v6-m/nofp/libc.a(lib_a-impure.o)
 .debug_info    0x0000000000000afb       0xeb /usr/lib/gcc/arm-none-eabi/11.3.0/../../../../arm-none-eabi/lib/thumb/v6-m/nofp/libc.a(lib_a-strlen-stub.o)
 .debug_info    0x0000000000000be6      0x999 /usr/lib/gcc/arm-none-eabi/11.3.0/../../../../arm-none-eabi/lib/thumb/v6-m/nofp/libc.a(lib_a-__atexit.o)
 .debug_info    0x000000000000157f      0xa21 /usr/lib/gcc/arm-none-eabi/11.3.0/../../../../arm-none-eabi/lib/thumb/v6-m/nofp/libc.a(lib_a-__call_atexit.o)
 .debug_info    0x0000000000001fa0      0x21a /usr/lib/gcc/arm-none-eabi/11.3.0/../../../../arm-none-eabi/lib/thumb/v6-m/nofp/libc.a(lib_a-lock.o)

.debug_abbrev   0x0000000000000000      0xa56
 .debug_abbrev  0x0000000000000000       0x14 /usr/lib/gcc/arm-none-eabi/11.3.0/thumb/v6-m/nofp/libgcc.a(_dvmd_tls.o)
 .debug_abbrev  0x0000000000000014       0xbe /usr/lib/gcc/arm-none-eabi/11.3.0/../../../../arm-none-eabi/lib/thumb/v6-m/nofp/libc.a(lib_a-atexit.o)
 .debug_abbrev  0x00000000000000d2       0xc9 /usr/lib/gcc/arm-none-eabi/11.3.0/../../../../arm-none-eabi/lib/thumb/v6-m/nofp/libc.a(lib_a-fini.o)
 .debug_abbrev  0x000000000000019b      0x1ca /usr/lib/gcc/arm-none-eabi/11.3.0/../../../../arm-none-eabi/lib/thumb/v6-m/nofp/libc.a(lib_a-impure.o)
 .debug_abbrev  0x0000000000000365       0x90 /usr/lib/gcc/arm-none-eabi/11.3.0/../../../../arm-none-eabi/lib/thumb/v6-m/nofp/libc.a(lib_a-strlen-stub.o)
 .debug_abbrev  0x00000000000003f5      0x272 /usr/lib/gcc/arm-none-eabi/11.3.0/../../../../arm-none-eabi/lib/thumb/v6-m/nofp/libc.a(lib_a-__atexit.o)
 .debug_abbrev  0x0000000000000667      0x2da /usr/lib/gcc/arm-none-eabi/11.3.0/../../../../arm-none-eabi/lib/thumb/v6-m/nofp/libc.a(lib_a-__call_atexit.o)
 .debug_abbrev  0x0000000000000941      0x115 /usr/lib/gcc/arm-none-eabi/11.3.0/../../../../arm-none-eabi/lib/thumb/v6-m/nofp/libc.a(lib_a-lock.o)

.debug_aranges  0x0000000000000000      0x108
 .debug_aranges
                0x0000000000000000       0x20 /usr/lib/gcc/arm-none-eabi/11.3.0/thumb/v6-m/nofp/libgcc.a(_dvmd_tls.o)
 .debug_aranges
                0x0000000000000020       0x20 /usr/lib/gcc/arm-none-eabi/11.3.0/../../../../arm-none-eabi/lib/thumb/v6-m/nofp/libc.a(lib_a-atexit.o)
 .debug_aranges
                0x0000000000000040       0x20 /usr/lib/gcc/arm-none-eabi/11.3.0/../../../../arm-none-eabi/lib/thumb/v6-m/nofp/libc.a(lib_a-fini.o)
 .debug_aranges
                0x0000000000000060       0x18 /usr/lib/gcc/arm-none-eabi/11.3.0/../../../../arm-none-eabi/lib/thumb/v6-m/nofp/libc.a(lib_a-impure.o)
 .debug_aranges
                0x0000000000000078       0x20 /usr/lib/gcc/arm-none-eabi/11.3.0/../../../../arm-none-eabi/lib/thumb/v6-m/nofp/libc.a(lib_a-strlen-stub.o)
 .debug_aranges
                0x0000000000000098       0x20 /usr/lib/gcc/arm-none-eabi/11.3.0/../../../../arm-none-eabi/lib/thumb/v6-m/nofp/libc.a(lib_a-__atexit.o)
 .debug_aranges
                0x00000000000000b8       0x28 /usr/lib/gcc/arm-none-eabi/11.3.0/../../../../arm-none-eabi/lib/thumb/v6-m/nofp/libc.a(lib_a-__call_atexit.o)
 .debug_aranges
                0x00000000000000e0       0x28 /usr/lib/gcc/arm-none-eabi/11.3.0/../../../../arm-none-eabi/lib/thumb/v6-m/nofp/libc.a(lib_a-lock.o)

.debug_str      0x0000000000000000      0xb73
 .debug_str     0x0000000000000000       0x64 /usr/lib/gcc/arm-none-eabi/11.3.0/thumb/v6-m/nofp/libgcc.a(_dvmd_tls.o)
 .debug_str     0x0000000000000064      0x1c9 /usr/lib/gcc/arm-none-eabi/11.3.0/../../../../arm-none-eabi/lib/thumb/v6-m/nofp/libc.a(lib_a-atexit.o)
                                        0x209 (size before relaxing)
 .debug_str     0x000000000000022d       0xdf /usr/lib/gcc/arm-none-eabi/11.3.0/../../../../arm-none-eabi/lib/thumb/v6-m/nofp/libc.a(lib_a-fini.o)
                                        0x201 (size before relaxing)
 .debug_str     0x000000000000030c      0x45a /usr/lib/gcc/arm-none-eabi/11.3.0/../../../../arm-none-eabi/lib/thumb/v6-m/nofp/libc.a(lib_a-impure.o)
                                        0x5a4 (size before relaxing)
 .debug_str     0x0000000000000766       0xce /usr/lib/gcc/arm-none-eabi/11.3.0/../../../../arm-none-eabi/lib/thumb/v6-m/nofp/libc.a(lib_a-strlen-stub.o)
                                        0x1f1 (size before relaxing)
 .debug_str     0x0000000000000834       0x95 /usr/lib/gcc/arm-none-eabi/11.3.0/../../../../arm-none-eabi/lib/thumb/v6-m/nofp/libc.a(lib_a-__atexit.o)
                                        0x63b (size before relaxing)
 .debug_str     0x00000000000008c9       0xaf /usr/lib/gcc/arm-none-eabi/11.3.0/../../../../arm-none-eabi/lib/thumb/v6-m/nofp/libc.a(lib_a-__call_atexit.o)
                                        0x66e (size before relaxing)
 .debug_str     0x0000000000000978      0x1fb /usr/lib/gcc/arm-none-eabi/11.3.0/../../../../arm-none-eabi/lib/thumb/v6-m/nofp/libc.a(lib_a-lock.o)
                                        0x35c (size before relaxing)

.debug_loclists
                0x0000000000000000      0x30f
 .debug_loclists
                0x0000000000000000       0x2a /usr/lib/gcc/arm-none-eabi/11.3.0/../../../../arm-none-eabi/lib/thumb/v6-m/nofp/libc.a(lib_a-atexit.o)
 .debug_loclists
                0x000000000000002a       0x34 /usr/lib/gcc/arm-none-eabi/11.3.0/../../../../arm-none-eabi/lib/thumb/v6-m/nofp/libc.a(lib_a-fini.o)
 .debug_loclists
                0x000000000000005e       0x5e /usr/lib/gcc/arm-none-eabi/11.3.0/../../../../arm-none-eabi/lib/thumb/v6-m/nofp/libc.a(lib_a-strlen-stub.o)
 .debug_loclists
                0x00000000000000bc      0x107 /usr/lib/gcc/arm-none-eabi/11.3.0/../../../../arm-none-eabi/lib/thumb/v6-m/nofp/libc.a(lib_a-__atexit.o)
 .debug_loclists
                0x00000000000001c3      0x129 /usr/lib/gcc/arm-none-eabi/11.3.0/../../../../arm-none-eabi/lib/thumb/v6-m/nofp/libc.a(lib_a-__call_atexit.o)
 .debug_loclists
                0x00000000000002ec       0x23 /usr/lib/gcc/arm-none-eabi/11.3.0/../../../../arm-none-eabi/lib/thumb/v6-m/nofp/libc.a(lib_a-lock.o)

.debug_rnglists
                0x0000000000000000       0x93
 .debug_rnglists
                0x0000000000000000       0x13 /usr/lib/gcc/arm-none-eabi/11.3.0/../../../../arm-none-eabi/lib/thumb/v6-m/nofp/libc.a(lib_a-atexit.o)
 .debug_rnglists
                0x0000000000000013       0x13 /usr/lib/gcc/arm-none-eabi/11.3.0/../../../../arm-none-eabi/lib/thumb/v6-m/nofp/libc.a(lib_a-fini.o)
 .debug_rnglists
                0x0000000000000026       0x13 /usr/lib/gcc/arm-none-eabi/11.3.0/../../../../arm-none-eabi/lib/thumb/v6-m/nofp/libc.a(lib_a-strlen-stub.o)
 .debug_rnglists
                0x0000000000000039       0x14 /usr/lib/gcc/arm-none-eabi/11.3.0/../../../../arm-none-eabi/lib/thumb/v6-m/nofp/libc.a(lib_a-__atexit.o)
 .debug_rnglists
                0x000000000000004d       0x2d /usr/lib/gcc/arm-none-eabi/11.3.0/../../../../arm-none-eabi/lib/thumb/v6-m/nofp/libc.a(lib_a-__call_atexit.o)
 .debug_rnglists
                0x000000000000007a       0x19 /usr/lib/gcc/arm-none-eabi/11.3.0/../../../../arm-none-eabi/lib/thumb/v6-m/nofp/libc.a(lib_a-lock.o)

.debug_frame    0x0000000000000000      0x1b8
 .debug_frame   0x0000000000000000       0x28 /usr/lib/gcc/arm-none-eabi/11.3.0/../../../../arm-none-eabi/lib/thumb/v6-m/nofp/libc.a(lib_a-atexit.o)
 .debug_frame   0x0000000000000028       0x2c /usr/lib/gcc/arm-none-eabi/11.3.0/../../../../arm-none-eabi/lib/thumb/v6-m/nofp/libc.a(lib_a-fini.o)
 .debug_frame   0x0000000000000054       0x28 /usr/lib/gcc/arm-none-eabi/11.3.0/../../../../arm-none-eabi/lib/thumb/v6-m/nofp/libc.a(lib_a-strlen-stub.o)
 .debug_frame   0x000000000000007c       0x38 /usr/lib/gcc/arm-none-eabi/11.3.0/../../../../arm-none-eabi/lib/thumb/v6-m/nofp/libc.a(lib_a-__atexit.o)
 .debug_frame   0x00000000000000b4       0x54 /usr/lib/gcc/arm-none-eabi/11.3.0/../../../../arm-none-eabi/lib/thumb/v6-m/nofp/libc.a(lib_a-__call_atexit.o)
 .debug_frame   0x0000000000000108       0xb0 /usr/lib/gcc/arm-none-eabi/11.3.0/../../../../arm-none-eabi/lib/thumb/v6-m/nofp/libc.a(lib_a-lock.o)
