Archive member included to satisfy reference by file (symbol)

/usr/lib/gcc/arm-none-eabi/11.3.0/thumb/v6-m/nofp/libgcc.a(_dvmd_tls.o)
                              CMakeFiles/kernel.dir/usr/share/pico-sdk/src/rp2_common/pico_divider/divider.S.obj (__aeabi_idiv0)
/usr/lib/gcc/arm-none-eabi/11.3.0/../../../../arm-none-eabi/lib/thumb/v6-m/nofp/libc.a(lib_a-atexit.o)
                              /usr/lib/gcc/arm-none-eabi/11.3.0/../../../../arm-none-eabi/lib/thumb/v6-m/nofp/crt0.o (atexit)
/usr/lib/gcc/arm-none-eabi/11.3.0/../../../../arm-none-eabi/lib/thumb/v6-m/nofp/libc.a(lib_a-calloc.o)
                              CMakeFiles/kernel.dir/usr/share/pico-sdk/src/rp2_common/pico_malloc/pico_malloc.c.obj (calloc)
/usr/lib/gcc/arm-none-eabi/11.3.0/../../../../arm-none-eabi/lib/thumb/v6-m/nofp/libc.a(lib_a-callocr.o)
                              /usr/lib/gcc/arm-none-eabi/11.3.0/../../../../arm-none-eabi/lib/thumb/v6-m/nofp/libc.a(lib_a-calloc.o) (_calloc_r)
/usr/lib/gcc/arm-none-eabi/11.3.0/../../../../arm-none-eabi/lib/thumb/v6-m/nofp/libc.a(lib_a-errno.o)
                              /usr/lib/gcc/arm-none-eabi/11.3.0/../../../../arm-none-eabi/lib/thumb/v6-m/nofp/libc.a(lib_a-callocr.o) (__errno)
/usr/lib/gcc/arm-none-eabi/11.3.0/../../../../arm-none-eabi/lib/thumb/v6-m/nofp/libc.a(lib_a-fini.o)
                              /usr/lib/gcc/arm-none-eabi/11.3.0/../../../../arm-none-eabi/lib/thumb/v6-m/nofp/crt0.o (__libc_fini_array)
/usr/lib/gcc/arm-none-eabi/11.3.0/../../../../arm-none-eabi/lib/thumb/v6-m/nofp/libc.a(lib_a-impure.o)
                              /usr/lib/gcc/arm-none-eabi/11.3.0/../../../../arm-none-eabi/lib/thumb/v6-m/nofp/libc.a(lib_a-calloc.o) (_impure_ptr)
/usr/lib/gcc/arm-none-eabi/11.3.0/../../../../arm-none-eabi/lib/thumb/v6-m/nofp/libc.a(lib_a-init.o)
                              /usr/lib/gcc/arm-none-eabi/11.3.0/../../../../arm-none-eabi/lib/thumb/v6-m/nofp/crt0.o (__libc_init_array)
/usr/lib/gcc/arm-none-eabi/11.3.0/../../../../arm-none-eabi/lib/thumb/v6-m/nofp/libc.a(lib_a-malloc.o)
                              CMakeFiles/kernel.dir/usr/share/pico-sdk/src/rp2_common/pico_malloc/pico_malloc.c.obj (malloc)
/usr/lib/gcc/arm-none-eabi/11.3.0/../../../../arm-none-eabi/lib/thumb/v6-m/nofp/libc.a(lib_a-mallocr.o)
                              /usr/lib/gcc/arm-none-eabi/11.3.0/../../../../arm-none-eabi/lib/thumb/v6-m/nofp/libc.a(lib_a-callocr.o) (_malloc_r)
/usr/lib/gcc/arm-none-eabi/11.3.0/../../../../arm-none-eabi/lib/thumb/v6-m/nofp/libc.a(lib_a-mlock.o)
                              /usr/lib/gcc/arm-none-eabi/11.3.0/../../../../arm-none-eabi/lib/thumb/v6-m/nofp/libc.a(lib_a-mallocr.o) (__malloc_lock)
/usr/lib/gcc/arm-none-eabi/11.3.0/../../../../arm-none-eabi/lib/thumb/v6-m/nofp/libc.a(lib_a-sbrkr.o)
                              /usr/lib/gcc/arm-none-eabi/11.3.0/../../../../arm-none-eabi/lib/thumb/v6-m/nofp/libc.a(lib_a-mallocr.o) (_sbrk_r)
/usr/lib/gcc/arm-none-eabi/11.3.0/../../../../arm-none-eabi/lib/thumb/v6-m/nofp/libc.a(lib_a-strcmp.o)
                              CMakeFiles/kernel.dir/kernel.c.obj (strcmp)
/usr/lib/gcc/arm-none-eabi/11.3.0/../../../../arm-none-eabi/lib/thumb/v6-m/nofp/libc.a(lib_a-strlen-stub.o)
                              CMakeFiles/kernel.dir/usr/share/pico-sdk/src/rp2_common/pico_stdio/stdio.c.obj (strlen)
/usr/lib/gcc/arm-none-eabi/11.3.0/../../../../arm-none-eabi/lib/thumb/v6-m/nofp/libc.a(lib_a-__atexit.o)
                              /usr/lib/gcc/arm-none-eabi/11.3.0/../../../../arm-none-eabi/lib/thumb/v6-m/nofp/libc.a(lib_a-atexit.o) (__register_exitproc)
/usr/lib/gcc/arm-none-eabi/11.3.0/../../../../arm-none-eabi/lib/thumb/v6-m/nofp/libc.a(lib_a-__call_atexit.o)
                              /usr/lib/gcc/arm-none-eabi/11.3.0/../../../../arm-none-eabi/lib/thumb/v6-m/nofp/libc.a(lib_a-__atexit.o) (__atexit_recursive_mutex)
/usr/lib/gcc/arm-none-eabi/11.3.0/../../../../arm-none-eabi/lib/thumb/v6-m/nofp/libc.a(lib_a-freer.o)
                              /usr/lib/gcc/arm-none-eabi/11.3.0/../../../../arm-none-eabi/lib/thumb/v6-m/nofp/libc.a(lib_a-malloc.o) (_free_r)
/usr/lib/gcc/arm-none-eabi/11.3.0/../../../../arm-none-eabi/lib/thumb/v6-m/nofp/libc.a(lib_a-lock.o)
                              /usr/lib/gcc/arm-none-eabi/11.3.0/../../../../arm-none-eabi/lib/thumb/v6-m/nofp/libc.a(lib_a-mlock.o) (__retarget_lock_acquire_recursive)
/usr/lib/gcc/arm-none-eabi/11.3.0/../../../../arm-none-eabi/lib/thumb/v6-m/nofp/libc.a(lib_a-reent.o)
                              /usr/lib/gcc/arm-none-eabi/11.3.0/../../../../arm-none-eabi/lib/thumb/v6-m/nofp/libc.a(lib_a-sbrkr.o) (errno)

Discarded input sections

 .text          0x0000000000000000        0x0 /usr/lib/gcc/arm-none-eabi/11.3.0/thumb/v6-m/nofp/crti.o
 .data          0x0000000000000000        0x0 /usr/lib/gcc/arm-none-eabi/11.3.0/thumb/v6-m/nofp/crti.o
 .bss           0x0000000000000000        0x0 /usr/lib/gcc/arm-none-eabi/11.3.0/thumb/v6-m/nofp/crti.o
[...]
Memory Configuration

Name             Origin             Length             Attributes
FLASH            0x0000000010000000 0x0000000000200000 xr
RAM              0x0000000020000000 0x0000000000040000 xrw
SCRATCH_X        0x0000000020040000 0x0000000000001000 xrw
SCRATCH_Y        0x0000000020041000 0x0000000000001000 xrw
*default*        0x0000000000000000 0xffffffffffffffff

Linker script and memory map

LOAD /usr/lib/gcc/arm-none-eabi/11.3.0/thumb/v6-m/nofp/crti.o
LOAD /usr/lib/gcc/arm-none-eabi/11.3.0/thumb/v6-m/nofp/crtbegin.o
LOAD /usr/lib/gcc/arm-none-eabi/11.3.0/../../../../arm-none-eabi/lib/thumb/v6-m/nofp/crt0.o

.flash_begin    0x0000000010000000        0x0
                0x0000000010000000                __flash_binary_start = .

.boot2          0x0000000010000000      0x100
                0x0000000010000000                __boot2_start__ = .
 *(.boot2)
 .boot2         0x0000000010000000      0x100 /tmp/ccvG63tx.o
                0x0000000010000100                __boot2_end__ = .
                0x0000000000000001                ASSERT (((__boot2_end__ - __boot2_start__) == 0x100), ERROR: Pico second stage bootloader must be 256 bytes in size)

.text           0x0000000010000100     0x6e98
                0x0000000010000100                __logical_binary_start = .
 *(.vectors)
 .vectors       0x0000000010000100       0xd4 CMakeFiles/kernel.dir/usr/share/pico-sdk/src/rp2_common/pico_standard_link/crt0.S.obj
                0x0000000010000100                __vectors
                0x0000000010000100                __VECTOR_TABLE
                0x00000000100001c0                isr_invalid
                0x00000000100001c0                __default_isrs_start
                0x00000000100001c2                isr_nmi
                0x00000000100001c4                isr_hardfault
                0x00000000100001c6                isr_svcall
                0x00000000100001c8                isr_pendsv
                0x00000000100001ca                isr_systick
                0x00000000100001cc                isr_irq30
                0x00000000100001cc                __unhandled_user_irq
                0x00000000100001cc                isr_irq13
                0x00000000100001cc                isr_irq27
                0x00000000100001cc                isr_irq31
                0x00000000100001cc                isr_irq5
                0x00000000100001cc                isr_irq11
                0x00000000100001cc                isr_irq23
                0x00000000100001cc                isr_irq18
                0x00000000100001cc                isr_irq28
                0x00000000100001cc                isr_irq19
                0x00000000100001cc                isr_irq0
                0x00000000100001cc                isr_irq6
                0x00000000100001cc                isr_irq22
                0x00000000100001cc                isr_irq17
                0x00000000100001cc                isr_irq14
                0x00000000100001cc                isr_irq2
                0x00000000100001cc                isr_irq10
                0x00000000100001cc                isr_irq8
                0x00000000100001cc                isr_irq24
                0x00000000100001cc                isr_irq1
                0x00000000100001cc                isr_irq7
                0x00000000100001cc                isr_irq21
                0x00000000100001cc                isr_irq20
                0x00000000100001cc                isr_irq15
                0x00000000100001cc                isr_irq25
                0x00000000100001cc                isr_irq4
                0x00000000100001cc                isr_irq16
                0x00000000100001cc                isr_irq29
                0x00000000100001cc                isr_irq26
                0x00000000100001cc                __default_isrs_end
                0x00000000100001cc                isr_irq3
                0x00000000100001cc                isr_irq12
                0x00000000100001cc                isr_irq9
                0x00000000100001d2                unhandled_user_irq_num_in_r0
 *(.binary_info_header)
 .binary_info_header
                0x00000000100001d4       0x14 CMakeFiles/kernel.dir/usr/share/pico-sdk/src/rp2_common/pico_standard_link/crt0.S.obj
                0x00000000100001e8                __binary_info_header_end = .
 *(.reset)
 .reset         0x00000000100001e8       0xa8 CMakeFiles/kernel.dir/usr/share/pico-sdk/src/rp2_common/pico_standard_link/crt0.S.obj
                0x00000000100001e8                _entry_point
                0x0000000010000266                __get_current_exception
 .reset         0x0000000010000290       0x30 CMakeFiles/kernel.dir/usr/share/pico-sdk/src/rp2_common/pico_standard_link/binary_info.c.obj
 *(.init)
 .init          0x00000000100002c0        0x4 /usr/lib/gcc/arm-none-eabi/11.3.0/thumb/v6-m/nofp/crti.o
                0x00000000100002c0                _init
 *(EXCLUDE_FILE(*libm.a: *libc.a:*lib_a-mem*.o *libgcc.a:) .text*)
 .text.frame_dummy
                0x00000000100002c4       0x20 /usr/lib/gcc/arm-none-eabi/11.3.0/thumb/v6-m/nofp/crtbegin.o
 .text.shell_init
                0x00000000100002e4       0xa4 CMakeFiles/kernel.dir/kernel.c.obj
                0x00000000100002e4                shell_init
 .text.startup.main
                0x0000000010000388       0x40 CMakeFiles/kernel.dir/kernel.c.obj
                0x0000000010000388                main
 .text.hw_claim_or_assert
                0x00000000100003c8       0x44 CMakeFiles/kernel.dir/usr/share/pico-sdk/src/rp2_common/hardware_claim/claim.c.obj
                0x00000000100003c8                hw_claim_or_assert
 .text.hw_claim_unused_from_range
                0x000000001000040c       0x9c CMakeFiles/kernel.dir/usr/share/pico-sdk/src/rp2_common/hardware_claim/claim.c.obj
                0x000000001000040c                hw_claim_unused_from_range
 .text.running_on_fpga
                0x00000000100004a8       0x10 CMakeFiles/kernel.dir/usr/share/pico-sdk/src/rp2_common/pico_platform/platform.c.obj
                0x00000000100004a8                running_on_fpga
 .text.spin_locks_reset
                0x00000000100004b8       0x1c CMakeFiles/kernel.dir/usr/share/pico-sdk/src/rp2_common/hardware_sync/sync.c.obj
                0x00000000100004b8                spin_locks_reset
 .text.next_striped_spin_lock_num
                0x00000000100004d4       0x18 CMakeFiles/kernel.dir/usr/share/pico-sdk/src/rp2_common/hardware_sync/sync.c.obj
                0x00000000100004d4                next_striped_spin_lock_num
 .text.spin_lock_claim_unused
                0x00000000100004ec       0x24 CMakeFiles/kernel.dir/usr/share/pico-sdk/src/rp2_common/hardware_sync/sync.c.obj
                0x00000000100004ec                spin_lock_claim_unused
 .text.timer_pool_entry_comparator
                0x0000000010000510       0x34 CMakeFiles/kernel.dir/usr/share/pico-sdk/src/common/pico_time/time.c.obj
                0x0000000010000510                timer_pool_entry_comparator
 .text.sleep_until_callback
                0x0000000010000544       0x30 CMakeFiles/kernel.dir/usr/share/pico-sdk/src/common/pico_time/time.c.obj
 .text.add_alarm_under_lock.isra.0
                0x0000000010000574       0xfc CMakeFiles/kernel.dir/usr/share/pico-sdk/src/common/pico_time/time.c.obj
 .text.alarm_pool_alarm_callback
                0x0000000010000670      0x1c8 CMakeFiles/kernel.dir/usr/share/pico-sdk/src/common/pico_time/time.c.obj
 .text.alarm_pool_add_alarm_at.constprop.0
                0x0000000010000838      0x114 CMakeFiles/kernel.dir/usr/share/pico-sdk/src/common/pico_time/time.c.obj
 .text.alarm_pool_init_default
                0x000000001000094c       0x64 CMakeFiles/kernel.dir/usr/share/pico-sdk/src/common/pico_time/time.c.obj
                0x000000001000094c                alarm_pool_init_default
 .text.alarm_pool_get_default
                0x00000000100009b0        0x8 CMakeFiles/kernel.dir/usr/share/pico-sdk/src/common/pico_time/time.c.obj
                0x00000000100009b0                alarm_pool_get_default
 .text.alarm_pool_add_alarm_at
                0x00000000100009b8      0x198 CMakeFiles/kernel.dir/usr/share/pico-sdk/src/common/pico_time/time.c.obj
                0x00000000100009b8                alarm_pool_add_alarm_at
 .text.sleep_until
                0x0000000010000b50       0xac CMakeFiles/kernel.dir/usr/share/pico-sdk/src/common/pico_time/time.c.obj
                0x0000000010000b50                sleep_until
 .text.sleep_ms
                0x0000000010000bfc       0x38 CMakeFiles/kernel.dir/usr/share/pico-sdk/src/common/pico_time/time.c.obj
                0x0000000010000bfc                sleep_ms
 .text.best_effort_wfe_or_timeout
                0x0000000010000c34       0xac CMakeFiles/kernel.dir/usr/share/pico-sdk/src/common/pico_time/time.c.obj
                0x0000000010000c34                best_effort_wfe_or_timeout
 .text.hardware_alarm_irq_handler
                0x0000000010000ce0       0xb8 CMakeFiles/kernel.dir/usr/share/pico-sdk/src/rp2_common/hardware_timer/timer.c.obj
 .text.hardware_alarm_claim
                0x0000000010000d98       0x18 CMakeFiles/kernel.dir/usr/share/pico-sdk/src/rp2_common/hardware_timer/timer.c.obj
                0x0000000010000d98                hardware_alarm_claim
 .text.time_us_64
                0x0000000010000db0       0x14 CMakeFiles/kernel.dir/usr/share/pico-sdk/src/rp2_common/hardware_timer/timer.c.obj
                0x0000000010000db0                time_us_64
 .text.busy_wait_us
                0x0000000010000dc4       0x54 CMakeFiles/kernel.dir/usr/share/pico-sdk/src/rp2_common/hardware_timer/timer.c.obj
                0x0000000010000dc4                busy_wait_us
 .text.busy_wait_until
                0x0000000010000e18       0x20 CMakeFiles/kernel.dir/usr/share/pico-sdk/src/rp2_common/hardware_timer/timer.c.obj
                0x0000000010000e18                busy_wait_until
 .text.hardware_alarm_set_callback
                0x0000000010000e38       0x8c CMakeFiles/kernel.dir/usr/share/pico-sdk/src/rp2_common/hardware_timer/timer.c.obj
                0x0000000010000e38                hardware_alarm_set_callback
 .text.hardware_alarm_set_target
                0x0000000010000ec4       0xe0 CMakeFiles/kernel.dir/usr/share/pico-sdk/src/rp2_common/hardware_timer/timer.c.obj
                0x0000000010000ec4                hardware_alarm_set_target
 .text.hardware_alarm_cancel
                0x0000000010000fa4       0x3c CMakeFiles/kernel.dir/usr/share/pico-sdk/src/rp2_common/hardware_timer/timer.c.obj
                0x0000000010000fa4                hardware_alarm_cancel
 .text.lock_init
                0x0000000010000fe0       0x10 CMakeFiles/kernel.dir/usr/share/pico-sdk/src/common/pico_sync/lock_core.c.obj
                0x0000000010000fe0                lock_init
 .text.mutex_init
                0x0000000010000ff0       0x1c CMakeFiles/kernel.dir/usr/share/pico-sdk/src/common/pico_sync/mutex.c.obj
                0x0000000010000ff0                mutex_init
 .text.recursive_mutex_init
                0x000000001000100c       0x1c CMakeFiles/kernel.dir/usr/share/pico-sdk/src/common/pico_sync/mutex.c.obj
                0x000000001000100c                recursive_mutex_init
 .text.critical_section_init
                0x0000000010001028       0x20 CMakeFiles/kernel.dir/usr/share/pico-sdk/src/common/pico_sync/critical_section.c.obj
                0x0000000010001028                critical_section_init
 .text.ph_merge_nodes
                0x0000000010001048       0x5c CMakeFiles/kernel.dir/usr/share/pico-sdk/src/common/pico_util/pheap.c.obj
 .text.ph_post_alloc_init
                0x00000000100010a4       0x3c CMakeFiles/kernel.dir/usr/share/pico-sdk/src/common/pico_util/pheap.c.obj
                0x00000000100010a4                ph_post_alloc_init
 .text.ph_merge_two_pass
                0x00000000100010e0       0x90 CMakeFiles/kernel.dir/usr/share/pico-sdk/src/common/pico_util/pheap.c.obj
                0x00000000100010e0                ph_merge_two_pass
 .text.ph_remove_any_head
                0x0000000010001170       0xf8 CMakeFiles/kernel.dir/usr/share/pico-sdk/src/common/pico_util/pheap.c.obj
 .text.ph_remove_head
                0x0000000010001268       0xfc CMakeFiles/kernel.dir/usr/share/pico-sdk/src/common/pico_util/pheap.c.obj
                0x0000000010001268                ph_remove_head
 .text.ph_remove_and_free_node
                0x0000000010001364       0x7c CMakeFiles/kernel.dir/usr/share/pico-sdk/src/common/pico_util/pheap.c.obj
                0x0000000010001364                ph_remove_and_free_node
 .text.runtime_init
                0x00000000100013e0       0xec CMakeFiles/kernel.dir/usr/share/pico-sdk/src/rp2_common/pico_runtime/runtime.c.obj
                0x00000000100013e0                runtime_init
 .text.exit     0x00000000100014cc        0x4 CMakeFiles/kernel.dir/usr/share/pico-sdk/src/rp2_common/pico_runtime/runtime.c.obj
                0x00000000100014cc                exit
 .text.panic    0x00000000100014d0       0x30 CMakeFiles/kernel.dir/usr/share/pico-sdk/src/rp2_common/pico_runtime/runtime.c.obj
                0x00000000100014d0                panic
 .text.hard_assertion_failure
                0x0000000010001500        0xc CMakeFiles/kernel.dir/usr/share/pico-sdk/src/rp2_common/pico_runtime/runtime.c.obj
                0x0000000010001500                hard_assertion_failure
 .text.clocks_init
                0x000000001000150c      0x2b0 CMakeFiles/kernel.dir/usr/share/pico-sdk/src/rp2_common/hardware_clocks/clocks.c.obj
                0x000000001000150c                clocks_init
 .text.irq_set_enabled
                0x00000000100017bc       0x24 CMakeFiles/kernel.dir/usr/share/pico-sdk/src/rp2_common/hardware_irq/irq.c.obj
                0x00000000100017bc                irq_set_enabled
 .text.irq_set_pending
                0x00000000100017e0       0x10 CMakeFiles/kernel.dir/usr/share/pico-sdk/src/rp2_common/hardware_irq/irq.c.obj
                0x00000000100017e0                irq_set_pending
 .text.irq_get_vtable_handler
                0x00000000100017f0       0x10 CMakeFiles/kernel.dir/usr/share/pico-sdk/src/rp2_common/hardware_irq/irq.c.obj
                0x00000000100017f0                irq_get_vtable_handler
 .text.irq_set_exclusive_handler
                0x0000000010001800       0x54 CMakeFiles/kernel.dir/usr/share/pico-sdk/src/rp2_common/hardware_irq/irq.c.obj
                0x0000000010001800                irq_set_exclusive_handler
 .text.irq_remove_handler
                0x0000000010001854      0x1bc CMakeFiles/kernel.dir/usr/share/pico-sdk/src/rp2_common/hardware_irq/irq.c.obj
                0x0000000010001854                irq_remove_handler
 .text.irq_add_tail_to_free_list
                0x0000000010001a10       0xb4 CMakeFiles/kernel.dir/usr/share/pico-sdk/src/rp2_common/hardware_irq/irq.c.obj
                0x0000000010001a10                irq_add_tail_to_free_list
 .text.irq_init_priorities
                0x0000000010001ac4       0x24 CMakeFiles/kernel.dir/usr/share/pico-sdk/src/rp2_common/hardware_irq/irq.c.obj
                0x0000000010001ac4                irq_init_priorities
 .text.pll_init
                0x0000000010001ae8       0xa0 CMakeFiles/kernel.dir/usr/share/pico-sdk/src/rp2_common/hardware_pll/pll.c.obj
                0x0000000010001ae8                pll_init
 .text.watchdog_start_tick
                0x0000000010001b88       0x10 CMakeFiles/kernel.dir/usr/share/pico-sdk/src/rp2_common/hardware_watchdog/watchdog.c.obj
                0x0000000010001b88                watchdog_start_tick
 .text.watchdog_reboot
                0x0000000010001b98       0x9c CMakeFiles/kernel.dir/usr/share/pico-sdk/src/rp2_common/hardware_watchdog/watchdog.c.obj
                0x0000000010001b98                watchdog_reboot
 .text.xosc_init
                0x0000000010001c34       0x28 CMakeFiles/kernel.dir/usr/share/pico-sdk/src/rp2_common/hardware_xosc/xosc.c.obj
                0x0000000010001c34                xosc_init
 .text._out_null
                0x0000000010001c5c        0x4 CMakeFiles/kernel.dir/usr/share/pico-sdk/src/rp2_common/pico_printf/printf.c.obj
 .text._out_rev
                0x0000000010001c60       0x90 CMakeFiles/kernel.dir/usr/share/pico-sdk/src/rp2_common/pico_printf/printf.c.obj
 .text._ntoa_format
                0x0000000010001cf0      0x1c0 CMakeFiles/kernel.dir/usr/share/pico-sdk/src/rp2_common/pico_printf/printf.c.obj
 .text._out_char
                0x0000000010001eb0       0x10 CMakeFiles/kernel.dir/usr/share/pico-sdk/src/rp2_common/pico_printf/printf.c.obj
 .text._out_fct
                0x0000000010001ec0       0x10 CMakeFiles/kernel.dir/usr/share/pico-sdk/src/rp2_common/pico_printf/printf.c.obj
 .text._etoa    0x0000000010001ed0      0x454 CMakeFiles/kernel.dir/usr/share/pico-sdk/src/rp2_common/pico_printf/printf.c.obj
 .text._ftoa    0x0000000010002324      0x3d0 CMakeFiles/kernel.dir/usr/share/pico-sdk/src/rp2_common/pico_printf/printf.c.obj
 .text._vsnprintf
                0x00000000100026f4      0xb70 CMakeFiles/kernel.dir/usr/share/pico-sdk/src/rp2_common/pico_printf/printf.c.obj
 .text.vfctprintf
                0x0000000010003264       0x20 CMakeFiles/kernel.dir/usr/share/pico-sdk/src/rp2_common/pico_printf/printf.c.obj
                0x0000000010003264                vfctprintf
 .text.weak_raw_vprintf
                0x0000000010003284       0x30 CMakeFiles/kernel.dir/usr/share/pico-sdk/src/rp2_common/pico_printf/printf.c.obj
                0x0000000010003284                weak_raw_vprintf
 .text          0x00000000100032b4       0x10 CMakeFiles/kernel.dir/usr/share/pico-sdk/src/rp2_common/pico_bit_ops/bit_ops_aeabi.S.obj
 .text.rom_func_lookup
                0x00000000100032c4       0x10 CMakeFiles/kernel.dir/usr/share/pico-sdk/src/rp2_common/pico_bootrom/bootrom.c.obj
                0x00000000100032c4                rom_func_lookup
 .text.rom_data_lookup
                0x00000000100032d4       0x10 CMakeFiles/kernel.dir/usr/share/pico-sdk/src/rp2_common/pico_bootrom/bootrom.c.obj
                0x00000000100032d4                rom_data_lookup
 .text.rom_funcs_lookup
                0x00000000100032e4       0x44 CMakeFiles/kernel.dir/usr/share/pico-sdk/src/rp2_common/pico_bootrom/bootrom.c.obj
                0x00000000100032e4                rom_funcs_lookup
 .text.__wrap___aeabi_idiv
                0x0000000010003328       0x50 CMakeFiles/kernel.dir/usr/share/pico-sdk/src/rp2_common/pico_divider/divider.S.obj
                0x0000000010003328                __wrap___aeabi_idivmod
                0x0000000010003328                divmod_s32s32
                0x0000000010003328                div_s32s32
                0x0000000010003328                __wrap___aeabi_idiv
                0x0000000010003330                divmod_s32s32_unsafe
                0x000000001000335c                divmod_s32s32_savestate
 .text.__wrap___aeabi_uidiv
                0x0000000010003378       0x4c CMakeFiles/kernel.dir/usr/share/pico-sdk/src/rp2_common/pico_divider/divider.S.obj
                0x0000000010003378                __wrap___aeabi_uidiv
                0x0000000010003378                __wrap___aeabi_uidivmod
                0x0000000010003378                div_u32u32
                0x0000000010003378                divmod_u32u32
                0x0000000010003380                divmod_u32u32_unsafe
                0x00000000100033a8                divmod_u32u32_savestate
 .text.__wrap___aeabi_ldiv
                0x00000000100033c4      0x434 CMakeFiles/kernel.dir/usr/share/pico-sdk/src/rp2_common/pico_divider/divider.S.obj
                0x00000000100033c4                div_s64s64
                0x00000000100033c4                divmod_s64s64
                0x00000000100033c4                __wrap___aeabi_ldivmod
                0x00000000100033fc                div_u64u64
                0x00000000100033fc                divmod_u64u64
                0x00000000100033fc                __wrap___aeabi_uldivmod
                0x000000001000340c                divmod_u64u64_savestate
                0x0000000010003434                divmod_s64s64_unsafe
                0x00000000100034bc                divmod_u64u64_unsafe
 .text.__wrap___aeabi_darithmetic
                0x00000000100037f8       0x80 CMakeFiles/kernel.dir/usr/share/pico-sdk/src/rp2_common/pico_double/double_aeabi.S.obj
                0x00000000100037f8                __wrap___aeabi_drsub
                0x00000000100037fe                __wrap___aeabi_dsub
                0x0000000010003810                __wrap___aeabi_dadd
                0x0000000010003822                __wrap___aeabi_ddiv
                0x000000001000385e                __wrap___aeabi_dmul
 .text.__wrap___aeabi_cdcmple
                0x0000000010003878       0x6c CMakeFiles/kernel.dir/usr/share/pico-sdk/src/rp2_common/pico_double/double_aeabi.S.obj
                0x0000000010003878                __wrap___aeabi_cdrcmple
                0x0000000010003888                __wrap___aeabi_cdcmple
                0x0000000010003888                __wrap___aeabi_cdcmpeq
 .text.__wrap___aeabi_dcmplt
                0x00000000100038e4        0xc CMakeFiles/kernel.dir/usr/share/pico-sdk/src/rp2_common/pico_double/double_aeabi.S.obj
                0x00000000100038e4                __wrap___aeabi_dcmplt
 .text.__wrap___aeabi_dcmple
                0x00000000100038f0       0x10 CMakeFiles/kernel.dir/usr/share/pico-sdk/src/rp2_common/pico_double/double_aeabi.S.obj
                0x00000000100038f0                __wrap___aeabi_dcmple
 .text.__wrap___aeabi_dcmpge
                0x0000000010003900       0x10 CMakeFiles/kernel.dir/usr/share/pico-sdk/src/rp2_common/pico_double/double_aeabi.S.obj
                0x0000000010003900                __wrap___aeabi_dcmpge
 .text.__wrap___aeabi_dcmpgt
                0x0000000010003910        0xa CMakeFiles/kernel.dir/usr/share/pico-sdk/src/rp2_common/pico_double/double_aeabi.S.obj
                0x0000000010003910                __wrap___aeabi_dcmpgt
 .text.__wrap___aeabi_dcmpun
                0x000000001000391a       0x1c CMakeFiles/kernel.dir/usr/share/pico-sdk/src/rp2_common/pico_double/double_aeabi.S.obj
                0x000000001000391a                __wrap___aeabi_dcmpun
 *fill*         0x0000000010003936        0x2 
 .text.__wrap___aeabi_i2d
                0x0000000010003938       0x38 CMakeFiles/kernel.dir/usr/share/pico-sdk/src/rp2_common/pico_double/double_aeabi.S.obj
                0x0000000010003938                __wrap___aeabi_ui2d
                0x0000000010003940                __wrap___aeabi_i2d
 .text.__wrap___aeabi_d2iz
                0x0000000010003970       0x48 CMakeFiles/kernel.dir/usr/share/pico-sdk/src/rp2_common/pico_double/double_aeabi.S.obj
                0x0000000010003970                __wrap___aeabi_d2iz
                0x0000000010003970                double2int_z
 .text.__wrap___aeabi_d2uiz
                0x00000000100039b8       0x18 CMakeFiles/kernel.dir/usr/share/pico-sdk/src/rp2_common/pico_double/double_aeabi.S.obj
                0x00000000100039b8                double2uint
                0x00000000100039b8                __wrap___aeabi_d2uiz
 .text.__aeabi_double_init
                0x00000000100039d0       0x94 CMakeFiles/kernel.dir/usr/share/pico-sdk/src/rp2_common/pico_double/double_init_rom.c.obj
                0x00000000100039d0                __aeabi_double_init
 .text.double_table_shim_on_use_helper
                0x0000000010003a64       0x2c CMakeFiles/kernel.dir/usr/share/pico-sdk/src/rp2_common/pico_double/double_v1_rom_shim.S.obj
                0x0000000010003a64                double_table_shim_on_use_helper
 .text.__wrap___aeabi_dsub
                0x0000000010003a90       0x10 CMakeFiles/kernel.dir/usr/share/pico-sdk/src/rp2_common/pico_double/double_v1_rom_shim.S.obj
                0x0000000010003a90                drsub_shim
                0x0000000010003a96                dsub_shim
 .text.dadd_shim
                0x0000000010003aa0      0x15c CMakeFiles/kernel.dir/usr/share/pico-sdk/src/rp2_common/pico_double/double_v1_rom_shim.S.obj
                0x0000000010003aa0                dadd_shim
 .text.dmul_shim
                0x0000000010003bfc      0x15c CMakeFiles/kernel.dir/usr/share/pico-sdk/src/rp2_common/pico_double/double_v1_rom_shim.S.obj
                0x0000000010003bfc                dmul_shim
 .text.ddiv_shim
                0x0000000010003d58      0x1b0 CMakeFiles/kernel.dir/usr/share/pico-sdk/src/rp2_common/pico_double/double_v1_rom_shim.S.obj
                0x0000000010003d58                ddiv_shim
 .text.double2uint_shim
                0x0000000010003f08        0xe CMakeFiles/kernel.dir/usr/share/pico-sdk/src/rp2_common/pico_double/double_v1_rom_shim.S.obj
                0x0000000010003f08                double2uint_shim
                0x0000000010003f0a                double2ufix_shim
 *fill*         0x0000000010003f16        0x2 
 .text.double2uint64_shim
                0x0000000010003f18       0x70 CMakeFiles/kernel.dir/usr/share/pico-sdk/src/rp2_common/pico_double/double_v1_rom_shim.S.obj
                0x0000000010003f18                double2uint64_shim
                0x0000000010003f1a                double2ufix64_shim
                0x0000000010003f3a                d2fix_a
 .text.dunpacks
                0x0000000010003f88       0x3c CMakeFiles/kernel.dir/usr/share/pico-sdk/src/rp2_common/pico_double/double_v1_rom_shim.S.obj
                0x0000000010003f88                dunpacks
 .text.__aeabi_lmul
                0x0000000010003fc4       0x32 CMakeFiles/kernel.dir/usr/share/pico-sdk/src/rp2_common/pico_int64_ops/pico_int64_ops_aeabi.S.obj
                0x0000000010003fc4                __wrap___aeabi_lmul
 *fill*         0x0000000010003ff6        0x2 
 .text.__aeabi_float_init
                0x0000000010003ff8       0x64 CMakeFiles/kernel.dir/usr/share/pico-sdk/src/rp2_common/pico_float/float_init_rom.c.obj
                0x0000000010003ff8                __aeabi_float_init
 .text.float_table_shim_on_use_helper
                0x000000001000405c       0x2c CMakeFiles/kernel.dir/usr/share/pico-sdk/src/rp2_common/pico_float/float_v1_rom_shim.S.obj
                0x000000001000405c                float_table_shim_on_use_helper
 .text          0x0000000010004088       0x10 CMakeFiles/kernel.dir/usr/share/pico-sdk/src/rp2_common/pico_mem_ops/mem_ops_aeabi.S.obj
                0x0000000010004088                __aeabi_mem_init
 .text.memset   0x0000000010004098        0xc CMakeFiles/kernel.dir/usr/share/pico-sdk/src/rp2_common/pico_mem_ops/mem_ops_aeabi.S.obj
                0x0000000010004098                __wrap_memset
 .text.memcpy   0x00000000100040a4        0xc CMakeFiles/kernel.dir/usr/share/pico-sdk/src/rp2_common/pico_mem_ops/mem_ops_aeabi.S.obj
                0x00000000100040a4                __wrap___aeabi_memcpy
                0x00000000100040a4                __wrap_memcpy
 .text.stdio_out_chars_no_crlf
                0x00000000100040b0       0x10 CMakeFiles/kernel.dir/usr/share/pico-sdk/src/rp2_common/pico_stdio/stdio.c.obj
 .text.stdio_out_chars_crlf
                0x00000000100040c0       0xa0 CMakeFiles/kernel.dir/usr/share/pico-sdk/src/rp2_common/pico_stdio/stdio.c.obj
 .text.stdio_buffered_printer
                0x0000000010004160       0x64 CMakeFiles/kernel.dir/usr/share/pico-sdk/src/rp2_common/pico_stdio/stdio.c.obj
 .text.stdio_put_string.isra.0
                0x00000000100041c4       0xfc CMakeFiles/kernel.dir/usr/share/pico-sdk/src/rp2_common/pico_stdio/stdio.c.obj
 .text.__wrap_putchar
                0x00000000100042c0       0xa0 CMakeFiles/kernel.dir/usr/share/pico-sdk/src/rp2_common/pico_stdio/stdio.c.obj
                0x00000000100042c0                __wrap_putchar
 .text.__wrap_puts
                0x0000000010004360       0x3c CMakeFiles/kernel.dir/usr/share/pico-sdk/src/rp2_common/pico_stdio/stdio.c.obj
                0x0000000010004360                __wrap_puts
 .text.stdio_set_driver_enabled
                0x000000001000439c       0x3c CMakeFiles/kernel.dir/usr/share/pico-sdk/src/rp2_common/pico_stdio/stdio.c.obj
                0x000000001000439c                stdio_set_driver_enabled
 .text.__wrap_vprintf
                0x00000000100043d8       0xd4 CMakeFiles/kernel.dir/usr/share/pico-sdk/src/rp2_common/pico_stdio/stdio.c.obj
                0x00000000100043d8                __wrap_vprintf
 .text.__wrap_printf
                0x00000000100044ac       0x18 CMakeFiles/kernel.dir/usr/share/pico-sdk/src/rp2_common/pico_stdio/stdio.c.obj
                0x00000000100044ac                __wrap_printf
 .text.stdio_init_all
                0x00000000100044c4        0x8 CMakeFiles/kernel.dir/usr/share/pico-sdk/src/rp2_common/pico_stdio/stdio.c.obj
                0x00000000100044c4                stdio_init_all
 .text.__wrap_getchar
                0x00000000100044cc       0x78 CMakeFiles/kernel.dir/usr/share/pico-sdk/src/rp2_common/pico_stdio/stdio.c.obj
                0x00000000100044cc                __wrap_getchar
 .text.resetd_init
                0x0000000010004544        0x4 CMakeFiles/kernel.dir/usr/share/pico-sdk/src/rp2_common/pico_stdio_usb/reset_interface.c.obj
 .text.resetd_reset
                0x0000000010004548        0xc CMakeFiles/kernel.dir/usr/share/pico-sdk/src/rp2_common/pico_stdio_usb/reset_interface.c.obj
 .text.resetd_open
                0x0000000010004554       0x28 CMakeFiles/kernel.dir/usr/share/pico-sdk/src/rp2_common/pico_stdio_usb/reset_interface.c.obj
 .text.resetd_xfer_cb
                0x000000001000457c        0x4 CMakeFiles/kernel.dir/usr/share/pico-sdk/src/rp2_common/pico_stdio_usb/reset_interface.c.obj
 .text.resetd_control_xfer_cb
                0x0000000010004580       0x64 CMakeFiles/kernel.dir/usr/share/pico-sdk/src/rp2_common/pico_stdio_usb/reset_interface.c.obj
 .text.usbd_app_driver_get_cb
                0x00000000100045e4        0xc CMakeFiles/kernel.dir/usr/share/pico-sdk/src/rp2_common/pico_stdio_usb/reset_interface.c.obj
                0x00000000100045e4                usbd_app_driver_get_cb
 .text.tud_cdc_line_coding_cb
                0x00000000100045f0       0x34 CMakeFiles/kernel.dir/usr/share/pico-sdk/src/rp2_common/pico_stdio_usb/reset_interface.c.obj
                0x00000000100045f0                tud_cdc_line_coding_cb
 .text.stdio_usb_in_chars
                0x0000000010004624       0x68 CMakeFiles/kernel.dir/usr/share/pico-sdk/src/rp2_common/pico_stdio_usb/stdio_usb.c.obj
                0x0000000010004624                stdio_usb_in_chars
 .text.stdio_usb_out_chars
                0x000000001000468c       0xe8 CMakeFiles/kernel.dir/usr/share/pico-sdk/src/rp2_common/pico_stdio_usb/stdio_usb.c.obj
 .text.timer_task
                0x0000000010004774       0x10 CMakeFiles/kernel.dir/usr/share/pico-sdk/src/rp2_common/pico_stdio_usb/stdio_usb.c.obj
 .text.low_priority_worker_irq
                0x0000000010004784       0x24 CMakeFiles/kernel.dir/usr/share/pico-sdk/src/rp2_common/pico_stdio_usb/stdio_usb.c.obj
 .text.stdio_usb_init
                0x00000000100047a8       0x90 CMakeFiles/kernel.dir/usr/share/pico-sdk/src/rp2_common/pico_stdio_usb/stdio_usb.c.obj
                0x00000000100047a8                stdio_usb_init
 .text.tud_descriptor_device_cb
                0x0000000010004838        0x8 CMakeFiles/kernel.dir/usr/share/pico-sdk/src/rp2_common/pico_stdio_usb/stdio_usb_descriptors.c.obj
                0x0000000010004838                tud_descriptor_device_cb
 .text.tud_descriptor_configuration_cb
                0x0000000010004840        0x8 CMakeFiles/kernel.dir/usr/share/pico-sdk/src/rp2_common/pico_stdio_usb/stdio_usb_descriptors.c.obj
                0x0000000010004840                tud_descriptor_configuration_cb
 .text.tud_descriptor_string_cb
                0x0000000010004848       0x70 CMakeFiles/kernel.dir/usr/share/pico-sdk/src/rp2_common/pico_stdio_usb/stdio_usb_descriptors.c.obj
                0x0000000010004848                tud_descriptor_string_cb
 .text.dcd_rp2040_irq
                0x00000000100048b8      0x1cc CMakeFiles/kernel.dir/usr/share/pico-sdk/lib/tinyusb/src/portable/raspberrypi/rp2040/dcd_rp2040.c.obj
 .text.dcd_int_enable
                0x0000000010004a84        0xc CMakeFiles/kernel.dir/usr/share/pico-sdk/lib/tinyusb/src/portable/raspberrypi/rp2040/dcd_rp2040.c.obj
                0x0000000010004a84                dcd_int_enable
 .text.dcd_set_address
                0x0000000010004a90       0x14 CMakeFiles/kernel.dir/usr/share/pico-sdk/lib/tinyusb/src/portable/raspberrypi/rp2040/dcd_rp2040.c.obj
                0x0000000010004a90                dcd_set_address
 .text.dcd_connect
                0x0000000010004aa4       0x10 CMakeFiles/kernel.dir/usr/share/pico-sdk/lib/tinyusb/src/portable/raspberrypi/rp2040/dcd_rp2040.c.obj
                0x0000000010004aa4                dcd_connect
 .text.dcd_init
                0x0000000010004ab4       0xf0 CMakeFiles/kernel.dir/usr/share/pico-sdk/lib/tinyusb/src/portable/raspberrypi/rp2040/dcd_rp2040.c.obj
                0x0000000010004ab4                dcd_init
 .text.dcd_edpt0_status_complete
                0x0000000010004ba4       0x1c CMakeFiles/kernel.dir/usr/share/pico-sdk/lib/tinyusb/src/portable/raspberrypi/rp2040/dcd_rp2040.c.obj
                0x0000000010004ba4                dcd_edpt0_status_complete
 .text.dcd_edpt_open
                0x0000000010004bc0       0xf0 CMakeFiles/kernel.dir/usr/share/pico-sdk/lib/tinyusb/src/portable/raspberrypi/rp2040/dcd_rp2040.c.obj
                0x0000000010004bc0                dcd_edpt_open
 .text.dcd_edpt_close_all
                0x0000000010004cb0       0x68 CMakeFiles/kernel.dir/usr/share/pico-sdk/lib/tinyusb/src/portable/raspberrypi/rp2040/dcd_rp2040.c.obj
                0x0000000010004cb0                dcd_edpt_close_all
 .text.dcd_edpt_xfer
                0x0000000010004d18       0x24 CMakeFiles/kernel.dir/usr/share/pico-sdk/lib/tinyusb/src/portable/raspberrypi/rp2040/dcd_rp2040.c.obj
                0x0000000010004d18                dcd_edpt_xfer
 .text.dcd_edpt_stall
                0x0000000010004d3c       0x34 CMakeFiles/kernel.dir/usr/share/pico-sdk/lib/tinyusb/src/portable/raspberrypi/rp2040/dcd_rp2040.c.obj
                0x0000000010004d3c                dcd_edpt_stall
 .text.dcd_edpt_clear_stall
                0x0000000010004d70       0x30 CMakeFiles/kernel.dir/usr/share/pico-sdk/lib/tinyusb/src/portable/raspberrypi/rp2040/dcd_rp2040.c.obj
                0x0000000010004d70                dcd_edpt_clear_stall
 .text._hw_endpoint_buffer_control_update32.part.0.isra.0
                0x0000000010004da0       0x1c CMakeFiles/kernel.dir/usr/share/pico-sdk/lib/tinyusb/src/portable/raspberrypi/rp2040/rp2040_usb.c.obj
 .text.rp2040_usb_init
                0x0000000010004dbc       0x4c CMakeFiles/kernel.dir/usr/share/pico-sdk/lib/tinyusb/src/portable/raspberrypi/rp2040/rp2040_usb.c.obj
                0x0000000010004dbc                rp2040_usb_init
 .text.hw_endpoint_reset_transfer
                0x0000000010004e08        0xc CMakeFiles/kernel.dir/usr/share/pico-sdk/lib/tinyusb/src/portable/raspberrypi/rp2040/rp2040_usb.c.obj
                0x0000000010004e08                hw_endpoint_reset_transfer
 .text._hw_endpoint_buffer_control_update32
                0x0000000010004e14       0x44 CMakeFiles/kernel.dir/usr/share/pico-sdk/lib/tinyusb/src/portable/raspberrypi/rp2040/rp2040_usb.c.obj
                0x0000000010004e14                _hw_endpoint_buffer_control_update32
 .text.hw_endpoint_xfer_start
                0x0000000010004e58      0x134 CMakeFiles/kernel.dir/usr/share/pico-sdk/lib/tinyusb/src/portable/raspberrypi/rp2040/rp2040_usb.c.obj
                0x0000000010004e58                hw_endpoint_xfer_start
 .text.hw_endpoint_xfer_continue
                0x0000000010004f8c      0x1dc CMakeFiles/kernel.dir/usr/share/pico-sdk/lib/tinyusb/src/portable/raspberrypi/rp2040/rp2040_usb.c.obj
                0x0000000010004f8c                hw_endpoint_xfer_continue
 .text.tud_mounted
                0x0000000010005168       0x10 CMakeFiles/kernel.dir/usr/share/pico-sdk/lib/tinyusb/src/device/usbd.c.obj
                0x0000000010005168                tud_mounted
 .text.tud_suspended
                0x0000000010005178       0x10 CMakeFiles/kernel.dir/usr/share/pico-sdk/lib/tinyusb/src/device/usbd.c.obj
                0x0000000010005178                tud_suspended
 .text.tud_inited
                0x0000000010005188        0xc CMakeFiles/kernel.dir/usr/share/pico-sdk/lib/tinyusb/src/device/usbd.c.obj
                0x0000000010005188                tud_inited
 .text.tud_init
                0x0000000010005194       0xd8 CMakeFiles/kernel.dir/usr/share/pico-sdk/lib/tinyusb/src/device/usbd.c.obj
                0x0000000010005194                tud_init
 .text.tud_task
                0x000000001000526c      0x93c CMakeFiles/kernel.dir/usr/share/pico-sdk/lib/tinyusb/src/device/usbd.c.obj
                0x000000001000526c                tud_task
 .text.dcd_event_bus_signal
                0x0000000010005ba8      0x120 CMakeFiles/kernel.dir/usr/share/pico-sdk/lib/tinyusb/src/device/usbd.c.obj
                0x0000000010005ba8                dcd_event_bus_signal
 .text.dcd_event_bus_reset
                0x0000000010005cc8       0x54 CMakeFiles/kernel.dir/usr/share/pico-sdk/lib/tinyusb/src/device/usbd.c.obj
                0x0000000010005cc8                dcd_event_bus_reset
 .text.dcd_event_setup_received
                0x0000000010005d1c       0x50 CMakeFiles/kernel.dir/usr/share/pico-sdk/lib/tinyusb/src/device/usbd.c.obj
                0x0000000010005d1c                dcd_event_setup_received
 .text.dcd_event_xfer_complete
                0x0000000010005d6c       0x68 CMakeFiles/kernel.dir/usr/share/pico-sdk/lib/tinyusb/src/device/usbd.c.obj
                0x0000000010005d6c                dcd_event_xfer_complete
 .text.usbd_open_edpt_pair
                0x0000000010005dd4       0x80 CMakeFiles/kernel.dir/usr/share/pico-sdk/lib/tinyusb/src/device/usbd.c.obj
                0x0000000010005dd4                usbd_open_edpt_pair
 .text.usbd_edpt_open
                0x0000000010005e54       0x30 CMakeFiles/kernel.dir/usr/share/pico-sdk/lib/tinyusb/src/device/usbd.c.obj
                0x0000000010005e54                usbd_edpt_open
 .text.usbd_edpt_claim
                0x0000000010005e84       0x64 CMakeFiles/kernel.dir/usr/share/pico-sdk/lib/tinyusb/src/device/usbd.c.obj
                0x0000000010005e84                usbd_edpt_claim
 .text.usbd_edpt_release
                0x0000000010005ee8       0x4c CMakeFiles/kernel.dir/usr/share/pico-sdk/lib/tinyusb/src/device/usbd.c.obj
                0x0000000010005ee8                usbd_edpt_release
 .text.usbd_edpt_xfer
                0x0000000010005f34       0x48 CMakeFiles/kernel.dir/usr/share/pico-sdk/lib/tinyusb/src/device/usbd.c.obj
                0x0000000010005f34                usbd_edpt_xfer
 .text.tud_control_status
                0x0000000010005f7c       0x2c CMakeFiles/kernel.dir/usr/share/pico-sdk/lib/tinyusb/src/device/usbd_control.c.obj
                0x0000000010005f7c                tud_control_status
 .text.tud_control_xfer
                0x0000000010005fa8       0xac CMakeFiles/kernel.dir/usr/share/pico-sdk/lib/tinyusb/src/device/usbd_control.c.obj
                0x0000000010005fa8                tud_control_xfer
 .text.usbd_control_reset
                0x0000000010006054       0x14 CMakeFiles/kernel.dir/usr/share/pico-sdk/lib/tinyusb/src/device/usbd_control.c.obj
                0x0000000010006054                usbd_control_reset
 .text.usbd_control_set_complete_callback
                0x0000000010006068        0xc CMakeFiles/kernel.dir/usr/share/pico-sdk/lib/tinyusb/src/device/usbd_control.c.obj
                0x0000000010006068                usbd_control_set_complete_callback
 .text.usbd_control_set_request
                0x0000000010006074       0x1c CMakeFiles/kernel.dir/usr/share/pico-sdk/lib/tinyusb/src/device/usbd_control.c.obj
                0x0000000010006074                usbd_control_set_request
 .text.usbd_control_xfer_cb
                0x0000000010006090       0xf4 CMakeFiles/kernel.dir/usr/share/pico-sdk/lib/tinyusb/src/device/usbd_control.c.obj
                0x0000000010006090                usbd_control_xfer_cb
 .text.tud_cdc_n_connected
                0x0000000010006184       0x30 CMakeFiles/kernel.dir/usr/share/pico-sdk/lib/tinyusb/src/class/cdc/cdc_device.c.obj
                0x0000000010006184                tud_cdc_n_connected
 .text.tud_cdc_n_available
                0x00000000100061b4       0x18 CMakeFiles/kernel.dir/usr/share/pico-sdk/lib/tinyusb/src/class/cdc/cdc_device.c.obj
                0x00000000100061b4                tud_cdc_n_available
 .text.tud_cdc_n_read
                0x00000000100061cc       0x70 CMakeFiles/kernel.dir/usr/share/pico-sdk/lib/tinyusb/src/class/cdc/cdc_device.c.obj
                0x00000000100061cc                tud_cdc_n_read
 .text.tud_cdc_n_write_flush
                0x000000001000623c       0x78 CMakeFiles/kernel.dir/usr/share/pico-sdk/lib/tinyusb/src/class/cdc/cdc_device.c.obj
                0x000000001000623c                tud_cdc_n_write_flush
 .text.tud_cdc_n_write
                0x00000000100062b4       0x34 CMakeFiles/kernel.dir/usr/share/pico-sdk/lib/tinyusb/src/class/cdc/cdc_device.c.obj
                0x00000000100062b4                tud_cdc_n_write
 .text.tud_cdc_n_write_available
                0x00000000100062e8       0x18 CMakeFiles/kernel.dir/usr/share/pico-sdk/lib/tinyusb/src/class/cdc/cdc_device.c.obj
                0x00000000100062e8                tud_cdc_n_write_available
 .text.cdcd_init
                0x0000000010006300       0x7c CMakeFiles/kernel.dir/usr/share/pico-sdk/lib/tinyusb/src/class/cdc/cdc_device.c.obj
                0x0000000010006300                cdcd_init
 .text.cdcd_reset
                0x000000001000637c       0x2c CMakeFiles/kernel.dir/usr/share/pico-sdk/lib/tinyusb/src/class/cdc/cdc_device.c.obj
                0x000000001000637c                cdcd_reset
 .text.cdcd_open
                0x00000000100063a8       0xe4 CMakeFiles/kernel.dir/usr/share/pico-sdk/lib/tinyusb/src/class/cdc/cdc_device.c.obj
                0x00000000100063a8                cdcd_open
 .text.cdcd_control_xfer_cb
                0x000000001000648c       0xe4 CMakeFiles/kernel.dir/usr/share/pico-sdk/lib/tinyusb/src/class/cdc/cdc_device.c.obj
                0x000000001000648c                cdcd_control_xfer_cb
 .text.cdcd_xfer_cb
                0x0000000010006570      0x148 CMakeFiles/kernel.dir/usr/share/pico-sdk/lib/tinyusb/src/class/cdc/cdc_device.c.obj
                0x0000000010006570                cdcd_xfer_cb
 .text.tusb_init
                0x00000000100066b8        0xc CMakeFiles/kernel.dir/usr/share/pico-sdk/lib/tinyusb/src/tusb.c.obj
                0x00000000100066b8                tusb_init
 .text.tusb_inited
                0x00000000100066c4        0x8 CMakeFiles/kernel.dir/usr/share/pico-sdk/lib/tinyusb/src/tusb.c.obj
                0x00000000100066c4                tusb_inited
 .text.tu_edpt_validate
                0x00000000100066cc       0x78 CMakeFiles/kernel.dir/usr/share/pico-sdk/lib/tinyusb/src/tusb.c.obj
                0x00000000100066cc                tu_edpt_validate
 .text.tu_edpt_bind_driver
                0x0000000010006744       0x2c CMakeFiles/kernel.dir/usr/share/pico-sdk/lib/tinyusb/src/tusb.c.obj
                0x0000000010006744                tu_edpt_bind_driver
 .text.tu_fifo_config
                0x0000000010006770       0x78 CMakeFiles/kernel.dir/usr/share/pico-sdk/lib/tinyusb/src/common/tusb_fifo.c.obj
                0x0000000010006770                tu_fifo_config
 .text.tu_fifo_count
                0x00000000100067e8       0x20 CMakeFiles/kernel.dir/usr/share/pico-sdk/lib/tinyusb/src/common/tusb_fifo.c.obj
                0x00000000100067e8                tu_fifo_count
 .text.tu_fifo_empty
                0x0000000010006808       0x10 CMakeFiles/kernel.dir/usr/share/pico-sdk/lib/tinyusb/src/common/tusb_fifo.c.obj
                0x0000000010006808                tu_fifo_empty
 .text.tu_fifo_remaining
                0x0000000010006818       0x1c CMakeFiles/kernel.dir/usr/share/pico-sdk/lib/tinyusb/src/common/tusb_fifo.c.obj
                0x0000000010006818                tu_fifo_remaining
 .text.tu_fifo_read
                0x0000000010006834       0x9c CMakeFiles/kernel.dir/usr/share/pico-sdk/lib/tinyusb/src/common/tusb_fifo.c.obj
                0x0000000010006834                tu_fifo_read
 .text.tu_fifo_read_n
                0x00000000100068d0       0xfc CMakeFiles/kernel.dir/usr/share/pico-sdk/lib/tinyusb/src/common/tusb_fifo.c.obj
                0x00000000100068d0                tu_fifo_read_n
 .text.tu_fifo_write
                0x00000000100069cc       0x7c CMakeFiles/kernel.dir/usr/share/pico-sdk/lib/tinyusb/src/common/tusb_fifo.c.obj
                0x00000000100069cc                tu_fifo_write
 .text.tu_fifo_write_n
                0x0000000010006a48       0xfc CMakeFiles/kernel.dir/usr/share/pico-sdk/lib/tinyusb/src/common/tusb_fifo.c.obj
                0x0000000010006a48                tu_fifo_write_n
 .text.tu_fifo_clear
                0x0000000010006b44       0x4c CMakeFiles/kernel.dir/usr/share/pico-sdk/lib/tinyusb/src/common/tusb_fifo.c.obj
                0x0000000010006b44                tu_fifo_clear
 .text.tu_fifo_set_overwritable
                0x0000000010006b90       0x3c CMakeFiles/kernel.dir/usr/share/pico-sdk/lib/tinyusb/src/common/tusb_fifo.c.obj
                0x0000000010006b90                tu_fifo_set_overwritable
 .text.startup._retrieve_unique_id_on_boot
                0x0000000010006bcc       0x10 CMakeFiles/kernel.dir/usr/share/pico-sdk/src/rp2_common/pico_unique_id/unique_id.c.obj
 .text.pico_get_unique_board_id_string
                0x0000000010006bdc      0x1a8 CMakeFiles/kernel.dir/usr/share/pico-sdk/src/rp2_common/pico_unique_id/unique_id.c.obj
                0x0000000010006bdc                pico_get_unique_board_id_string
 .text.flash_get_unique_id
                0x0000000010006d84       0x40 CMakeFiles/kernel.dir/usr/share/pico-sdk/src/rp2_common/hardware_flash/flash.c.obj
                0x0000000010006d84                flash_get_unique_id
 .text.atexit   0x0000000010006dc4       0x10 /usr/lib/gcc/arm-none-eabi/11.3.0/../../../../arm-none-eabi/lib/thumb/v6-m/nofp/libc.a(lib_a-atexit.o)
                0x0000000010006dc4                atexit
 .text.__libc_fini_array
                0x0000000010006dd4       0x28 /usr/lib/gcc/arm-none-eabi/11.3.0/../../../../arm-none-eabi/lib/thumb/v6-m/nofp/libc.a(lib_a-fini.o)
                0x0000000010006dd4                __libc_fini_array
 .text.strlen   0x0000000010006dfc       0x5c /usr/lib/gcc/arm-none-eabi/11.3.0/../../../../arm-none-eabi/lib/thumb/v6-m/nofp/libc.a(lib_a-strlen-stub.o)
                0x0000000010006dfc                strlen
 .text.__register_exitproc
                0x0000000010006e58       0xac /usr/lib/gcc/arm-none-eabi/11.3.0/../../../../arm-none-eabi/lib/thumb/v6-m/nofp/libc.a(lib_a-__atexit.o)
                0x0000000010006e58                __register_exitproc
 .text.startup.register_fini
                0x0000000010006f04       0x18 /usr/lib/gcc/arm-none-eabi/11.3.0/../../../../arm-none-eabi/lib/thumb/v6-m/nofp/libc.a(lib_a-__call_atexit.o)
 .text.__retarget_lock_acquire_recursive
                0x0000000010006f1c        0x4 /usr/lib/gcc/arm-none-eabi/11.3.0/../../../../arm-none-eabi/lib/thumb/v6-m/nofp/libc.a(lib_a-lock.o)
                0x0000000010006f1c                __retarget_lock_acquire_recursive
 .text.__retarget_lock_release_recursive
                0x0000000010006f20        0x4 /usr/lib/gcc/arm-none-eabi/11.3.0/../../../../arm-none-eabi/lib/thumb/v6-m/nofp/libc.a(lib_a-lock.o)
                0x0000000010006f20                __retarget_lock_release_recursive
 *(.fini)
 .fini          0x0000000010006f24        0x4 /usr/lib/gcc/arm-none-eabi/11.3.0/thumb/v6-m/nofp/crti.o
                0x0000000010006f24                _fini
 .fini.__stub   0x0000000010006f28       0x70 linker stubs
 *crtbegin.o(.ctors)
 *crtbegin?.o(.ctors)
 *(EXCLUDE_FILE(*crtend.o *crtend?.o) .ctors)
 *(SORT_BY_NAME(.ctors.*))
 *(.ctors)
 *crtbegin.o(.dtors)
 *crtbegin?.o(.dtors)
 *(EXCLUDE_FILE(*crtend.o *crtend?.o) .dtors)
 *(SORT_BY_NAME(.dtors.*))
 *(.dtors)
 *(.eh_frame*)
 .eh_frame      0x0000000010006f98        0x0 /usr/lib/gcc/arm-none-eabi/11.3.0/thumb/v6-m/nofp/crtbegin.o
                0x0000000010006f98                . = ALIGN (0x4)

.glue_7         0x0000000010006f98        0x0
 .glue_7        0x0000000010006f98        0x0 linker stubs

.glue_7t        0x0000000010006f98        0x0
 .glue_7t       0x0000000010006f98        0x0 linker stubs

.vfp11_veneer   0x0000000010006f98        0x0
 .vfp11_veneer  0x0000000010006f98        0x0 linker stubs

.v4_bx          0x0000000010006f98        0x0
 .v4_bx         0x0000000010006f98        0x0 linker stubs

.iplt           0x0000000010006f98        0x0
 .iplt          0x0000000010006f98        0x0 /usr/lib/gcc/arm-none-eabi/11.3.0/thumb/v6-m/nofp/crtbegin.o

.rodata         0x0000000010006f98      0x530
 *(EXCLUDE_FILE(*libm.a: *libc.a:*lib_a-mem*.o *libgcc.a:) .rodata*)
 .rodata.parse_command.str1.4
                0x0000000010006f98       0x15 CMakeFiles/kernel.dir/kernel.c.obj
 *fill*         0x0000000010006fad        0x3 
 .rodata.shell_init.str1.4
                0x0000000010006fb0       0x1c CMakeFiles/kernel.dir/kernel.c.obj
 .rodata.main.str1.4
                0x0000000010006fcc       0x38 CMakeFiles/kernel.dir/kernel.c.obj
 .rodata.spin_lock_claim_unused.str1.4
                0x0000000010007004       0x1b CMakeFiles/kernel.dir/usr/share/pico-sdk/src/rp2_common/hardware_sync/sync.c.obj
 *fill*         0x000000001000701f        0x1 
 .rodata.at_the_end_of_time
                0x0000000010007020        0x8 CMakeFiles/kernel.dir/usr/share/pico-sdk/src/common/pico_time/time.c.obj
                0x0000000010007020                at_the_end_of_time
 .rodata.hardware_alarm_claim.str1.4
                0x0000000010007028       0x22 CMakeFiles/kernel.dir/usr/share/pico-sdk/src/rp2_common/hardware_timer/timer.c.obj
 *fill*         0x000000001000704a        0x2 
 .rodata.panic.str1.4
                0x000000001000704c       0x10 CMakeFiles/kernel.dir/usr/share/pico-sdk/src/rp2_common/pico_runtime/runtime.c.obj
                                         0x12 (size before relaxing)
 .rodata.hard_assertion_failure.str1.4
                0x000000001000705c        0xc CMakeFiles/kernel.dir/usr/share/pico-sdk/src/rp2_common/pico_runtime/runtime.c.obj
 .rodata._ftoa.str1.4
                0x0000000010007068       0x15 CMakeFiles/kernel.dir/usr/share/pico-sdk/src/rp2_common/pico_printf/printf.c.obj
 *fill*         0x000000001000707d        0x3 
 .rodata._vsnprintf
                0x0000000010007080      0x19c CMakeFiles/kernel.dir/usr/share/pico-sdk/src/rp2_common/pico_printf/printf.c.obj
 *fill*         0x000000001000721c        0x4 
 .rodata.pow10.0
                0x0000000010007220       0x50 CMakeFiles/kernel.dir/usr/share/pico-sdk/src/rp2_common/pico_printf/printf.c.obj
 .rodata.str1.4
                0x0000000010007270       0x3c CMakeFiles/kernel.dir/usr/share/pico-sdk/src/rp2_common/pico_standard_link/binary_info.c.obj
 .rodata.__bi_44
                0x00000000100072ac        0xc CMakeFiles/kernel.dir/usr/share/pico-sdk/src/rp2_common/pico_standard_link/binary_info.c.obj
 .rodata.__bi_75
                0x00000000100072b8        0xc CMakeFiles/kernel.dir/usr/share/pico-sdk/src/rp2_common/pico_standard_link/binary_info.c.obj
 .rodata.__bi_81
                0x00000000100072c4        0xc CMakeFiles/kernel.dir/usr/share/pico-sdk/src/rp2_common/pico_standard_link/binary_info.c.obj
 .rodata.crlf_str.0
                0x00000000100072d0        0x2 CMakeFiles/kernel.dir/usr/share/pico-sdk/src/rp2_common/pico_stdio/stdio.c.obj
 *fill*         0x00000000100072d2        0x2 
 .rodata._resetd_driver
                0x00000000100072d4       0x18 CMakeFiles/kernel.dir/usr/share/pico-sdk/src/rp2_common/pico_stdio_usb/reset_interface.c.obj
 .rodata.str1.4
                0x00000000100072ec       0x13 CMakeFiles/kernel.dir/usr/share/pico-sdk/src/rp2_common/pico_stdio_usb/stdio_usb.c.obj
 *fill*         0x00000000100072ff        0x1 
 .rodata.__bi_93.0
                0x0000000010007300        0xc CMakeFiles/kernel.dir/usr/share/pico-sdk/src/rp2_common/pico_stdio_usb/stdio_usb.c.obj
 .rodata.str1.4
                0x000000001000730c       0x2a CMakeFiles/kernel.dir/usr/share/pico-sdk/src/rp2_common/pico_stdio_usb/stdio_usb_descriptors.c.obj
 *fill*         0x0000000010007336        0x2 
 .rodata.usbd_desc_cfg
                0x0000000010007338       0x54 CMakeFiles/kernel.dir/usr/share/pico-sdk/src/rp2_common/pico_stdio_usb/stdio_usb_descriptors.c.obj
 .rodata.usbd_desc_device
                0x000000001000738c       0x12 CMakeFiles/kernel.dir/usr/share/pico-sdk/src/rp2_common/pico_stdio_usb/stdio_usb_descriptors.c.obj
 *fill*         0x000000001000739e        0x2 
 .rodata.usbd_desc_str
                0x00000000100073a0       0x18 CMakeFiles/kernel.dir/usr/share/pico-sdk/src/rp2_common/pico_stdio_usb/stdio_usb_descriptors.c.obj
 .rodata.dcd_rp2040_irq.str1.4
                0x00000000100073b8       0x14 CMakeFiles/kernel.dir/usr/share/pico-sdk/lib/tinyusb/src/portable/raspberrypi/rp2040/dcd_rp2040.c.obj
 .rodata._hw_endpoint_buffer_control_update32.part.0.isra.0.str1.4
                0x00000000100073cc       0x1f CMakeFiles/kernel.dir/usr/share/pico-sdk/lib/tinyusb/src/portable/raspberrypi/rp2040/rp2040_usb.c.obj
 *fill*         0x00000000100073eb        0x1 
 .rodata.hw_endpoint_xfer_continue.str1.4
                0x00000000100073ec       0x29 CMakeFiles/kernel.dir/usr/share/pico-sdk/lib/tinyusb/src/portable/raspberrypi/rp2040/rp2040_usb.c.obj
 *fill*         0x0000000010007415        0x3 
 .rodata.str1.4
                0x0000000010007418        0x7 CMakeFiles/kernel.dir/usr/share/pico-sdk/lib/tinyusb/src/portable/raspberrypi/rp2040/rp2040_usb.c.obj
 *fill*         0x000000001000741f        0x1 
 .rodata.tud_task
                0x0000000010007420       0x8c CMakeFiles/kernel.dir/usr/share/pico-sdk/lib/tinyusb/src/device/usbd.c.obj
 .rodata._usbd_driver
                0x00000000100074ac       0x18 CMakeFiles/kernel.dir/usr/share/pico-sdk/lib/tinyusb/src/device/usbd.c.obj
 .rodata._global_impure_ptr
                0x00000000100074c4        0x4 /usr/lib/gcc/arm-none-eabi/11.3.0/../../../../arm-none-eabi/lib/thumb/v6-m/nofp/libc.a(lib_a-impure.o)
                0x00000000100074c4                _global_impure_ptr
                0x00000000100074c8                . = ALIGN (0x4)
 *(SORT_BY_ALIGNMENT(SORT_BY_NAME(.flashdata*)))
                0x00000000100074c8                . = ALIGN (0x4)

.rel.dyn        0x00000000100074c8        0x0
 .rel.iplt      0x00000000100074c8        0x0 /usr/lib/gcc/arm-none-eabi/11.3.0/thumb/v6-m/nofp/crtbegin.o

.ARM.extab
 *(.ARM.extab* .gnu.linkonce.armextab.*)
                0x00000000100074c8                __exidx_start = .

.ARM.exidx
 *(.ARM.exidx* .gnu.linkonce.armexidx.*)
                0x00000000100074c8                __exidx_end = .
                0x00000000100074c8                . = ALIGN (0x4)
                0x00000000100074c8                __binary_info_start = .

.binary_info    0x00000000100074c8       0x20
 *(.binary_info.keep.*)
 .binary_info.keep.__bi_ptr22
                0x00000000100074c8        0x4 CMakeFiles/kernel.dir/usr/share/pico-sdk/src/rp2_common/pico_standard_link/binary_info.c.obj
 .binary_info.keep.__bi_ptr30
                0x00000000100074cc        0x4 CMakeFiles/kernel.dir/usr/share/pico-sdk/src/rp2_common/pico_standard_link/binary_info.c.obj
 .binary_info.keep.__bi_ptr38
                0x00000000100074d0        0x4 CMakeFiles/kernel.dir/usr/share/pico-sdk/src/rp2_common/pico_standard_link/binary_info.c.obj
 .binary_info.keep.__bi_ptr44
                0x00000000100074d4        0x4 CMakeFiles/kernel.dir/usr/share/pico-sdk/src/rp2_common/pico_standard_link/binary_info.c.obj
 .binary_info.keep.__bi_ptr50
                0x00000000100074d8        0x4 CMakeFiles/kernel.dir/usr/share/pico-sdk/src/rp2_common/pico_standard_link/binary_info.c.obj
 .binary_info.keep.__bi_ptr75
                0x00000000100074dc        0x4 CMakeFiles/kernel.dir/usr/share/pico-sdk/src/rp2_common/pico_standard_link/binary_info.c.obj
 .binary_info.keep.__bi_ptr81
                0x00000000100074e0        0x4 CMakeFiles/kernel.dir/usr/share/pico-sdk/src/rp2_common/pico_standard_link/binary_info.c.obj
 *(.binary_info.*)
 .binary_info.__bi_ptr93
                0x00000000100074e4        0x4 CMakeFiles/kernel.dir/usr/share/pico-sdk/src/rp2_common/pico_stdio_usb/stdio_usb.c.obj
                0x00000000100074e8                __binary_info_end = .
                0x00000000100074e8                . = ALIGN (0x4)
                0x00000000100074e8                __etext = .

.ram_vector_table
                0x0000000020000000       0xc0
 *(.ram_vector_table)
 .ram_vector_table
                0x0000000020000000       0xc0 CMakeFiles/kernel.dir/usr/share/pico-sdk/src/rp2_common/pico_runtime/runtime.c.obj
                0x0000000020000000                ram_vector_table

.data           0x00000000200000c0      0x7f0 load address 0x00000000100074e8
                0x00000000200000c0                __data_start__ = .
 *(vtable)
 *(.time_critical*)
 .time_critical.mutex_enter_blocking
                0x00000000200000c0       0x48 CMakeFiles/kernel.dir/usr/share/pico-sdk/src/common/pico_sync/mutex.c.obj
                0x00000000200000c0                mutex_enter_blocking
 .time_critical.mutex_try_enter
                0x0000000020000108       0x44 CMakeFiles/kernel.dir/usr/share/pico-sdk/src/common/pico_sync/mutex.c.obj
                0x0000000020000108                mutex_try_enter
 .time_critical.mutex_enter_timeout_ms
                0x000000002000014c       0xa0 CMakeFiles/kernel.dir/usr/share/pico-sdk/src/common/pico_sync/mutex.c.obj
                0x000000002000014c                mutex_enter_timeout_ms
 .time_critical.mutex_exit
                0x00000000200001ec       0x28 CMakeFiles/kernel.dir/usr/share/pico-sdk/src/common/pico_sync/mutex.c.obj
                0x00000000200001ec                mutex_exit
 .time_critical.flash_init_boot2_copyout
                0x0000000020000214       0x30 CMakeFiles/kernel.dir/usr/share/pico-sdk/src/rp2_common/hardware_flash/flash.c.obj
 .time_critical.flash_enable_xip_via_boot2
                0x0000000020000244       0x10 CMakeFiles/kernel.dir/usr/share/pico-sdk/src/rp2_common/hardware_flash/flash.c.obj
 .time_critical.flash_cs_force
                0x0000000020000254       0x38 CMakeFiles/kernel.dir/usr/share/pico-sdk/src/rp2_common/hardware_flash/flash.c.obj
 .time_critical.flash_do_cmd
                0x000000002000028c       0xc4 CMakeFiles/kernel.dir/usr/share/pico-sdk/src/rp2_common/hardware_flash/flash.c.obj
                0x000000002000028c                flash_do_cmd
 *(.text*)
 .text          0x0000000020000350        0x4 /usr/lib/gcc/arm-none-eabi/11.3.0/thumb/v6-m/nofp/libgcc.a(_dvmd_tls.o)
                0x0000000020000350                __aeabi_ldiv0
                0x0000000020000350                __aeabi_idiv0
 *fill*         0x0000000020000354        0x4 
 .text.__stub   0x0000000020000358       0x30 linker stubs
                0x0000000020000388                . = ALIGN (0x4)
 *(.rodata*)
                0x0000000020000388                . = ALIGN (0x4)
 *(.data*)
 .data.minor    0x0000000020000388        0x1 CMakeFiles/kernel.dir/kernel.c.obj
                0x0000000020000388                minor
 .data.striped_spin_lock_num
                0x0000000020000389        0x1 CMakeFiles/kernel.dir/usr/share/pico-sdk/src/rp2_common/hardware_sync/sync.c.obj
 *fill*         0x000000002000038a        0x2 
 .data.default_alarm_pool
                0x000000002000038c       0x18 CMakeFiles/kernel.dir/usr/share/pico-sdk/src/common/pico_time/time.c.obj
 .data.default_alarm_pool_heap
                0x00000000200003a4       0x10 CMakeFiles/kernel.dir/usr/share/pico-sdk/src/common/pico_time/time.c.obj
 .data          0x00000000200003b4       0x48 CMakeFiles/kernel.dir/usr/share/pico-sdk/src/rp2_common/hardware_irq/irq_handler_chain.S.obj
                0x00000000200003b4                irq_handler_chain_slots
                0x00000000200003e4                irq_handler_chain_first_slot
                0x00000000200003ee                irq_handler_chain_remove_tail
 *fill*         0x00000000200003fc        0x4 
 .data.aeabi_bits_funcs
                0x0000000020000400       0x10 CMakeFiles/kernel.dir/usr/share/pico-sdk/src/rp2_common/pico_bit_ops/bit_ops_aeabi.S.obj
                0x0000000020000400                aeabi_bits_funcs
                0x0000000020000410                aeabi_bits_funcs_end
 .data.aeabi_mem_funcs
                0x0000000020000410       0x10 CMakeFiles/kernel.dir/usr/share/pico-sdk/src/rp2_common/pico_mem_ops/mem_ops_aeabi.S.obj
                0x0000000020000410                aeabi_mem_funcs
                0x0000000020000420                aeabi_mem_funcs_end
 .data.stdio_usb
                0x0000000020000420       0x14 CMakeFiles/kernel.dir/usr/share/pico-sdk/src/rp2_common/pico_stdio_usb/stdio_usb.c.obj
                0x0000000020000420                stdio_usb
 .data.ep_dir_string
                0x0000000020000434        0x8 CMakeFiles/kernel.dir/usr/share/pico-sdk/lib/tinyusb/src/portable/raspberrypi/rp2040/rp2040_usb.c.obj
                0x0000000020000434                ep_dir_string
 .data._usbd_qdef
                0x000000002000043c       0x24 CMakeFiles/kernel.dir/usr/share/pico-sdk/lib/tinyusb/src/device/usbd.c.obj
                0x000000002000043c                _usbd_qdef
 .data.impure_data
                0x0000000020000460      0x428 /usr/lib/gcc/arm-none-eabi/11.3.0/../../../../arm-none-eabi/lib/thumb/v6-m/nofp/libc.a(lib_a-impure.o)
 .data.__atexit_recursive_mutex
                0x0000000020000888        0x4 /usr/lib/gcc/arm-none-eabi/11.3.0/../../../../arm-none-eabi/lib/thumb/v6-m/nofp/libc.a(lib_a-__call_atexit.o)
                0x0000000020000888                __atexit_recursive_mutex
                0x000000002000088c                . = ALIGN (0x4)
 *(.after_data.*)
                0x000000002000088c                . = ALIGN (0x4)
                0x000000002000088c                PROVIDE (__mutex_array_start = .)
 *(SORT_BY_NAME(.mutex_array.*))
 *(.mutex_array)
 .mutex_array   0x000000002000088c        0x8 CMakeFiles/kernel.dir/usr/share/pico-sdk/src/rp2_common/pico_stdio/stdio.c.obj
                0x0000000020000894                PROVIDE (__mutex_array_end = .)
                0x0000000020000894                . = ALIGN (0x4)
                0x0000000020000894                PROVIDE (__preinit_array_start = .)
 *(SORT_BY_NAME(.preinit_array.*))
 .preinit_array.00001
                0x0000000020000894        0x4 CMakeFiles/kernel.dir/usr/share/pico-sdk/src/rp2_common/pico_mem_ops/mem_ops_aeabi.S.obj
 .preinit_array.00010
                0x0000000020000898        0x4 CMakeFiles/kernel.dir/usr/share/pico-sdk/src/rp2_common/pico_bit_ops/bit_ops_aeabi.S.obj
 .preinit_array.00020
                0x000000002000089c        0x4 CMakeFiles/kernel.dir/usr/share/pico-sdk/src/rp2_common/pico_double/double_aeabi.S.obj
 .preinit_array.00020
                0x00000000200008a0        0x4 CMakeFiles/kernel.dir/usr/share/pico-sdk/src/rp2_common/pico_float/float_aeabi.S.obj
 *(.preinit_array)
                0x00000000200008a4                PROVIDE (__preinit_array_end = .)
                0x00000000200008a4                . = ALIGN (0x4)
                0x00000000200008a4                PROVIDE (__init_array_start = .)
 *(SORT_BY_NAME(.init_array.*))
 .init_array.00000
                0x00000000200008a4        0x4 /usr/lib/gcc/arm-none-eabi/11.3.0/../../../../arm-none-eabi/lib/thumb/v6-m/nofp/libc.a(lib_a-__call_atexit.o)
 *(.init_array)
 .init_array    0x00000000200008a8        0x4 /usr/lib/gcc/arm-none-eabi/11.3.0/thumb/v6-m/nofp/crtbegin.o
 .init_array    0x00000000200008ac        0x4 CMakeFiles/kernel.dir/usr/share/pico-sdk/src/rp2_common/pico_unique_id/unique_id.c.obj
                0x00000000200008b0                PROVIDE (__init_array_end = .)
                0x00000000200008b0                . = ALIGN (0x4)
                0x00000000200008b0                PROVIDE (__fini_array_start = .)
 *(SORT_BY_NAME(.fini_array.*))
 *(.fini_array)
                0x00000000200008b0                PROVIDE (__fini_array_end = .)
 *(.jcr)
                0x00000000200008b0                . = ALIGN (0x4)
                0x00000000200008b0                __data_end__ = .

.igot.plt       0x00000000200008b0        0x0 load address 0x0000000010007cd8
 .igot.plt      0x00000000200008b0        0x0 /usr/lib/gcc/arm-none-eabi/11.3.0/thumb/v6-m/nofp/crtbegin.o

.uninitialized_data
                0x00000000200008b0        0x0 load address 0x0000000010007cd8
                0x00000000200008b0                . = ALIGN (0x4)
 *(.uninitialized_data*)

.scratch_x      0x0000000020040000        0x0 load address 0x0000000010007cd8
                0x0000000020040000                __scratch_x_start__ = .
 *(.scratch_x.*)
                0x0000000020040000                . = ALIGN (0x4)
                0x0000000020040000                __scratch_x_end__ = .
                0x0000000010007cd8                __scratch_x_source__ = LOADADDR (.scratch_x)

.scratch_y      0x0000000020041000        0x0 load address 0x0000000010007cd8
                0x0000000020041000                __scratch_y_start__ = .
 *(.scratch_y.*)
                0x0000000020041000                . = ALIGN (0x4)
                0x0000000020041000                __scratch_y_end__ = .
                0x0000000010007cd8                __scratch_y_source__ = LOADADDR (.scratch_y)

.bss            0x00000000200008b0      0xd84
                0x00000000200008b0                . = ALIGN (0x4)
                0x00000000200008b0                __bss_start__ = .
 *(SORT_BY_ALIGNMENT(SORT_BY_NAME(.bss*)))
 .bss.default_alarm_pool_entries
                0x00000000200008b0      0x100 CMakeFiles/kernel.dir/usr/share/pico-sdk/src/common/pico_time/time.c.obj
 .bss.last_avail_time.1
                0x00000000200009b0        0x8 CMakeFiles/kernel.dir/usr/share/pico-sdk/src/rp2_common/pico_stdio_usb/stdio_usb.c.obj
 .bss.sd_table  0x00000000200009b8      0x100 CMakeFiles/kernel.dir/usr/share/pico-sdk/src/rp2_common/pico_double/double_init_rom.c.obj
                0x00000000200009b8                sd_table
 .bss.sf_table  0x0000000020000ab8      0x100 CMakeFiles/kernel.dir/usr/share/pico-sdk/src/rp2_common/pico_float/float_init_rom.c.obj
                0x0000000020000ab8                sf_table
 .bss.__lock___atexit_recursive_mutex
                0x0000000020000bb8        0x1 /usr/lib/gcc/arm-none-eabi/11.3.0/../../../../arm-none-eabi/lib/thumb/v6-m/nofp/libc.a(lib_a-lock.o)
                0x0000000020000bb8                __lock___atexit_recursive_mutex
 *fill*         0x0000000020000bb9        0x3 
 .bss._app_driver
                0x0000000020000bbc        0x4 CMakeFiles/kernel.dir/usr/share/pico-sdk/lib/tinyusb/src/device/usbd.c.obj
 .bss._cdcd_itf
                0x0000000020000bc0      0x2d8 CMakeFiles/kernel.dir/usr/share/pico-sdk/lib/tinyusb/src/class/cdc/cdc_device.c.obj
 .bss._ctrl_xfer
                0x0000000020000e98       0x14 CMakeFiles/kernel.dir/usr/share/pico-sdk/lib/tinyusb/src/device/usbd_control.c.obj
 .bss._ubsd_mutexdef
                0x0000000020000eac        0x8 CMakeFiles/kernel.dir/usr/share/pico-sdk/lib/tinyusb/src/device/usbd.c.obj
 .bss._usbd_ctrl_buf
                0x0000000020000eb4       0x40 CMakeFiles/kernel.dir/usr/share/pico-sdk/lib/tinyusb/src/device/usbd_control.c.obj
 .bss._usbd_dev
                0x0000000020000ef4       0x53 CMakeFiles/kernel.dir/usr/share/pico-sdk/lib/tinyusb/src/device/usbd.c.obj
 *fill*         0x0000000020000f47        0x1 
 .bss._usbd_mutex
                0x0000000020000f48        0x4 CMakeFiles/kernel.dir/usr/share/pico-sdk/lib/tinyusb/src/device/usbd.c.obj
 .bss._usbd_q   0x0000000020000f4c        0x4 CMakeFiles/kernel.dir/usr/share/pico-sdk/lib/tinyusb/src/device/usbd.c.obj
 .bss._usbd_qdef_buf
                0x0000000020000f50       0xc0 CMakeFiles/kernel.dir/usr/share/pico-sdk/lib/tinyusb/src/device/usbd.c.obj
                0x0000000020000f50                _usbd_qdef_buf
 .bss.alarm_callbacks
                0x0000000020001010       0x10 CMakeFiles/kernel.dir/usr/share/pico-sdk/src/rp2_common/hardware_timer/timer.c.obj
 .bss.boot2_copyout
                0x0000000020001020      0x100 CMakeFiles/kernel.dir/usr/share/pico-sdk/src/rp2_common/hardware_flash/flash.c.obj
 .bss.claimed   0x0000000020001120        0x4 CMakeFiles/kernel.dir/usr/share/pico-sdk/src/rp2_common/hardware_sync/sync.c.obj
 .bss.configured_freq
                0x0000000020001124       0x28 CMakeFiles/kernel.dir/usr/share/pico-sdk/src/rp2_common/hardware_clocks/clocks.c.obj
 .bss.default_alarm_pool_entry_ids_high
                0x000000002000114c       0x10 CMakeFiles/kernel.dir/usr/share/pico-sdk/src/common/pico_time/time.c.obj
 .bss.default_alarm_pool_heap_nodes
                0x000000002000115c       0x30 CMakeFiles/kernel.dir/usr/share/pico-sdk/src/common/pico_time/time.c.obj
 .bss.desc_str.0
                0x000000002000118c       0x28 CMakeFiles/kernel.dir/usr/share/pico-sdk/src/rp2_common/pico_stdio_usb/stdio_usb_descriptors.c.obj
 .bss.drivers   0x00000000200011b4        0x4 CMakeFiles/kernel.dir/usr/share/pico-sdk/src/rp2_common/pico_stdio/stdio.c.obj
 .bss.filter    0x00000000200011b8        0x4 CMakeFiles/kernel.dir/usr/share/pico-sdk/src/rp2_common/pico_stdio/stdio.c.obj
 .bss.hw_endpoints
                0x00000000200011bc      0x400 CMakeFiles/kernel.dir/usr/share/pico-sdk/lib/tinyusb/src/portable/raspberrypi/rp2040/dcd_rp2040.c.obj
 .bss.lazy_vsnprintf
                0x00000000200015bc        0x4 CMakeFiles/kernel.dir/usr/share/pico-sdk/src/rp2_common/pico_printf/printf.c.obj
 .bss.load_value
                0x00000000200015c0        0x4 CMakeFiles/kernel.dir/usr/share/pico-sdk/src/rp2_common/hardware_watchdog/watchdog.c.obj
 .bss.next_buffer_ptr
                0x00000000200015c4        0x4 CMakeFiles/kernel.dir/usr/share/pico-sdk/lib/tinyusb/src/portable/raspberrypi/rp2040/dcd_rp2040.c.obj
 .bss.object.0  0x00000000200015c8       0x18 /usr/lib/gcc/arm-none-eabi/11.3.0/thumb/v6-m/nofp/crtbegin.o
 .bss.pools     0x00000000200015e0       0x10 CMakeFiles/kernel.dir/usr/share/pico-sdk/src/common/pico_time/time.c.obj
 .bss.retrieved_id
                0x00000000200015f0        0x8 CMakeFiles/kernel.dir/usr/share/pico-sdk/src/rp2_common/pico_unique_id/unique_id.c.obj
 .bss.sf_clz_func
                0x00000000200015f8        0x4 CMakeFiles/kernel.dir/usr/share/pico-sdk/src/rp2_common/pico_double/double_init_rom.c.obj
                0x00000000200015f8                sf_clz_func
 .bss.sleep_notifier
                0x00000000200015fc        0x4 CMakeFiles/kernel.dir/usr/share/pico-sdk/src/common/pico_time/time.c.obj
 .bss.stdio_usb_mutex
                0x0000000020001600        0x8 CMakeFiles/kernel.dir/usr/share/pico-sdk/src/rp2_common/pico_stdio_usb/stdio_usb.c.obj
 .bss.target_hi
                0x0000000020001608       0x10 CMakeFiles/kernel.dir/usr/share/pico-sdk/src/rp2_common/hardware_timer/timer.c.obj
 .bss.usbd_serial_str
                0x0000000020001618       0x11 CMakeFiles/kernel.dir/usr/share/pico-sdk/src/rp2_common/pico_stdio_usb/stdio_usb_descriptors.c.obj
 .bss._app_driver_count
                0x0000000020001629        0x1 CMakeFiles/kernel.dir/usr/share/pico-sdk/lib/tinyusb/src/device/usbd.c.obj
 .bss._usbd_initialized
                0x000000002000162a        0x1 CMakeFiles/kernel.dir/usr/share/pico-sdk/lib/tinyusb/src/device/usbd.c.obj
 .bss.boot2_copyout_valid
                0x000000002000162b        0x1 CMakeFiles/kernel.dir/usr/share/pico-sdk/src/rp2_common/hardware_flash/flash.c.obj
 .bss.claimed   0x000000002000162c        0x1 CMakeFiles/kernel.dir/usr/share/pico-sdk/src/rp2_common/hardware_timer/timer.c.obj
 .bss.irq_hander_chain_free_slot_head
                0x000000002000162d        0x1 CMakeFiles/kernel.dir/usr/share/pico-sdk/src/rp2_common/hardware_irq/irq.c.obj
 .bss.itf_num   0x000000002000162e        0x1 CMakeFiles/kernel.dir/usr/share/pico-sdk/src/rp2_common/pico_stdio_usb/reset_interface.c.obj
 .bss.major     0x000000002000162f        0x1 CMakeFiles/kernel.dir/kernel.c.obj
                0x000000002000162f                major
 .bss.timer_callbacks_pending
                0x0000000020001630        0x1 CMakeFiles/kernel.dir/usr/share/pico-sdk/src/rp2_common/hardware_timer/timer.c.obj
 *(COMMON)
                0x0000000020001634                . = ALIGN (0x4)
 *fill*         0x0000000020001631        0x3 
                0x0000000020001634                __bss_end__ = .

.heap           0x0000000020001634      0x800
                0x0000000020001634                __end__ = .
                0x0000000020001634                end = __end__
 *(.heap*)
 .heap          0x0000000020001634      0x800 CMakeFiles/kernel.dir/usr/share/pico-sdk/src/rp2_common/pico_standard_link/crt0.S.obj
                0x0000000020001e34                __HeapLimit = .

.stack1_dummy   0x0000000020040000        0x0
 *(.stack1*)

.stack_dummy    0x0000000020041000      0x800
 *(.stack*)
 .stack         0x0000000020041000      0x800 CMakeFiles/kernel.dir/usr/share/pico-sdk/src/rp2_common/pico_standard_link/crt0.S.obj

.flash_end      0x0000000010007cd8        0x0
                0x0000000010007cd8                __flash_binary_end = .
                0x0000000020040000                __StackLimit = (ORIGIN (RAM) + LENGTH (RAM))
                0x0000000020041000                __StackOneTop = (ORIGIN (SCRATCH_X) + LENGTH (SCRATCH_X))
                0x0000000020042000                __StackTop = (ORIGIN (SCRATCH_Y) + LENGTH (SCRATCH_Y))
                0x0000000020041000                __StackOneBottom = (__StackOneTop - SIZEOF (.stack1_dummy))
                0x0000000020041800                __StackBottom = (__StackTop - SIZEOF (.stack_dummy))
                0x0000000020042000                PROVIDE (__stack = __StackTop)
                0x0000000000000001                ASSERT ((__StackLimit >= __HeapLimit), region RAM overflowed)
                0x0000000000000001                ASSERT (((__binary_info_header_end - __logical_binary_start) <= 0x100), Binary info must be in first 256 bytes of the binary)
LOAD CMakeFiles/kernel.dir/kernel.c.obj
LOAD CMakeFiles/kernel.dir/usr/share/pico-sdk/src/rp2_common/pico_stdlib/stdlib.c.obj
LOAD CMakeFiles/kernel.dir/usr/share/pico-sdk/src/rp2_common/hardware_gpio/gpio.c.obj
LOAD CMakeFiles/kernel.dir/usr/share/pico-sdk/src/rp2_common/hardware_claim/claim.c.obj
LOAD CMakeFiles/kernel.dir/usr/share/pico-sdk/src/rp2_common/pico_platform/platform.c.obj
LOAD CMakeFiles/kernel.dir/usr/share/pico-sdk/src/rp2_common/hardware_sync/sync.c.obj
LOAD CMakeFiles/kernel.dir/usr/share/pico-sdk/src/rp2_common/hardware_uart/uart.c.obj
LOAD CMakeFiles/kernel.dir/usr/share/pico-sdk/src/rp2_common/hardware_divider/divider.S.obj
LOAD CMakeFiles/kernel.dir/usr/share/pico-sdk/src/common/pico_time/time.c.obj
LOAD CMakeFiles/kernel.dir/usr/share/pico-sdk/src/common/pico_time/timeout_helper.c.obj
LOAD CMakeFiles/kernel.dir/usr/share/pico-sdk/src/rp2_common/hardware_timer/timer.c.obj
LOAD CMakeFiles/kernel.dir/usr/share/pico-sdk/src/common/pico_sync/sem.c.obj
LOAD CMakeFiles/kernel.dir/usr/share/pico-sdk/src/common/pico_sync/lock_core.c.obj
LOAD CMakeFiles/kernel.dir/usr/share/pico-sdk/src/common/pico_sync/mutex.c.obj
LOAD CMakeFiles/kernel.dir/usr/share/pico-sdk/src/common/pico_sync/critical_section.c.obj
LOAD CMakeFiles/kernel.dir/usr/share/pico-sdk/src/common/pico_util/datetime.c.obj
LOAD CMakeFiles/kernel.dir/usr/share/pico-sdk/src/common/pico_util/pheap.c.obj
LOAD CMakeFiles/kernel.dir/usr/share/pico-sdk/src/common/pico_util/queue.c.obj
LOAD CMakeFiles/kernel.dir/usr/share/pico-sdk/src/rp2_common/pico_runtime/runtime.c.obj
LOAD CMakeFiles/kernel.dir/usr/share/pico-sdk/src/rp2_common/hardware_clocks/clocks.c.obj
LOAD CMakeFiles/kernel.dir/usr/share/pico-sdk/src/rp2_common/hardware_irq/irq.c.obj
LOAD CMakeFiles/kernel.dir/usr/share/pico-sdk/src/rp2_common/hardware_irq/irq_handler_chain.S.obj
LOAD CMakeFiles/kernel.dir/usr/share/pico-sdk/src/rp2_common/hardware_pll/pll.c.obj
LOAD CMakeFiles/kernel.dir/usr/share/pico-sdk/src/rp2_common/hardware_vreg/vreg.c.obj
LOAD CMakeFiles/kernel.dir/usr/share/pico-sdk/src/rp2_common/hardware_watchdog/watchdog.c.obj
LOAD CMakeFiles/kernel.dir/usr/share/pico-sdk/src/rp2_common/hardware_xosc/xosc.c.obj
LOAD CMakeFiles/kernel.dir/usr/share/pico-sdk/src/rp2_common/pico_printf/printf.c.obj
LOAD CMakeFiles/kernel.dir/usr/share/pico-sdk/src/rp2_common/pico_bit_ops/bit_ops_aeabi.S.obj
LOAD CMakeFiles/kernel.dir/usr/share/pico-sdk/src/rp2_common/pico_bootrom/bootrom.c.obj
LOAD CMakeFiles/kernel.dir/usr/share/pico-sdk/src/rp2_common/pico_divider/divider.S.obj
LOAD CMakeFiles/kernel.dir/usr/share/pico-sdk/src/rp2_common/pico_double/double_aeabi.S.obj
LOAD CMakeFiles/kernel.dir/usr/share/pico-sdk/src/rp2_common/pico_double/double_init_rom.c.obj
LOAD CMakeFiles/kernel.dir/usr/share/pico-sdk/src/rp2_common/pico_double/double_math.c.obj
LOAD CMakeFiles/kernel.dir/usr/share/pico-sdk/src/rp2_common/pico_double/double_v1_rom_shim.S.obj
LOAD CMakeFiles/kernel.dir/usr/share/pico-sdk/src/rp2_common/pico_int64_ops/pico_int64_ops_aeabi.S.obj
LOAD CMakeFiles/kernel.dir/usr/share/pico-sdk/src/rp2_common/pico_float/float_aeabi.S.obj
LOAD CMakeFiles/kernel.dir/usr/share/pico-sdk/src/rp2_common/pico_float/float_init_rom.c.obj
LOAD CMakeFiles/kernel.dir/usr/share/pico-sdk/src/rp2_common/pico_float/float_math.c.obj
LOAD CMakeFiles/kernel.dir/usr/share/pico-sdk/src/rp2_common/pico_float/float_v1_rom_shim.S.obj
LOAD CMakeFiles/kernel.dir/usr/share/pico-sdk/src/rp2_common/pico_malloc/pico_malloc.c.obj
LOAD CMakeFiles/kernel.dir/usr/share/pico-sdk/src/rp2_common/pico_mem_ops/mem_ops_aeabi.S.obj
LOAD CMakeFiles/kernel.dir/usr/share/pico-sdk/src/rp2_common/pico_standard_link/crt0.S.obj
LOAD CMakeFiles/kernel.dir/usr/share/pico-sdk/src/rp2_common/pico_standard_link/new_delete.cpp.obj
LOAD CMakeFiles/kernel.dir/usr/share/pico-sdk/src/rp2_common/pico_standard_link/binary_info.c.obj
LOAD CMakeFiles/kernel.dir/usr/share/pico-sdk/src/rp2_common/pico_stdio/stdio.c.obj
LOAD CMakeFiles/kernel.dir/usr/share/pico-sdk/src/rp2_common/pico_stdio_usb/reset_interface.c.obj
LOAD CMakeFiles/kernel.dir/usr/share/pico-sdk/src/rp2_common/pico_stdio_usb/stdio_usb.c.obj
LOAD CMakeFiles/kernel.dir/usr/share/pico-sdk/src/rp2_common/pico_stdio_usb/stdio_usb_descriptors.c.obj
LOAD CMakeFiles/kernel.dir/usr/share/pico-sdk/lib/tinyusb/src/portable/raspberrypi/rp2040/dcd_rp2040.c.obj
LOAD CMakeFiles/kernel.dir/usr/share/pico-sdk/lib/tinyusb/src/portable/raspberrypi/rp2040/rp2040_usb.c.obj
LOAD CMakeFiles/kernel.dir/usr/share/pico-sdk/lib/tinyusb/src/device/usbd.c.obj
LOAD CMakeFiles/kernel.dir/usr/share/pico-sdk/lib/tinyusb/src/device/usbd_control.c.obj
LOAD CMakeFiles/kernel.dir/usr/share/pico-sdk/lib/tinyusb/src/class/audio/audio_device.c.obj
LOAD CMakeFiles/kernel.dir/usr/share/pico-sdk/lib/tinyusb/src/class/cdc/cdc_device.c.obj
LOAD CMakeFiles/kernel.dir/usr/share/pico-sdk/lib/tinyusb/src/class/dfu/dfu_device.c.obj
LOAD CMakeFiles/kernel.dir/usr/share/pico-sdk/lib/tinyusb/src/class/dfu/dfu_rt_device.c.obj
LOAD CMakeFiles/kernel.dir/usr/share/pico-sdk/lib/tinyusb/src/class/hid/hid_device.c.obj
LOAD CMakeFiles/kernel.dir/usr/share/pico-sdk/lib/tinyusb/src/class/midi/midi_device.c.obj
LOAD CMakeFiles/kernel.dir/usr/share/pico-sdk/lib/tinyusb/src/class/msc/msc_device.c.obj
LOAD CMakeFiles/kernel.dir/usr/share/pico-sdk/lib/tinyusb/src/class/net/ecm_rndis_device.c.obj
LOAD CMakeFiles/kernel.dir/usr/share/pico-sdk/lib/tinyusb/src/class/net/ncm_device.c.obj
LOAD CMakeFiles/kernel.dir/usr/share/pico-sdk/lib/tinyusb/src/class/usbtmc/usbtmc_device.c.obj
LOAD CMakeFiles/kernel.dir/usr/share/pico-sdk/lib/tinyusb/src/class/vendor/vendor_device.c.obj
LOAD CMakeFiles/kernel.dir/usr/share/pico-sdk/lib/tinyusb/src/class/video/video_device.c.obj
LOAD CMakeFiles/kernel.dir/usr/share/pico-sdk/lib/tinyusb/src/tusb.c.obj
LOAD CMakeFiles/kernel.dir/usr/share/pico-sdk/lib/tinyusb/src/common/tusb_fifo.c.obj
LOAD CMakeFiles/kernel.dir/usr/share/pico-sdk/src/rp2_common/pico_fix/rp2040_usb_device_enumeration/rp2040_usb_device_enumeration.c.obj
LOAD CMakeFiles/kernel.dir/usr/share/pico-sdk/src/rp2_common/pico_unique_id/unique_id.c.obj
LOAD CMakeFiles/kernel.dir/usr/share/pico-sdk/src/rp2_common/hardware_flash/flash.c.obj
LOAD /tmp/ccvG63tx.o
LOAD /usr/lib/gcc/arm-none-eabi/11.3.0/../../../../arm-none-eabi/lib/thumb/v6-m/nofp/libstdc++.a
LOAD /usr/lib/gcc/arm-none-eabi/11.3.0/../../../../arm-none-eabi/lib/thumb/v6-m/nofp/libm.a
START GROUP
LOAD /usr/lib/gcc/arm-none-eabi/11.3.0/thumb/v6-m/nofp/libgcc.a
LOAD /usr/lib/gcc/arm-none-eabi/11.3.0/../../../../arm-none-eabi/lib/thumb/v6-m/nofp/libc.a
END GROUP
START GROUP
LOAD /usr/lib/gcc/arm-none-eabi/11.3.0/thumb/v6-m/nofp/libgcc.a
LOAD /usr/lib/gcc/arm-none-eabi/11.3.0/../../../../arm-none-eabi/lib/thumb/v6-m/nofp/libc.a
LOAD /usr/lib/gcc/arm-none-eabi/11.3.0/../../../../arm-none-eabi/lib/thumb/v6-m/nofp/libnosys.a
END GROUP
LOAD /usr/lib/gcc/arm-none-eabi/11.3.0/thumb/v6-m/nofp/crtend.o
LOAD /usr/lib/gcc/arm-none-eabi/11.3.0/thumb/v6-m/nofp/crtn.o
OUTPUT(kernel.elf elf32-littlearm)
LOAD linker stubs

.ARM.attributes
                0x0000000000000000       0x28
 .ARM.attributes
                0x0000000000000000       0x1e /usr/lib/gcc/arm-none-eabi/11.3.0/thumb/v6-m/nofp/crti.o
 .ARM.attributes
                0x000000000000001e       0x2c /usr/lib/gcc/arm-none-eabi/11.3.0/thumb/v6-m/nofp/crtbegin.o
 .ARM.attributes
                0x000000000000004a       0x2c CMakeFiles/kernel.dir/kernel.c.obj
 .ARM.attributes
                0x0000000000000076       0x2c CMakeFiles/kernel.dir/usr/share/pico-sdk/src/rp2_common/hardware_claim/claim.c.obj
 .ARM.attributes
                0x00000000000000a2       0x2c CMakeFiles/kernel.dir/usr/share/pico-sdk/src/rp2_common/pico_platform/platform.c.obj
 .ARM.attributes
                0x00000000000000ce       0x2c CMakeFiles/kernel.dir/usr/share/pico-sdk/src/rp2_common/hardware_sync/sync.c.obj
 .ARM.attributes
                0x00000000000000fa       0x2c CMakeFiles/kernel.dir/usr/share/pico-sdk/src/common/pico_time/time.c.obj
 .ARM.attributes
                0x0000000000000126       0x2c CMakeFiles/kernel.dir/usr/share/pico-sdk/src/rp2_common/hardware_timer/timer.c.obj
 .ARM.attributes
                0x0000000000000152       0x2c CMakeFiles/kernel.dir/usr/share/pico-sdk/src/common/pico_sync/lock_core.c.obj
 .ARM.attributes
                0x000000000000017e       0x2c CMakeFiles/kernel.dir/usr/share/pico-sdk/src/common/pico_sync/mutex.c.obj
 .ARM.attributes
                0x00000000000001aa       0x2c CMakeFiles/kernel.dir/usr/share/pico-sdk/src/common/pico_sync/critical_section.c.obj
 .ARM.attributes
                0x00000000000001d6       0x2c CMakeFiles/kernel.dir/usr/share/pico-sdk/src/common/pico_util/pheap.c.obj
 .ARM.attributes
                0x0000000000000202       0x2c CMakeFiles/kernel.dir/usr/share/pico-sdk/src/rp2_common/pico_runtime/runtime.c.obj
 .ARM.attributes
                0x000000000000022e       0x2c CMakeFiles/kernel.dir/usr/share/pico-sdk/src/rp2_common/hardware_clocks/clocks.c.obj
 .ARM.attributes
                0x000000000000025a       0x2c CMakeFiles/kernel.dir/usr/share/pico-sdk/src/rp2_common/hardware_irq/irq.c.obj
 .ARM.attributes
                0x0000000000000286       0x22 CMakeFiles/kernel.dir/usr/share/pico-sdk/src/rp2_common/hardware_irq/irq_handler_chain.S.obj
 .ARM.attributes
                0x00000000000002a8       0x2c CMakeFiles/kernel.dir/usr/share/pico-sdk/src/rp2_common/hardware_pll/pll.c.obj
 .ARM.attributes
                0x00000000000002d4       0x2c CMakeFiles/kernel.dir/usr/share/pico-sdk/src/rp2_common/hardware_watchdog/watchdog.c.obj
 .ARM.attributes
                0x0000000000000300       0x2c CMakeFiles/kernel.dir/usr/share/pico-sdk/src/rp2_common/hardware_xosc/xosc.c.obj
 .ARM.attributes
                0x000000000000032c       0x2c CMakeFiles/kernel.dir/usr/share/pico-sdk/src/rp2_common/pico_printf/printf.c.obj
 .ARM.attributes
                0x0000000000000358       0x22 CMakeFiles/kernel.dir/usr/share/pico-sdk/src/rp2_common/pico_bit_ops/bit_ops_aeabi.S.obj
 .ARM.attributes
                0x000000000000037a       0x2c CMakeFiles/kernel.dir/usr/share/pico-sdk/src/rp2_common/pico_bootrom/bootrom.c.obj
 .ARM.attributes
                0x00000000000003a6       0x22 CMakeFiles/kernel.dir/usr/share/pico-sdk/src/rp2_common/pico_divider/divider.S.obj
 .ARM.attributes
                0x00000000000003c8       0x22 CMakeFiles/kernel.dir/usr/share/pico-sdk/src/rp2_common/pico_double/double_aeabi.S.obj
 .ARM.attributes
                0x00000000000003ea       0x2c CMakeFiles/kernel.dir/usr/share/pico-sdk/src/rp2_common/pico_double/double_init_rom.c.obj
 .ARM.attributes
                0x0000000000000416       0x22 CMakeFiles/kernel.dir/usr/share/pico-sdk/src/rp2_common/pico_double/double_v1_rom_shim.S.obj
 .ARM.attributes
                0x0000000000000438       0x22 CMakeFiles/kernel.dir/usr/share/pico-sdk/src/rp2_common/pico_int64_ops/pico_int64_ops_aeabi.S.obj
 .ARM.attributes
                0x000000000000045a       0x22 CMakeFiles/kernel.dir/usr/share/pico-sdk/src/rp2_common/pico_float/float_aeabi.S.obj
 .ARM.attributes
                0x000000000000047c       0x2c CMakeFiles/kernel.dir/usr/share/pico-sdk/src/rp2_common/pico_float/float_init_rom.c.obj
 .ARM.attributes
                0x00000000000004a8       0x22 CMakeFiles/kernel.dir/usr/share/pico-sdk/src/rp2_common/pico_float/float_v1_rom_shim.S.obj
 .ARM.attributes
                0x00000000000004ca       0x22 CMakeFiles/kernel.dir/usr/share/pico-sdk/src/rp2_common/pico_mem_ops/mem_ops_aeabi.S.obj
 .ARM.attributes
                0x00000000000004ec       0x22 CMakeFiles/kernel.dir/usr/share/pico-sdk/src/rp2_common/pico_standard_link/crt0.S.obj
 .ARM.attributes
                0x000000000000050e       0x2c CMakeFiles/kernel.dir/usr/share/pico-sdk/src/rp2_common/pico_standard_link/binary_info.c.obj
 .ARM.attributes
                0x000000000000053a       0x2c CMakeFiles/kernel.dir/usr/share/pico-sdk/src/rp2_common/pico_stdio/stdio.c.obj
 .ARM.attributes
                0x0000000000000566       0x2c CMakeFiles/kernel.dir/usr/share/pico-sdk/src/rp2_common/pico_stdio_usb/reset_interface.c.obj
 .ARM.attributes
                0x0000000000000592       0x2c CMakeFiles/kernel.dir/usr/share/pico-sdk/src/rp2_common/pico_stdio_usb/stdio_usb.c.obj
 .ARM.attributes
                0x00000000000005be       0x2c CMakeFiles/kernel.dir/usr/share/pico-sdk/src/rp2_common/pico_stdio_usb/stdio_usb_descriptors.c.obj
 .ARM.attributes
                0x00000000000005ea       0x2c CMakeFiles/kernel.dir/usr/share/pico-sdk/lib/tinyusb/src/portable/raspberrypi/rp2040/dcd_rp2040.c.obj
 .ARM.attributes
                0x0000000000000616       0x2c CMakeFiles/kernel.dir/usr/share/pico-sdk/lib/tinyusb/src/portable/raspberrypi/rp2040/rp2040_usb.c.obj
 .ARM.attributes
                0x0000000000000642       0x2c CMakeFiles/kernel.dir/usr/share/pico-sdk/lib/tinyusb/src/device/usbd.c.obj
 .ARM.attributes
                0x000000000000066e       0x2c CMakeFiles/kernel.dir/usr/share/pico-sdk/lib/tinyusb/src/device/usbd_control.c.obj
 .ARM.attributes
                0x000000000000069a       0x2c CMakeFiles/kernel.dir/usr/share/pico-sdk/lib/tinyusb/src/class/cdc/cdc_device.c.obj
 .ARM.attributes
                0x00000000000006c6       0x2c CMakeFiles/kernel.dir/usr/share/pico-sdk/lib/tinyusb/src/tusb.c.obj
 .ARM.attributes
                0x00000000000006f2       0x2c CMakeFiles/kernel.dir/usr/share/pico-sdk/lib/tinyusb/src/common/tusb_fifo.c.obj
 .ARM.attributes
                0x000000000000071e       0x2c CMakeFiles/kernel.dir/usr/share/pico-sdk/src/rp2_common/pico_unique_id/unique_id.c.obj
 .ARM.attributes
                0x000000000000074a       0x2c CMakeFiles/kernel.dir/usr/share/pico-sdk/src/rp2_common/hardware_flash/flash.c.obj
 .ARM.attributes
                0x0000000000000776       0x22 /tmp/ccvG63tx.o
 .ARM.attributes
                0x0000000000000798       0x1e /usr/lib/gcc/arm-none-eabi/11.3.0/thumb/v6-m/nofp/libgcc.a(_dvmd_tls.o)
 .ARM.attributes
                0x00000000000007b6       0x2c /usr/lib/gcc/arm-none-eabi/11.3.0/../../../../arm-none-eabi/lib/thumb/v6-m/nofp/libc.a(lib_a-atexit.o)
 .ARM.attributes
                0x00000000000007e2       0x2c /usr/lib/gcc/arm-none-eabi/11.3.0/../../../../arm-none-eabi/lib/thumb/v6-m/nofp/libc.a(lib_a-fini.o)
 .ARM.attributes
                0x000000000000080e       0x2c /usr/lib/gcc/arm-none-eabi/11.3.0/../../../../arm-none-eabi/lib/thumb/v6-m/nofp/libc.a(lib_a-impure.o)
 .ARM.attributes
                0x000000000000083a       0x2c /usr/lib/gcc/arm-none-eabi/11.3.0/../../../../arm-none-eabi/lib/thumb/v6-m/nofp/libc.a(lib_a-strlen-stub.o)
 .ARM.attributes
                0x0000000000000866       0x2c /usr/lib/gcc/arm-none-eabi/11.3.0/../../../../arm-none-eabi/lib/thumb/v6-m/nofp/libc.a(lib_a-__atexit.o)
 .ARM.attributes
                0x0000000000000892       0x2c /usr/lib/gcc/arm-none-eabi/11.3.0/../../../../arm-none-eabi/lib/thumb/v6-m/nofp/libc.a(lib_a-__call_atexit.o)
 .ARM.attributes
                0x00000000000008be       0x2c /usr/lib/gcc/arm-none-eabi/11.3.0/../../../../arm-none-eabi/lib/thumb/v6-m/nofp/libc.a(lib_a-lock.o)

.comment        0x0000000000000000       0x3c
 .comment       0x0000000000000000       0x1e CMakeFiles/kernel.dir/kernel.c.obj
                                         0x1f (size before relaxing)
 .comment       0x000000000000001e       0x1f CMakeFiles/kernel.dir/usr/share/pico-sdk/src/rp2_common/hardware_claim/claim.c.obj
 .comment       0x000000000000001e       0x1f CMakeFiles/kernel.dir/usr/share/pico-sdk/src/rp2_common/pico_platform/platform.c.obj
 .comment       0x000000000000001e       0x1f CMakeFiles/kernel.dir/usr/share/pico-sdk/src/rp2_common/hardware_sync/sync.c.obj
 .comment       0x000000000000001e       0x1f CMakeFiles/kernel.dir/usr/share/pico-sdk/src/common/pico_time/time.c.obj
 .comment       0x000000000000001e       0x1f CMakeFiles/kernel.dir/usr/share/pico-sdk/src/rp2_common/hardware_timer/timer.c.obj
 .comment       0x000000000000001e       0x1f CMakeFiles/kernel.dir/usr/share/pico-sdk/src/common/pico_sync/lock_core.c.obj
 .comment       0x000000000000001e       0x1f CMakeFiles/kernel.dir/usr/share/pico-sdk/src/common/pico_sync/mutex.c.obj
 .comment       0x000000000000001e       0x1f CMakeFiles/kernel.dir/usr/share/pico-sdk/src/common/pico_sync/critical_section.c.obj
 .comment       0x000000000000001e       0x1f CMakeFiles/kernel.dir/usr/share/pico-sdk/src/common/pico_util/pheap.c.obj
 .comment       0x000000000000001e       0x1f CMakeFiles/kernel.dir/usr/share/pico-sdk/src/rp2_common/pico_runtime/runtime.c.obj
 .comment       0x000000000000001e       0x1f CMakeFiles/kernel.dir/usr/share/pico-sdk/src/rp2_common/hardware_clocks/clocks.c.obj
 .comment       0x000000000000001e       0x1f CMakeFiles/kernel.dir/usr/share/pico-sdk/src/rp2_common/hardware_irq/irq.c.obj
 .comment       0x000000000000001e       0x1f CMakeFiles/kernel.dir/usr/share/pico-sdk/src/rp2_common/hardware_pll/pll.c.obj
 .comment       0x000000000000001e       0x1f CMakeFiles/kernel.dir/usr/share/pico-sdk/src/rp2_common/hardware_watchdog/watchdog.c.obj
 .comment       0x000000000000001e       0x1f CMakeFiles/kernel.dir/usr/share/pico-sdk/src/rp2_common/hardware_xosc/xosc.c.obj
 .comment       0x000000000000001e       0x1f CMakeFiles/kernel.dir/usr/share/pico-sdk/src/rp2_common/pico_printf/printf.c.obj
 .comment       0x000000000000001e       0x1f CMakeFiles/kernel.dir/usr/share/pico-sdk/src/rp2_common/pico_bootrom/bootrom.c.obj
 .comment       0x000000000000001e       0x1f CMakeFiles/kernel.dir/usr/share/pico-sdk/src/rp2_common/pico_double/double_init_rom.c.obj
 .comment       0x000000000000001e       0x1f CMakeFiles/kernel.dir/usr/share/pico-sdk/src/rp2_common/pico_float/float_init_rom.c.obj
 .comment       0x000000000000001e       0x1f CMakeFiles/kernel.dir/usr/share/pico-sdk/src/rp2_common/pico_standard_link/binary_info.c.obj
 .comment       0x000000000000001e       0x1f CMakeFiles/kernel.dir/usr/share/pico-sdk/src/rp2_common/pico_stdio/stdio.c.obj
 .comment       0x000000000000001e       0x1f CMakeFiles/kernel.dir/usr/share/pico-sdk/src/rp2_common/pico_stdio_usb/reset_interface.c.obj
 .comment       0x000000000000001e       0x1f CMakeFiles/kernel.dir/usr/share/pico-sdk/src/rp2_common/pico_stdio_usb/stdio_usb.c.obj
 .comment       0x000000000000001e       0x1f CMakeFiles/kernel.dir/usr/share/pico-sdk/src/rp2_common/pico_stdio_usb/stdio_usb_descriptors.c.obj
 .comment       0x000000000000001e       0x1f CMakeFiles/kernel.dir/usr/share/pico-sdk/lib/tinyusb/src/portable/raspberrypi/rp2040/dcd_rp2040.c.obj
 .comment       0x000000000000001e       0x1f CMakeFiles/kernel.dir/usr/share/pico-sdk/lib/tinyusb/src/portable/raspberrypi/rp2040/rp2040_usb.c.obj
 .comment       0x000000000000001e       0x1f CMakeFiles/kernel.dir/usr/share/pico-sdk/lib/tinyusb/src/device/usbd.c.obj
 .comment       0x000000000000001e       0x1f CMakeFiles/kernel.dir/usr/share/pico-sdk/lib/tinyusb/src/device/usbd_control.c.obj
 .comment       0x000000000000001e       0x1f CMakeFiles/kernel.dir/usr/share/pico-sdk/lib/tinyusb/src/class/cdc/cdc_device.c.obj
 .comment       0x000000000000001e       0x1f CMakeFiles/kernel.dir/usr/share/pico-sdk/lib/tinyusb/src/tusb.c.obj
 .comment       0x000000000000001e       0x1f CMakeFiles/kernel.dir/usr/share/pico-sdk/lib/tinyusb/src/common/tusb_fifo.c.obj
 .comment       0x000000000000001e       0x1f CMakeFiles/kernel.dir/usr/share/pico-sdk/src/rp2_common/pico_unique_id/unique_id.c.obj
 .comment       0x000000000000001e       0x1f CMakeFiles/kernel.dir/usr/share/pico-sdk/src/rp2_common/hardware_flash/flash.c.obj